{"compatible": true, "completed_case": "original_yhalf_mminus7", "scope": "EPSTEIN_UNFOLDING_AUX_ONLY", "tolerance_satisfied": true}
{"compatible": true, "completed_case": "original_yhalf_mminus2", "scope": "EPSTEIN_UNFOLDING_AUX_ONLY", "tolerance_satisfied": true}
{"compatible": true, "completed_case": "original_yhalf_mminus1", "scope": "EPSTEIN_UNFOLDING_AUX_ONLY", "tolerance_satisfied": true}
{"compatible": true, "completed_case": "original_yhalf_m1", "scope": "EPSTEIN_UNFOLDING_AUX_ONLY", "tolerance_satisfied": true}
{"compatible": true, "completed_case": "original_yhalf_m2", "scope": "EPSTEIN_UNFOLDING_AUX_ONLY", "tolerance_satisfied": true}
{"compatible": true, "completed_case": "original_yhalf_m7", "scope": "EPSTEIN_UNFOLDING_AUX_ONLY", "tolerance_satisfied": true}
{"compatible": true, "completed_case": "original_y1_mminus7", "scope": "EPSTEIN_UNFOLDING_AUX_ONLY", "tolerance_satisfied": true}
{"compatible": true, "completed_case": "original_y1_mminus2", "scope": "EPSTEIN_UNFOLDING_AUX_ONLY", "tolerance_satisfied": true}
{"compatible": true, "completed_case": "original_y1_mminus1", "scope": "EPSTEIN_UNFOLDING_AUX_ONLY", "tolerance_satisfied": true}
{"compatible": true, "completed_case": "original_y1_m1", "scope": "EPSTEIN_UNFOLDING_AUX_ONLY", "tolerance_satisfied": true}
{"compatible": true, "completed_case": "original_y1_m2", "scope": "EPSTEIN_UNFOLDING_AUX_ONLY", "tolerance_satisfied": true}
{"compatible": true, "completed_case": "original_y1_m7", "scope": "EPSTEIN_UNFOLDING_AUX_ONLY", "tolerance_satisfied": true}
{"compatible": true, "completed_case": "original_y2_mminus7", "scope": "EPSTEIN_UNFOLDING_AUX_ONLY", "tolerance_satisfied": true}
{"compatible": true, "completed_case": "original_y2_mminus2", "scope": "EPSTEIN_UNFOLDING_AUX_ONLY", "tolerance_satisfied": true}
{"compatible": true, "completed_case": "original_y2_mminus1", "scope": "EPSTEIN_UNFOLDING_AUX_ONLY", "tolerance_satisfied": true}
{"compatible": true, "completed_case": "original_y2_m1", "scope": "EPSTEIN_UNFOLDING_AUX_ONLY", "tolerance_satisfied": true}
{"compatible": true, "completed_case": "original_y2_m2", "scope": "EPSTEIN_UNFOLDING_AUX_ONLY", "tolerance_satisfied": true}
{"compatible": true, "completed_case": "original_y2_m7", "scope": "EPSTEIN_UNFOLDING_AUX_ONLY", "tolerance_satisfied": true}
{"compatible": true, "completed_case": "scale_Y_mminus7", "scope": "EPSTEIN_UNFOLDING_AUX_ONLY", "tolerance_satisfied": true}
{"compatible": true, "completed_case": "scale_Y_mminus2", "scope": "EPSTEIN_UNFOLDING_AUX_ONLY", "tolerance_satisfied": true}
{"compatible": true, "completed_case": "scale_Y_mminus1", "scope": "EPSTEIN_UNFOLDING_AUX_ONLY", "tolerance_satisfied": true}
{"compatible": true, "completed_case": "scale_Y_m1", "scope": "EPSTEIN_UNFOLDING_AUX_ONLY", "tolerance_satisfied": true}
{"compatible": true, "completed_case": "scale_Y_m2", "scope": "EPSTEIN_UNFOLDING_AUX_ONLY", "tolerance_satisfied": true}
{"compatible": true, "completed_case": "scale_Y_m7", "scope": "EPSTEIN_UNFOLDING_AUX_ONLY", "tolerance_satisfied": true}
{"scope": "EPSTEIN_UNFOLDING_AUX_ONLY", "status": "EPSTEIN_UNFOLDING_AUX_PASS"}
