'GoldbachConcreteNTTRoots22.bankRoot' depends on axioms: [propext, Quot.sound]
'GoldbachConcreteNTTRoots22.primitive_of_whole_and_half' depends on axioms: [propext, Classical.choice, Quot.sound]
'GoldbachConcreteNTTRoots22.prime_divisor_two_power_mul_prime' depends on axioms: [propext,
 Classical.choice,
 Quot.sound]
'GoldbachConcreteNTTRoots22.prime_2013265921' depends on axioms: [propext, Classical.choice, Quot.sound]
'GoldbachConcreteNTTRoots22.prime_2281701377' depends on axioms: [propext, Classical.choice, Quot.sound]
'GoldbachConcreteNTTRoots22.prime_3221225473' depends on axioms: [propext, Classical.choice, Quot.sound]
'GoldbachConcreteNTTRoots22.prime_3489660929' depends on axioms: [propext, Classical.choice, Quot.sound]
'GoldbachConcreteNTTRoots22.prime_3892314113' depends on axioms: [propext, Classical.choice, Quot.sound]
'GoldbachConcreteNTTRoots22.primitive_2013265921' depends on axioms: [propext, Classical.choice, Quot.sound]
'GoldbachConcreteNTTRoots22.primitive_2281701377' depends on axioms: [propext, Classical.choice, Quot.sound]
'GoldbachConcreteNTTRoots22.primitive_3221225473' depends on axioms: [propext, Classical.choice, Quot.sound]
'GoldbachConcreteNTTRoots22.primitive_3489660929' depends on axioms: [propext, Classical.choice, Quot.sound]
'GoldbachConcreteNTTRoots22.primitive_3892314113' depends on axioms: [propext, Classical.choice, Quot.sound]
'GoldbachConcreteNTTRoots22.size_2013265921' depends on axioms: [propext, Classical.choice, Quot.sound]
'GoldbachConcreteNTTRoots22.size_2281701377' depends on axioms: [propext, Classical.choice, Quot.sound]
'GoldbachConcreteNTTRoots22.size_3221225473' depends on axioms: [propext, Classical.choice, Quot.sound]
'GoldbachConcreteNTTRoots22.size_3489660929' depends on axioms: [propext, Classical.choice, Quot.sound]
'GoldbachConcreteNTTRoots22.size_3892314113' depends on axioms: [propext, Classical.choice, Quot.sound]
