D:\Users\Utilisateur\Desktop\Maths\Goldbach_Parity_20261002\round22\judge5\batch12\sources\ThermalProjectionIdentity22.lean:43:2: error: unsolved goals
case neg
k : ℤ
hk : ¬k = 0
hkC : ↑k ≠ 0
hc : ↑k * Complex.I ≠ 0
hperiod : Complex.exp (↑k * Complex.I * ↑(2 * Real.pi)) = 1
⊢ Complex.exp (↑k * Complex.I * (2 * ↑Real.pi)) - 1 = 0
D:\Users\Utilisateur\Desktop\Maths\Goldbach_Parity_20261002\round22\judge5\batch12\sources\ThermalProjectionIdentity22.lean:127:51: warning: Used `tac1 <;> tac2` where `(tac1; tac2)` would suffice
note: this linter can be disabled with `set_option linter.unnecessarySeqFocus false`
D:\Users\Utilisateur\Desktop\Maths\Goldbach_Parity_20261002\round22\judge5\batch12\sources\ThermalProjectionIdentity22.lean:201:12: warning: Used `tac1 <;> tac2` where `(tac1; tac2)` would suffice
note: this linter can be disabled with `set_option linter.unnecessarySeqFocus false`
D:\Users\Utilisateur\Desktop\Maths\Goldbach_Parity_20261002\round22\judge5\batch12\sources\ThermalProjectionIdentity22.lean:209:54: warning: Used `tac1 <;> tac2` where `(tac1; tac2)` would suffice
note: this linter can be disabled with `set_option linter.unnecessarySeqFocus false`
'GoldbachContinuous22.signedCircleCharacter' depends on axioms: [propext, Classical.choice, Quot.sound]
'GoldbachContinuous22.projectionAdditiveCoefficient' depends on axioms: [propext, Classical.choice, Quot.sound]
'GoldbachContinuous22.signedCircleCharacter_continuous' depends on axioms: [propext, Classical.choice, Quot.sound]
'GoldbachContinuous22.integral_signedCircleCharacter' depends on axioms: [propext,
 sorryAx,
 Classical.choice,
 Quot.sound]
'GoldbachContinuous22.star_projectionHeatTerm_neg' depends on axioms: [propext, Classical.choice, Quot.sound]
'GoldbachContinuous22.projection_pair_character' depends on axioms: [propext, Classical.choice, Quot.sound]
'GoldbachContinuous22.projection_pair_integral' depends on axioms: [propext, sorryAx, Classical.choice, Quot.sound]
'GoldbachContinuous22.projection_normalizer_cancel' depends on axioms: [propext, Classical.choice, Quot.sound]
'GoldbachContinuous22.normalized_projection_pair_integral' depends on axioms: [propext,
 sorryAx,
 Classical.choice,
 Quot.sound]
'GoldbachContinuous22.projectionPartialCorrelation_expansion' depends on axioms: [propext, Classical.choice, Quot.sound]
'GoldbachContinuous22.projection_rectangle_filter_eq_antidiagonal' depends on axioms: [propext,
 Classical.choice,
 Quot.sound]
'GoldbachContinuous22.thermalPartialProjection_eq_finite_coefficient' depends on axioms: [propext,
 sorryAx,
 Classical.choice,
 Quot.sound]
'GoldbachContinuous22.thermalPartialProjection_eq_coefficient' depends on axioms: [propext,
 sorryAx,
 Classical.choice,
 Quot.sound]
'GoldbachContinuous22.projectionAdditiveCoefficient_eq_sum' depends on axioms: [propext, Classical.choice, Quot.sound]
'GoldbachContinuous22.projectionTailEnvelope_tendsto_zero' depends on axioms: [propext, Classical.choice, Quot.sound]
'GoldbachContinuous22.projectionHeatPartial_converges_uniformly' depends on axioms: [propext,
 Classical.choice,
 Quot.sound]
'GoldbachContinuous22.projectionErrorEnvelope_tendsto_zero' depends on axioms: [propext, Classical.choice, Quot.sound]
'GoldbachContinuous22.thermalProjection_difference_tendsto_zero' depends on axioms: [propext,
 Classical.choice,
 Quot.sound]
'GoldbachContinuous22.thermalContinuousProjection_eq_coefficient' depends on axioms: [propext,
 sorryAx,
 Classical.choice,
 Quot.sound]
'GoldbachContinuous22.thermalContinuousProjection_eq_vonMangoldt_sum' depends on axioms: [propext,
 sorryAx,
 Classical.choice,
 Quot.sound]
