{
  "U_upper": {
    "denominator": "1",
    "numerator": "10000000000000000"
  },
  "closed_radius_upper": {
    "denominator": "7785510030969870551074209944426904202023327326841587804488695881338476666652216745535095949390883965664670055999632700951185379995859690417696181070166091640220781723909760534339690846689789933186695353562507685371838736639920459063945939097736535306634173452951144855448212383370085500917597853097703036531391491283808796174276670828386415172360770680525068672592103683645681859114494669470978695815530184819401301768648433390440382745618779149650825442557409935355626021287226363887580486266914169640763013750382891862258725053215775734700379331634623125764263616504776905227649",
    "numerator": "15650531384100352574515984534960805019083086777259809891981516552796816593369866011413108479450818096428318221639345335846863461499848096005076946347061799721350379409995332773081654731072214088291349484620731301927902669286295440682471800007140318894300892548401239384280201119943827625091282358801380203593672509349002014273053751267754165985361881474175516630295459732738726887990916415147865121538043139797855634986551992260715321786227899324469204136278066642431255444379740677859263346579661738524676048929953096799522652160000000000000000000000000000000000000000"
  },
  "comparison_status": "RATIONAL_UPPER_BOUND_LT_TAU",
  "conditional_real_inputs": [
    "U(1/N) <= N^2",
    "d(1/N) >= 1/(8N)",
    "pi > 3",
    "exp(1) < 3",
    "Positive exponential Taylor series and exp(-250)=exp(-125)^2"
  ],
  "epsilon_upper": {
    "denominator": "88235537233984531064425035272285019765815030176257098863058908007883557383622335811655473397422874473839992876063624507328737134055723676290547282876020152194669796955708549038427782096446008992620449743723916204603186669484901824350728316227555351079469109050008276905642782883854943614657",
    "numerator": "2956203338381677491004655692291108315399711600511289632547074387021391724761802235838579514637473234606911005229558028285093750769137585078572751620114344929931904495479305295011096755573173152911704155189016394655512703368850382990082048000000000000000000000000"
  },
  "fixed_degree_witness": {
    "S150_at_125_ge_block_product": true,
    "S150_at_125_gt_10_power_50": true,
    "S6_at_5": {
      "denominator": "144",
      "numerator": "16289"
    },
    "S6_at_5_gt_100": true,
    "S6_at_5_power_25": {
      "denominator": "910043815000214977332758527534256632492715260325658624",
      "numerator": "1983172915278436667616575701452309599577639007171066966159536475069279515290089763435734941092521716377249"
    }
  },
  "limits": {
    "C_N_evaluated": false,
    "D_N_evaluated": false,
    "D_truncation_error_paid": false,
    "WIN_established": false,
    "closed_radius_itself_evaluated": false,
    "coefficient_identity_tested": false,
    "inner_or_outer_quadrature_error_paid": false,
    "kernel_or_node_or_weight_error_paid": false,
    "prime_powers_removed": false,
    "real_inputs_machine_verified_in_Lean": false,
    "upstream_Lean_elaboration_established": false
  },
  "parameters": {
    "H": 100000000000,
    "H_over_8N": {
      "denominator": "1",
      "numerator": "125"
    },
    "N": 100000000,
    "a": {
      "denominator": "100000000",
      "numerator": "1"
    },
    "d_lower": {
      "denominator": "800000000",
      "numerator": "1"
    },
    "tau": {
      "denominator": "1000000",
      "numerator": "1"
    },
    "taylor_degree": 150
  },
  "positive_taylor_sum_lower_for_exp_125": {
    "denominator": "46190677162213710796947745192048567428120493757988900508548037297209245699403159934977804916210519290732984456711844191954589855767774766852699244064286639530186007741864145234548386805830830514245377424828381166492385990138287234220032",
    "numerator": "88235537233984531064425035272285019765815030176257098863058908007883557383622335811655473397422874473839992876063624507328737134055723676290547282876020152194669796955708549038427782096446008992620449743723916204603186669484901824350728316227555351079469109050008276905642782883854943614657"
  },
  "schema": "ROUND22_EXACT_SCALAR_RADIUS_BOUND_OUTPUT",
  "scope": "NUMERIC_RADIUS_BOUND_ONLY_NOT_IDENTITY_OR_LEAN_PROOF",
  "strict_comparison_integer_witness": {
    "left_lt_right": true,
    "left_radius_numerator_times_tau_denominator": "15650531384100352574515984534960805019083086777259809891981516552796816593369866011413108479450818096428318221639345335846863461499848096005076946347061799721350379409995332773081654731072214088291349484620731301927902669286295440682471800007140318894300892548401239384280201119943827625091282358801380203593672509349002014273053751267754165985361881474175516630295459732738726887990916415147865121538043139797855634986551992260715321786227899324469204136278066642431255444379740677859263346579661738524676048929953096799522652160000000000000000000000000000000000000000000000",
    "right_tau_numerator_times_radius_denominator": "7785510030969870551074209944426904202023327326841587804488695881338476666652216745535095949390883965664670055999632700951185379995859690417696181070166091640220781723909760534339690846689789933186695353562507685371838736639920459063945939097736535306634173452951144855448212383370085500917597853097703036531391491283808796174276670828386415172360770680525068672592103683645681859114494669470978695815530184819401301768648433390440382745618779149650825442557409935355626021287226363887580486266914169640763013750382891862258725053215775734700379331634623125764263616504776905227649"
  },
  "upper_for_exp_minus_125": {
    "denominator": "88235537233984531064425035272285019765815030176257098863058908007883557383622335811655473397422874473839992876063624507328737134055723676290547282876020152194669796955708549038427782096446008992620449743723916204603186669484901824350728316227555351079469109050008276905642782883854943614657",
    "numerator": "46190677162213710796947745192048567428120493757988900508548037297209245699403159934977804916210519290732984456711844191954589855767774766852699244064286639530186007741864145234548386805830830514245377424828381166492385990138287234220032"
  },
  "upper_for_exp_minus_250": {
    "denominator": "7785510030969870551074209944426904202023327326841587804488695881338476666652216745535095949390883965664670055999632700951185379995859690417696181070166091640220781723909760534339690846689789933186695353562507685371838736639920459063945939097736535306634173452951144855448212383370085500917597853097703036531391491283808796174276670828386415172360770680525068672592103683645681859114494669470978695815530184819401301768648433390440382745618779149650825442557409935355626021287226363887580486266914169640763013750382891862258725053215775734700379331634623125764263616504776905227649",
    "numerator": "2133578656703851267099739738604238175369498700603100706506206068808622058455916250177527352465617288787678075276648368591280858588876871865934456883845698423976943094947937063548787290328433507598894529216447319062142952864483140714238270561125125245226441524568875255051297949129571376719618572066588855496776412381579666460883396943950467076007261564417724396628962060275847964237375194033871800506367518027629195475785919430969926651807910905332027451585989391390081024"
  },
  "upstream_source_sha256": "bf9b8257760a20d33dd21714221401cd8fd327596f72e56c4d024200b2cb6c4c",
  "upstream_source_status": "SOURCE34DECL_NO_PASS_CREDIT_FROM_THIS_TOOL"
}
