'GoldbachResearch.AffineHHObstruction.common_zero_of_nonzero_determinant' depends on axioms: [propext,
 Classical.choice,
 Quot.sound]
'GoldbachResearch.AffineHHObstruction.cross_branch_determinant_zero' depends on axioms: [propext,
 Classical.choice,
 Quot.sound]
'GoldbachResearch.AffineHHObstruction.rational_affine_obstruction' depends on axioms: [propext,
 Classical.choice,
 Quot.sound]
'GoldbachResearch.AffineHHObstruction.real_affine_obstruction' depends on axioms: [propext,
 Classical.choice,
 Quot.sound]
'GoldbachResearch.AffineHHObstruction.independent_cross_forms_cannot_have_constant_nonzero_sum' depends on axioms: [propext,
 Classical.choice,
 Quot.sound]
'GoldbachResearch.AffineHHObstruction.zero_factor_allows_two_same_branch_directions' depends on axioms: [propext,
 Classical.choice,
 Quot.sound]
'GoldbachResearch.AffineHHObstruction.exact_mixed_product_difference' depends on axioms: [propext,
 Classical.choice,
 Quot.sound]
'GoldbachResearch.AffineHHObstruction.concrete_positive_tuple' depends on axioms: [propext,
 Classical.choice,
 Quot.sound]
'GoldbachResearch.AffineHHObstruction.concrete_mixed_level_displacement' depends on axioms: [propext,
 Classical.choice,
 Quot.sound]
