D:\Users\Utilisateur\Desktop\Maths\Goldbach_Parity_20261002\round20\role3\OddBonferroniArithmetic.lean:145:65: error: unsolved goals
N t p K v h : ℕ
hh : h ∈ (sievePrimorial N t p).divisors
⊢ (if h ∣ v ∧ #h.primeFactors ≤ 2 * K + 1 then ArithmeticFunction.moebius h else 0) =
    if h ∣ v then if #h.primeFactors ≤ 2 * K + 1 then ArithmeticFunction.moebius h else 0 else 0
D:\Users\Utilisateur\Desktop\Maths\Goldbach_Parity_20261002\round20\role3\OddBonferroniArithmetic.lean:170:6: error: tactic 'rewrite' failed, did not find instance of the pattern in the target expression
  ∑ m ∈ powerset ?x, ?f #m
s : Finset ℕ
m : ℕ
⊢ (∑ u ∈ s.powerset, if #u ≤ m then (-1) ^ #u else 0) = ∑ i ∈ range (m + 1), (-1) ^ i * ↑((#s).choose i)
'GoldbachRound20.SwitchedComposite.smallSievePrimes' depends on axioms: [propext, Classical.choice, Quot.sound]
'GoldbachRound20.SwitchedComposite.primeProduct' depends on axioms: [propext, Quot.sound]
'GoldbachRound20.SwitchedComposite.sievePrimorial' depends on axioms: [propext, Classical.choice, Quot.sound]
'GoldbachRound20.SwitchedComposite.metSievePrimes' depends on axioms: [propext, Classical.choice, Quot.sound]
'GoldbachRound20.SwitchedComposite.roughIndicator' depends on axioms: [propext, Classical.choice, Quot.sound]
'GoldbachRound20.SwitchedComposite.oddBonferroniWeight' depends on axioms: [propext, Classical.choice, Quot.sound]
'GoldbachRound20.SwitchedComposite.sieveDivisorCatalogue' depends on axioms: [propext, Classical.choice, Quot.sound]
'GoldbachRound20.SwitchedComposite.arithmeticBonferroniXi' depends on axioms: [propext, Classical.choice, Quot.sound]
'GoldbachRound20.SwitchedComposite.mem_smallSievePrimes' depends on axioms: [propext, Classical.choice, Quot.sound]
'GoldbachRound20.SwitchedComposite.mem_metSievePrimes' depends on axioms: [propext, Classical.choice, Quot.sound]
'GoldbachRound20.SwitchedComposite.metSievePrimes_subset' depends on axioms: [propext, Classical.choice, Quot.sound]
'GoldbachRound20.SwitchedComposite.product_dvd_iff' depends on axioms: [propext, Classical.choice, Quot.sound]
'GoldbachRound20.SwitchedComposite.moebius_primeProduct' depends on axioms: [propext, Classical.choice, Quot.sound]
'GoldbachRound20.SwitchedComposite.primeProduct_injective' depends on axioms: [propext, Classical.choice, Quot.sound]
'GoldbachRound20.SwitchedComposite.primeProduct_squarefree_arithmetic' depends on axioms: [propext,
 Classical.choice,
 Quot.sound]
'GoldbachRound20.SwitchedComposite.sievePrimorial_squarefree' depends on axioms: [propext, Classical.choice, Quot.sound]
'GoldbachRound20.SwitchedComposite.sieveDivisorCatalogue_eq_divisors' depends on axioms: [propext,
 Classical.choice,
 Quot.sound]
'GoldbachRound20.SwitchedComposite.oddBonferroni_divisor_formula' depends on axioms: [propext,
 Classical.choice,
 Quot.sound]
'GoldbachRound20.SwitchedComposite.oddBonferroni_actualXi_formula' depends on axioms: [propext,
 sorryAx,
 Classical.choice,
 Quot.sound]
'GoldbachRound20.SwitchedComposite.truncated_alternating_choose' depends on axioms: [propext,
 Classical.choice,
 Quot.sound]
'GoldbachRound20.SwitchedComposite.truncated_choose_zero' depends on axioms: [propext, Classical.choice, Quot.sound]
'GoldbachRound20.SwitchedComposite.card_filtered_powerset_sum' depends on axioms: [propext,
 sorryAx,
 Classical.choice,
 Quot.sound]
'GoldbachRound20.SwitchedComposite.oddBonferroni_eq_met_powerset' depends on axioms: [propext,
 Classical.choice,
 Quot.sound]
'GoldbachRound20.SwitchedComposite.oddBonferroni_eq_binomial' depends on axioms: [propext,
 sorryAx,
 Classical.choice,
 Quot.sound]
'GoldbachRound20.SwitchedComposite.oddBonferroni_le_roughIndicator' depends on axioms: [propext,
 sorryAx,
 Classical.choice,
 Quot.sound]
'GoldbachRound20.SwitchedComposite.oddBonferroni_slack_nonneg' depends on axioms: [propext,
 sorryAx,
 Classical.choice,
 Quot.sound]
