D:\Users\Utilisateur\Desktop\Maths\Goldbach_Parity_20261002\round20\role3\SwitchedIncidenceEstimator.lean:72:8: error: tactic 'apply' failed, failed to unify
  False
with
  roughIndicator N t j.minFac (j / j.minFac) = 0
case pos.h₁
N t j P : ℕ
hj : 2 ≤ j
hu : j.Coprime (t * N)
hprime : ¬Nat.Prime j
hcomp : compositeLeastFactor j
hcut : j.minFac ≤ P
hn : j.minFac ∉ compositeCellPrimes j P
⊢ roughIndicator N t j.minFac (j / j.minFac) = 0
D:\Users\Utilisateur\Desktop\Maths\Goldbach_Parity_20261002\round20\role3\SwitchedIncidenceEstimator.lean:251:24: error: invalid constructor ⟨...⟩, expected type must be an inductive type 
  ?m.47816
D:\Users\Utilisateur\Desktop\Maths\Goldbach_Parity_20261002\round20\role3\SwitchedIncidenceEstimator.lean:251:6: error: simp made no progress
D:\Users\Utilisateur\Desktop\Maths\Goldbach_Parity_20261002\round20\role3\SwitchedIncidenceEstimator.lean:272:6: error: simp made no progress
D:\Users\Utilisateur\Desktop\Maths\Goldbach_Parity_20261002\round20\role3\SwitchedIncidenceEstimator.lean:281:4: error: simp made no progress
'GoldbachRound20.SwitchedComposite.compositeCellPrimes' depends on axioms: [propext, Classical.choice, Quot.sound]
'GoldbachRound20.SwitchedComposite.lowCompositeMask' depends on axioms: [propext, Classical.choice, Quot.sound]
'GoldbachRound20.SwitchedComposite.lowerCompositeCoefficient' depends on axioms: [propext, Classical.choice, Quot.sound]
'GoldbachRound20.SwitchedComposite.roughCompositeCoefficient' depends on axioms: [propext, Classical.choice, Quot.sound]
'GoldbachRound20.SwitchedComposite.physicalLowCompositeMass' depends on axioms: [propext, Classical.choice, Quot.sound]
'GoldbachRound20.SwitchedComposite.physicalLargeCompositeMass' depends on axioms: [propext,
 Classical.choice,
 Quot.sound]
'GoldbachRound20.SwitchedComposite.physicalLowerCompositeMass' depends on axioms: [propext,
 Classical.choice,
 Quot.sound]
'GoldbachRound20.SwitchedComposite.physicalBonferroniSlack' depends on axioms: [propext, Classical.choice, Quot.sound]
'GoldbachRound20.SwitchedComposite.mem_compositeCellPrimes' depends on axioms: [propext, Classical.choice, Quot.sound]
'GoldbachRound20.SwitchedComposite.roughCompositeCoefficient_exact' depends on axioms: [propext,
 sorryAx,
 Classical.choice,
 Quot.sound]
'GoldbachRound20.SwitchedComposite.lowerCompositeCoefficient_le_mask' depends on axioms: [propext,
 sorryAx,
 Classical.choice,
 Quot.sound]
'GoldbachRound20.SwitchedComposite.physicalLowerCompositeMass_le_low' depends on axioms: [propext,
 sorryAx,
 Classical.choice,
 Quot.sound]
'GoldbachRound20.SwitchedComposite.physicalBonferroniSlack_nonneg' depends on axioms: [propext,
 sorryAx,
 Classical.choice,
 Quot.sound]
'GoldbachRound20.SwitchedComposite.physicalCompositeMass_partition' depends on axioms: [propext,
 Classical.choice,
 Quot.sound]
'GoldbachRound20.SwitchedComposite.physicalLargeCompositeMass_nonneg' depends on axioms: [propext,
 Classical.choice,
 Quot.sound]
'GoldbachRound20.SwitchedComposite.bonferroniComposite_exact_with_slack' depends on axioms: [propext,
 Classical.choice,
 Quot.sound]
'GoldbachRound20.SwitchedComposite.bonferroniCompositeUpper' depends on axioms: [propext,
 sorryAx,
 Classical.choice,
 Quot.sound]
'GoldbachRound20.SwitchedComposite.actualPrimeAP' depends on axioms: [propext, Classical.choice, Quot.sound]
'GoldbachRound20.SwitchedComposite.actualCompositeAP' depends on axioms: [propext, Classical.choice, Quot.sound]
'GoldbachRound20.SwitchedComposite.physicalSelbergMass_AP_expansion' depends on axioms: [propext,
 Classical.choice,
 Quot.sound]
'GoldbachRound20.SwitchedComposite.frameLower' does not depend on any axioms
'GoldbachRound20.SwitchedComposite.frameUpper' does not depend on any axioms
'GoldbachRound20.SwitchedComposite.frameInterval' depends on axioms: [propext, Classical.choice, Quot.sound]
'GoldbachRound20.SwitchedComposite.logarithmicAPIntegral' depends on axioms: [propext, Classical.choice, Quot.sound]
'GoldbachRound20.SwitchedComposite.compositeAPIntegral' depends on axioms: [propext, Classical.choice, Quot.sound]
'GoldbachRound20.SwitchedComposite.compatibleAPMain' depends on axioms: [propext, Classical.choice, Quot.sound]
'GoldbachRound20.SwitchedComposite.actualAPMain' depends on axioms: [propext, Classical.choice, Quot.sound]
'GoldbachRound20.SwitchedComposite.compositePrimeCatalogue' depends on axioms: [propext, Classical.choice, Quot.sound]
'GoldbachRound20.SwitchedComposite.compositeCells_catalogue_reindex' depends on axioms: [propext,
 Classical.choice,
 Quot.sound]
'GoldbachRound20.SwitchedComposite.lowerCompositeCoefficient_catalogue' depends on axioms: [propext,
 Classical.choice,
 Quot.sound]
'GoldbachRound20.SwitchedComposite.lowerCompositeWeight_literal_expansion' depends on axioms: [propext,
 sorryAx,
 Classical.choice,
 Quot.sound]
'GoldbachRound20.SwitchedComposite.physicalLowerCompositeMass_AP_expansion' depends on axioms: [propext,
 sorryAx,
 Classical.choice,
 Quot.sound]
'GoldbachRound20.SwitchedComposite.constructedSelbergMain' depends on axioms: [propext, Classical.choice, Quot.sound]
'GoldbachRound20.SwitchedComposite.constructedCompositeMain' depends on axioms: [propext, Classical.choice, Quot.sound]
'GoldbachRound20.SwitchedComposite.actualSelbergRemainder' depends on axioms: [propext, Classical.choice, Quot.sound]
'GoldbachRound20.SwitchedComposite.actualCompositeRemainder' depends on axioms: [propext, Classical.choice, Quot.sound]
'GoldbachRound20.SwitchedComposite.actualPrimeAP_nonunit_zero' depends on axioms: [propext,
 Classical.choice,
 Quot.sound]
'GoldbachRound20.SwitchedComposite.constructed_main_actual_remainder' depends on axioms: [propext,
 Classical.choice,
 Quot.sound]
'GoldbachRound20.SwitchedComposite.switchedIncidenceEstimator' depends on axioms: [propext,
 sorryAx,
 Classical.choice,
 Quot.sound]
'GoldbachRound20.SwitchedComposite.switchedIncidence_reference_price' depends on axioms: [propext,
 sorryAx,
 Classical.choice,
 Quot.sound]
