D:\Users\Utilisateur\Desktop\Maths\Goldbach_Parity_20261002\round20\role3\SwitchedSelbergWeight.lean:88:76: error: unsolved goals
N t z : ℕ
heven : Even N
s : Finset ℕ
hs : s ⊆ switchedPrimeSupport N t z
⊢ (↑(ArithmeticFunction.moebius (GoldbachRound17.Selberg.primeProduct s)) *
        ∑ r ∈ filter (fun r => s ⊆ r) (GoldbachRound17.Selberg.support (switchedPrimeSupport N t z) z),
          GoldbachRound17.Selberg.hprod totientDensity r) /
      (GoldbachRound17.Selberg.G (switchedPrimeSupport N t z) z totientDensity *
        GoldbachRound17.Selberg.gprod totientDensity s) =
    (↑(ArithmeticFunction.moebius (primeProduct s)) *
        ∑ r ∈ filter (fun r => s ⊆ r) (GoldbachRound17.Selberg.support (switchedPrimeSupport N t z) z),
          GoldbachRound17.Selberg.hprod totientDensity r) /
      (switchedG N t z * GoldbachRound17.Selberg.gprod totientDensity s)
D:\Users\Utilisateur\Desktop\Maths\Goldbach_Parity_20261002\round20\role3\SwitchedSelbergWeight.lean:96:2: error: unsolved goals
N t z j : ℕ
heven : Even N
hz : 1 ≤ z
hj : Nat.Prime j
hzj : z < j
⊢ primeProduct ∅ ∣ j
'GoldbachRound20.SwitchedComposite.switchedPrimeSupport' depends on axioms: [propext, Classical.choice, Quot.sound]
'GoldbachRound20.SwitchedComposite.totientDensity' depends on axioms: [propext, Classical.choice, Quot.sound]
'GoldbachRound20.SwitchedComposite.switchedG' depends on axioms: [propext, Classical.choice, Quot.sound]
'GoldbachRound20.SwitchedComposite.switchedLambda' depends on axioms: [propext, Classical.choice, Quot.sound]
'GoldbachRound20.SwitchedComposite.switchedDivisorSum' depends on axioms: [propext, Classical.choice, Quot.sound]
'GoldbachRound20.SwitchedComposite.switchedWeight' depends on axioms: [propext, Classical.choice, Quot.sound]
'GoldbachRound20.SwitchedComposite.switchedPrincipal' depends on axioms: [propext, Classical.choice, Quot.sound]
'GoldbachRound20.SwitchedComposite.mem_switchedPrimeSupport' depends on axioms: [propext, Classical.choice, Quot.sound]
'GoldbachRound20.SwitchedComposite.switchedSupport_prime' depends on axioms: [propext, Classical.choice, Quot.sound]
'GoldbachRound20.SwitchedComposite.switchedSupport_three_le' depends on axioms: [propext, Classical.choice, Quot.sound]
'GoldbachRound20.SwitchedComposite.totientDensity_properties' depends on axioms: [propext, Classical.choice, Quot.sound]
'GoldbachRound20.SwitchedComposite.switchedG_pos' depends on axioms: [propext, Classical.choice, Quot.sound]
'GoldbachRound20.SwitchedComposite.switchedLambda_empty' depends on axioms: [propext, Classical.choice, Quot.sound]
'GoldbachRound20.SwitchedComposite.switchedPrincipal_optimum' depends on axioms: [propext, Classical.choice, Quot.sound]
'GoldbachRound20.SwitchedComposite.switchedLambda_zero_large' depends on axioms: [propext, Classical.choice, Quot.sound]
'GoldbachRound20.SwitchedComposite.switchedLambda_moebius_formula' depends on axioms: [propext,
 sorryAx,
 Classical.choice,
 Quot.sound]
'GoldbachRound20.SwitchedComposite.switchedDivisorSum_prime' depends on axioms: [propext,
 sorryAx,
 Classical.choice,
 Quot.sound]
'GoldbachRound20.SwitchedComposite.switchedWeight_prime' depends on axioms: [propext,
 sorryAx,
 Classical.choice,
 Quot.sound]
'GoldbachRound20.SwitchedComposite.switchedWeight_nonneg' depends on axioms: [propext, Classical.choice, Quot.sound]
'GoldbachRound20.SwitchedComposite.switchedWeight_doubleExpansion' depends on axioms: [propext,
 Classical.choice,
 Quot.sound]
'GoldbachRound20.SwitchedComposite.canonical_p0_sieve_empty' depends on axioms: [propext, Classical.choice, Quot.sound]
'GoldbachRound20.SwitchedComposite.canonical_p0_Bonferroni' depends on axioms: [propext, Classical.choice, Quot.sound]
