D:\Users\Utilisateur\Desktop\Maths\Goldbach_Parity_20261002\round20\role3\CompositeAPConductor.lean:69:6: error: tactic 'rewrite' failed, did not find instance of the pattern in the target expression
  (p * primeProduct s).totient
case insert
p : ℕ
s : Finset ℕ
hp : p ∉ s
ih : (∀ p ∈ s, Nat.Prime p) → (primeProduct s).totient = ∏ p ∈ s, p.totient
hs : ∀ p_1 ∈ insert p s, Nat.Prime p_1
hpp : Nat.Prime p
hsp : ∀ l ∈ s, Nat.Prime l
⊢ (p * ∏ x ∈ s, x).totient = ∏ p ∈ insert p s, p.totient
D:\Users\Utilisateur\Desktop\Maths\Goldbach_Parity_20261002\round20\role3\CompositeAPConductor.lean:108:4: error: type mismatch
  GoldbachRound19.RankCalibration.remaining_face_modulus_iff hSF (Nat.Prime.ne_zero hp)
has type
  k.lcm l ∣ p * ?m.13395 ↔ GoldbachRound19.RankCalibration.remainingModulus (k.lcm l) p ∣ ?m.13395 : Prop
but is expected to have type
  k.lcm l ∣ p * (j / p) ↔ k.lcm l / (k.lcm l).gcd p ∣ p * (j / p) / p : Prop
D:\Users\Utilisateur\Desktop\Maths\Goldbach_Parity_20261002\round20\role3\CompositeAPConductor.lean:111:4: error: type mismatch
  Nat.mul_dvd_mul_iff_left (Nat.Prime.pos hp)
has type
  p * ?m.13530 ∣ p * ?m.13531 ↔ ?m.13530 ∣ ?m.13531 : Prop
but is expected to have type
  p * H ∣ p * (j / p) ↔ H ∣ p * (j / p) / p : Prop
'GoldbachRound20.SwitchedComposite.compositeAPConductor' depends on axioms: [propext]
'GoldbachRound20.SwitchedComposite.physicalCompositeWindow' depends on axioms: [propext, Classical.choice, Quot.sound]
'GoldbachRound20.SwitchedComposite.prime_coprime_primeProduct' depends on axioms: [propext,
 Classical.choice,
 Quot.sound]
'GoldbachRound20.SwitchedComposite.primeProduct_squarefree' depends on axioms: [propext, Classical.choice, Quot.sound]
'GoldbachRound20.SwitchedComposite.primeProduct_lcm' depends on axioms: [propext, Classical.choice, Quot.sound]
'GoldbachRound20.SwitchedComposite.totient_primeProduct' depends on axioms: [propext,
 sorryAx,
 Classical.choice,
 Quot.sound]
'GoldbachRound20.SwitchedComposite.totient_product_kernel' depends on axioms: [propext,
 sorryAx,
 Classical.choice,
 Quot.sound]
'GoldbachRound20.SwitchedComposite.switchedPrincipal_totient_lcm' depends on axioms: [propext,
 sorryAx,
 Classical.choice,
 Quot.sound]
'GoldbachRound20.SwitchedComposite.composite_conductor_dvd_iff' depends on axioms: [propext, sorryAx]
'GoldbachRound20.SwitchedComposite.arithmetic_subset_conductor_dvd_iff' depends on axioms: [propext,
 sorryAx,
 Classical.choice,
 Quot.sound]
'GoldbachRound20.SwitchedComposite.arithmetic_subset_conductor_full_iff' depends on axioms: [propext,
 sorryAx,
 Classical.choice,
 Quot.sound]
'GoldbachRound20.SwitchedComposite.physical_candidate_AP_iff' depends on axioms: [propext, Classical.choice, Quot.sound]
'GoldbachRound20.SwitchedComposite.physical_nonunit_conductor_zero' depends on axioms: [propext,
 Classical.choice,
 Quot.sound]
'GoldbachRound20.SwitchedComposite.physical_nonunit_AP_impossible' depends on axioms: [propext,
 Classical.choice,
 Quot.sound]
'GoldbachRound20.SwitchedComposite.physicalCompositeWindow_cap' depends on axioms: [propext,
 Classical.choice,
 Quot.sound]
'GoldbachRound20.SwitchedComposite.canonical_p0_totient_factor' depends on axioms: [propext,
 Classical.choice,
 Quot.sound]
'GoldbachRound20.SwitchedComposite.canonical_p0_dividing_t_empty' depends on axioms: [propext,
 Classical.choice,
 Quot.sound]
