Try this: ring_nf
'GoldbachRound13.HarmonicKernelVariation.unitCoefficient' depends on axioms: [propext, Classical.choice, Quot.sound]
'GoldbachRound13.HarmonicKernelVariation.unitPrefix' depends on axioms: [propext, Classical.choice, Quot.sound]
'GoldbachRound13.HarmonicKernelVariation.unitLogPrefix' depends on axioms: [propext, Classical.choice, Quot.sound]
'GoldbachRound13.HarmonicKernelVariation.unitLogTail' depends on axioms: [propext, Classical.choice, Quot.sound]
'GoldbachRound13.HarmonicKernelVariation.sourceFront' does not depend on any axioms
'GoldbachRound13.HarmonicKernelVariation.prime_above_cap_units' depends on axioms: [propext,
 Classical.choice,
 Quot.sound]
'GoldbachRound13.HarmonicKernelVariation.strict_front_iff' depends on axioms: [propext, Classical.choice, Quot.sound]
'GoldbachRound13.HarmonicKernelVariation.front_filter_eq' depends on axioms: [propext, Classical.choice, Quot.sound]
'GoldbachRound13.HarmonicKernelVariation.actual_kernel_eq_prefix' depends on axioms: [propext,
 Classical.choice,
 Quot.sound]
'GoldbachRound13.HarmonicKernelVariation.source_front_mono' depends on axioms: [propext]
'GoldbachRound13.HarmonicKernelVariation.source_cap_inactive' depends on axioms: [propext]
'GoldbachRound13.HarmonicKernelVariation.interval_split' depends on axioms: [propext, Classical.choice, Quot.sound]
'GoldbachRound13.HarmonicKernelVariation.interval_disjoint' depends on axioms: [propext, Classical.choice, Quot.sound]
'GoldbachRound13.HarmonicKernelVariation.prefix_split' depends on axioms: [propext, Classical.choice, Quot.sound]
'GoldbachRound13.HarmonicKernelVariation.logarithm_change' depends on axioms: [propext, Classical.choice, Quot.sound]
'GoldbachRound13.HarmonicKernelVariation.prefix_log_change' depends on axioms: [propext, Classical.choice, Quot.sound]
'GoldbachRound13.HarmonicKernelVariation.actual_kernel_variation' depends on axioms: [propext,
 Classical.choice,
 Quot.sound]
'GoldbachRound13.HarmonicKernelVariation.coefficient_abs_le_reciprocal' depends on axioms: [propext,
 Classical.choice,
 Quot.sound]
'GoldbachRound13.HarmonicKernelVariation.prefix_abs_bound' depends on axioms: [propext, Classical.choice, Quot.sound]
'GoldbachRound13.HarmonicKernelVariation.tail_abs_bound' depends on axioms: [propext, Classical.choice, Quot.sound]
'GoldbachRound13.HarmonicKernelVariation.actual_kernel_abs_variation' depends on axioms: [propext,
 Classical.choice,
 Quot.sound]
