'GoldbachRound10.ShortDivisorComplement.mu' depends on axioms: [propext, Classical.choice, Quot.sound]
'GoldbachRound10.ShortDivisorComplement.cappedDivisorKernel' depends on axioms: [propext, Classical.choice, Quot.sound]
'GoldbachRound10.ShortDivisorComplement.physicalDivisorKernel' depends on axioms: [propext,
 Classical.choice,
 Quot.sound]
'GoldbachRound10.ShortDivisorComplement.shortDivisorSum' depends on axioms: [propext, Classical.choice, Quot.sound]
'GoldbachRound10.ShortDivisorComplement.longDivisorSum' depends on axioms: [propext, Classical.choice, Quot.sound]
'GoldbachRound10.ShortDivisorComplement.mu_mul_of_coprime' depends on axioms: [propext, Classical.choice, Quot.sound]
'GoldbachRound10.ShortDivisorComplement.mu_square_of_squarefree' depends on axioms: [propext,
 Classical.choice,
 Quot.sound]
'GoldbachRound10.ShortDivisorComplement.mu_zero_of_not_squarefree' depends on axioms: [propext,
 Classical.choice,
 Quot.sound]
'GoldbachRound10.ShortDivisorComplement.quotient_coprime' depends on axioms: [propext, Classical.choice, Quot.sound]
'GoldbachRound10.ShortDivisorComplement.complementary_moebius' depends on axioms: [propext,
 Classical.choice,
 Quot.sound]
'GoldbachRound10.ShortDivisorComplement.logarithm_complement' depends on axioms: [propext, Classical.choice, Quot.sound]
'GoldbachRound10.ShortDivisorComplement.strict_front_iff' depends on axioms: [propext, Classical.choice, Quot.sound]
'GoldbachRound10.ShortDivisorComplement.active_divisor_below_cap' depends on axioms: [propext, Quot.sound]
'GoldbachRound10.ShortDivisorComplement.whole_coefficient_eq_long_sum' depends on axioms: [propext,
 Classical.choice,
 Quot.sound]
'GoldbachRound10.ShortDivisorComplement.short_plus_long' depends on axioms: [propext, Classical.choice, Quot.sound]
'GoldbachRound10.ShortDivisorComplement.short_divisor_complement' depends on axioms: [propext,
 Classical.choice,
 Quot.sound]
'GoldbachRound10.ShortDivisorComplement.source_cap' depends on axioms: [propext, Quot.sound]
'GoldbachRound10.ShortDivisorComplement.short_divisor_complement_source' depends on axioms: [propext,
 Classical.choice,
 Quot.sound]
'GoldbachRound10.ShortDivisorComplement.physical_divisor_units' depends on axioms: [propext]
'GoldbachRound10.ShortDivisorComplement.physical_kernel_eq' depends on axioms: [propext, Classical.choice, Quot.sound]
'GoldbachRound10.ShortDivisorComplement.physical_short_divisor_complement_source' depends on axioms: [propext,
 Classical.choice,
 Quot.sound]
'GoldbachRound10.ShortDivisorComplement.at_one' depends on axioms: [propext, Classical.choice, Quot.sound]
'GoldbachRound11.harmonicKernel' depends on axioms: [propext, Classical.choice, Quot.sound]
'GoldbachRound11.primeIncidence' depends on axioms: [propext, Classical.choice, Quot.sound]
'GoldbachRound11.theta' depends on axioms: [propext, Classical.choice, Quot.sound]
'GoldbachRound11.sourceBracket' depends on axioms: [propext, Classical.choice, Quot.sound]
'GoldbachRound11.short_filter_prime_pair' depends on axioms: [propext, Classical.choice, Quot.sound]
'GoldbachRound11.complete_short_prime_pair' depends on axioms: [propext, Classical.choice, Quot.sound]
'GoldbachRound11.prime_pair_arithmetic' depends on axioms: [propext, Classical.choice, Quot.sound]
'GoldbachRound11.actual_source_bracket_j2' depends on axioms: [propext, Classical.choice, Quot.sound]
'GoldbachRound11.mu_three_mul' depends on axioms: [propext, Classical.choice, Quot.sound]
'GoldbachRound11.actual_three_adic_pair' depends on axioms: [propext, Classical.choice, Quot.sound]
'GoldbachRound11.coreGrid' depends on axioms: [propext, Classical.choice, Quot.sound]
'GoldbachRound11.pairedBases' depends on axioms: [propext, Classical.choice, Quot.sound]
'GoldbachRound11.geometricFaces' depends on axioms: [propext, Classical.choice, Quot.sound]
'GoldbachRound11.three_mul_mem_grid' depends on axioms: [propext, Classical.choice, Quot.sound]
'GoldbachRound11.core_grid_partition' depends on axioms: [propext, Classical.choice, Quot.sound]
'GoldbachRound11.paired_disjoint_image' depends on axioms: [propext, Classical.choice, Quot.sound]
'GoldbachRound11.paired_union_disjoint_face' depends on axioms: [propext, Classical.choice, Quot.sound]
'GoldbachRound11.sum_core_grid' depends on axioms: [propext, Classical.choice, Quot.sound]
'GoldbachRound11.bulkCap' does not depend on any axioms
'GoldbachRound11.three_coprime_mask' depends on axioms: [propext, Classical.choice, Quot.sound]
'GoldbachRound11.literal_bulk_front' depends on axioms: [propext, Quot.sound]
'GoldbachRound11.bulk_cap_le_front' depends on axioms: [propext, Classical.choice, Quot.sound]
'GoldbachRound11.actual_bracket_partition' depends on axioms: [propext, Classical.choice, Quot.sound]
'GoldbachRound11.pairedSourceExpression' depends on axioms: [propext, Classical.choice, Quot.sound]
'GoldbachRound11.actual_p1_partition' depends on axioms: [propext, Classical.choice, Quot.sound]
'GoldbachRound11.twinConstant' depends on axioms: [propext, Classical.choice, Quot.sound]
'GoldbachRound11.singularSeries' depends on axioms: [propext, Classical.choice, Quot.sound]
'GoldbachRound11.principalTerm' depends on axioms: [propext, Classical.choice, Quot.sound]
'GoldbachRound11.entropyTerm' depends on axioms: [propext, Classical.choice, Quot.sound]
'GoldbachRound11.commonTerm' depends on axioms: [propext, Classical.choice, Quot.sound]
'GoldbachRound11.singletonTerm' depends on axioms: [propext, Classical.choice, Quot.sound]
'GoldbachRound11.principal_pair_split' depends on axioms: [propext, Classical.choice, Quot.sound]
'GoldbachRound11.principal_face_split' depends on axioms: [propext, Classical.choice, Quot.sound]
'GoldbachRound11.actual_principal_partition' depends on axioms: [propext, Classical.choice, Quot.sound]
