'GoldbachRound11.short_filter_prime_pair' depends on axioms: [propext, Classical.choice, Quot.sound]
'GoldbachRound11.complete_short_prime_pair' depends on axioms: [propext, Classical.choice, Quot.sound]
'GoldbachRound11.prime_pair_arithmetic' depends on axioms: [propext, Classical.choice, Quot.sound]
'GoldbachRound11.actual_source_bracket_j2' depends on axioms: [propext, Classical.choice, Quot.sound]
'GoldbachRound11.mu_three_mul' depends on axioms: [propext, Classical.choice, Quot.sound]
'GoldbachRound11.actual_three_adic_pair' depends on axioms: [propext, Classical.choice, Quot.sound]
'GoldbachRound11.three_mul_mem_grid' depends on axioms: [propext, Classical.choice, Quot.sound]
'GoldbachRound11.core_grid_partition' depends on axioms: [propext, Classical.choice, Quot.sound]
'GoldbachRound11.paired_disjoint_image' depends on axioms: [propext, Classical.choice, Quot.sound]
'GoldbachRound11.paired_union_disjoint_face' depends on axioms: [propext, Classical.choice, Quot.sound]
'GoldbachRound11.sum_core_grid' depends on axioms: [propext, Classical.choice, Quot.sound]
'GoldbachRound11.three_coprime_mask' depends on axioms: [propext, Classical.choice, Quot.sound]
'GoldbachRound11.literal_bulk_front' depends on axioms: [propext, Quot.sound]
'GoldbachRound11.bulk_cap_le_front' depends on axioms: [propext, Classical.choice, Quot.sound]
'GoldbachRound11.actual_bracket_partition' depends on axioms: [propext, Classical.choice, Quot.sound]
'GoldbachRound11.actual_p1_partition' depends on axioms: [propext, Classical.choice, Quot.sound]
'GoldbachRound11.principal_pair_split' depends on axioms: [propext, Classical.choice, Quot.sound]
'GoldbachRound11.principal_face_split' depends on axioms: [propext, Classical.choice, Quot.sound]
'GoldbachRound11.actual_principal_partition' depends on axioms: [propext, Classical.choice, Quot.sound]
'GoldbachRound11.harmonicKernel' depends on axioms: [propext, Classical.choice, Quot.sound]
'GoldbachRound11.primeIncidence' depends on axioms: [propext, Classical.choice, Quot.sound]
'GoldbachRound11.theta' depends on axioms: [propext, Classical.choice, Quot.sound]
'GoldbachRound11.sourceBracket' depends on axioms: [propext, Classical.choice, Quot.sound]
'GoldbachRound11.coreGrid' depends on axioms: [propext, Classical.choice, Quot.sound]
'GoldbachRound11.pairedBases' depends on axioms: [propext, Classical.choice, Quot.sound]
'GoldbachRound11.geometricFaces' depends on axioms: [propext, Classical.choice, Quot.sound]
'GoldbachRound11.bulkCap' does not depend on any axioms
'GoldbachRound11.pairedSourceExpression' depends on axioms: [propext, Classical.choice, Quot.sound]
'GoldbachRound11.twinConstant' depends on axioms: [propext, Classical.choice, Quot.sound]
'GoldbachRound11.singularSeries' depends on axioms: [propext, Classical.choice, Quot.sound]
'GoldbachRound11.principalTerm' depends on axioms: [propext, Classical.choice, Quot.sound]
'GoldbachRound11.entropyTerm' depends on axioms: [propext, Classical.choice, Quot.sound]
'GoldbachRound11.commonTerm' depends on axioms: [propext, Classical.choice, Quot.sound]
'GoldbachRound11.singletonTerm' depends on axioms: [propext, Classical.choice, Quot.sound]
'GoldbachRound11.short_filter_prime_pair' depends on axioms: [propext, Classical.choice, Quot.sound]
'GoldbachRound11.complete_short_prime_pair' depends on axioms: [propext, Classical.choice, Quot.sound]
'GoldbachRound11.prime_pair_arithmetic' depends on axioms: [propext, Classical.choice, Quot.sound]
'GoldbachRound11.actual_source_bracket_j2' depends on axioms: [propext, Classical.choice, Quot.sound]
'GoldbachRound11.mu_three_mul' depends on axioms: [propext, Classical.choice, Quot.sound]
'GoldbachRound11.actual_three_adic_pair' depends on axioms: [propext, Classical.choice, Quot.sound]
'GoldbachRound11.three_mul_mem_grid' depends on axioms: [propext, Classical.choice, Quot.sound]
'GoldbachRound11.core_grid_partition' depends on axioms: [propext, Classical.choice, Quot.sound]
'GoldbachRound11.paired_disjoint_image' depends on axioms: [propext, Classical.choice, Quot.sound]
'GoldbachRound11.paired_union_disjoint_face' depends on axioms: [propext, Classical.choice, Quot.sound]
'GoldbachRound11.sum_core_grid' depends on axioms: [propext, Classical.choice, Quot.sound]
'GoldbachRound11.three_coprime_mask' depends on axioms: [propext, Classical.choice, Quot.sound]
'GoldbachRound11.literal_bulk_front' depends on axioms: [propext, Quot.sound]
'GoldbachRound11.bulk_cap_le_front' depends on axioms: [propext, Classical.choice, Quot.sound]
'GoldbachRound11.actual_bracket_partition' depends on axioms: [propext, Classical.choice, Quot.sound]
'GoldbachRound11.actual_p1_partition' depends on axioms: [propext, Classical.choice, Quot.sound]
'GoldbachRound11.principal_pair_split' depends on axioms: [propext, Classical.choice, Quot.sound]
'GoldbachRound11.principal_face_split' depends on axioms: [propext, Classical.choice, Quot.sound]
'GoldbachRound11.actual_principal_partition' depends on axioms: [propext, Classical.choice, Quot.sound]
'GoldbachRound11.harmonicKernel' depends on axioms: [propext, Classical.choice, Quot.sound]
'GoldbachRound11.primeIncidence' depends on axioms: [propext, Classical.choice, Quot.sound]
'GoldbachRound11.theta' depends on axioms: [propext, Classical.choice, Quot.sound]
'GoldbachRound11.sourceBracket' depends on axioms: [propext, Classical.choice, Quot.sound]
'GoldbachRound11.coreGrid' depends on axioms: [propext, Classical.choice, Quot.sound]
'GoldbachRound11.pairedBases' depends on axioms: [propext, Classical.choice, Quot.sound]
'GoldbachRound11.geometricFaces' depends on axioms: [propext, Classical.choice, Quot.sound]
'GoldbachRound11.bulkCap' does not depend on any axioms
'GoldbachRound11.pairedSourceExpression' depends on axioms: [propext, Classical.choice, Quot.sound]
'GoldbachRound11.twinConstant' depends on axioms: [propext, Classical.choice, Quot.sound]
'GoldbachRound11.singularSeries' depends on axioms: [propext, Classical.choice, Quot.sound]
'GoldbachRound11.principalTerm' depends on axioms: [propext, Classical.choice, Quot.sound]
'GoldbachRound11.entropyTerm' depends on axioms: [propext, Classical.choice, Quot.sound]
'GoldbachRound11.commonTerm' depends on axioms: [propext, Classical.choice, Quot.sound]
'GoldbachRound11.singletonTerm' depends on axioms: [propext, Classical.choice, Quot.sound]
