{
  "points": {
    "low_prefix": {
      "m": 11,
      "n": 99999989,
      "m_factors": [
        [
          11,
          1
        ]
      ],
      "n_factors": [
        [
          99999989,
          1
        ]
      ],
      "mu_m": -1
    },
    "low_plus_band": {
      "m": 411,
      "n": 99999589,
      "m_factors": [
        [
          3,
          1
        ],
        [
          137,
          1
        ]
      ],
      "n_factors": [
        [
          99999589,
          1
        ]
      ],
      "mu_m": 1
    },
    "square_tail": {
      "m": 31047267,
      "n": 68952733,
      "m_factors": [
        [
          3,
          1
        ],
        [
          3217,
          2
        ]
      ],
      "n_factors": [
        [
          68952733,
          1
        ]
      ],
      "mu_m": 0
    },
    "square_intersection": {
      "m": 927,
      "n": 99999073,
      "m_factors": [
        [
          3,
          2
        ],
        [
          103,
          1
        ]
      ],
      "n_factors": [
        [
          99999073,
          1
        ]
      ],
      "mu_m": 0,
      "p": 103,
      "attempted": 2
    },
    "negative_reference": {
      "m": 483,
      "n": 99999517,
      "m_factors": [
        [
          3,
          1
        ],
        [
          7,
          1
        ],
        [
          23,
          1
        ]
      ],
      "n_factors": [
        [
          99999517,
          1
        ]
      ],
      "mu_m": -1,
      "p": 23,
      "attempted": 2
    }
  },
  "pairs": {
    "both_prime": {
      "c": 1,
      "p": 3167,
      "q": 3169,
      "t": 10036223,
      "base": {
        "m": 10036223,
        "n": 89963777,
        "m_factors": [
          [
            3167,
            1
          ],
          [
            3169,
            1
          ]
        ],
        "n_factors": [
          [
            89963777,
            1
          ]
        ],
        "mu_m": 1
      },
      "tripled": {
        "m": 30108669,
        "n": 69891331,
        "m_factors": [
          [
            3,
            1
          ],
          [
            3167,
            1
          ],
          [
            3169,
            1
          ]
        ],
        "n_factors": [
          [
            69891331,
            1
          ]
        ],
        "mu_m": -1
      }
    },
    "one_prime_axis": {
      "c": 1,
      "p": 3167,
      "q": 3191,
      "t": 10105897,
      "n": 89894103,
      "n3": 69682309,
      "n_factors": [
        [
          3,
          1
        ],
        [
          13,
          1
        ],
        [
          1429,
          1
        ],
        [
          1613,
          1
        ]
      ],
      "n3_factors": [
        [
          69682309,
          1
        ]
      ],
      "n_prime": false,
      "n3_prime": true,
      "attempted": 3
    },
    "c7_missing_face": {
      "c": 7,
      "p": 3167,
      "q": 3169,
      "t": 10036223,
      "base": {
        "m": 70253561,
        "n": 29746439,
        "m_factors": [
          [
            7,
            1
          ],
          [
            3167,
            1
          ],
          [
            3169,
            1
          ]
        ],
        "n_factors": [
          [
            29746439,
            1
          ]
        ],
        "mu_m": -1
      },
      "tripled_m": 210760683,
      "tripled_n": -110760683,
      "base_face": true,
      "tripled_face": false,
      "attempted": 1
    }
  },
  "properpower_axis": {
    "n": 9,
    "m": 99999991,
    "n_factors": [
      [
        3,
        2
      ]
    ],
    "m_factors": [
      [
        7,
        1
      ],
      [
        13,
        1
      ],
      [
        769,
        1
      ],
      [
        1429,
        1
      ]
    ],
    "n_prime": false,
    "unit_N": true,
    "mu_n": 0,
    "mu_m": 1
  }
}
