'GoldbachResearch.MoebiusShortLong.short_apply' depends on axioms: [propext, Classical.choice, Quot.sound]
'GoldbachResearch.MoebiusShortLong.short_apply_of_le' depends on axioms: [propext, Classical.choice, Quot.sound]
'GoldbachResearch.MoebiusShortLong.short_apply_of_gt' depends on axioms: [propext, Classical.choice, Quot.sound]
'GoldbachResearch.MoebiusShortLong.long_apply_of_le' depends on axioms: [propext, Classical.choice, Quot.sound]
'GoldbachResearch.MoebiusShortLong.long_apply_of_gt' depends on axioms: [propext, Classical.choice, Quot.sound]
'GoldbachResearch.MoebiusShortLong.convolution_vanishes_below' depends on axioms: [propext,
 Classical.choice,
 Quot.sound]
'GoldbachResearch.MoebiusShortLong.convolution_with_arbitrary_preserves_vanishing' depends on axioms: [propext,
 Classical.choice,
 Quot.sound]
'GoldbachResearch.MoebiusShortLong.long_double_support' depends on axioms: [propext, Classical.choice, Quot.sound]
'GoldbachResearch.MoebiusShortLong.algebraic_short_long_identity' depends on axioms: [propext,
 Classical.choice,
 Quot.sound]
'GoldbachResearch.MoebiusShortLong.moebius_short_long' depends on axioms: [propext, Classical.choice, Quot.sound]
'GoldbachResearch.MoebiusShortLong.moebius_long_region' depends on axioms: [propext, Classical.choice, Quot.sound]
'GoldbachResearch.MoebiusShortLong.long_double_of_no_long_divisor' depends on axioms: [propext,
 Classical.choice,
 Quot.sound]
'GoldbachResearch.MoebiusShortLong.long_double_prime' depends on axioms: [propext, Classical.choice, Quot.sound]
'GoldbachResearch.MoebiusShortLong.short_double_prime' depends on axioms: [propext, Classical.choice, Quot.sound]
'GoldbachResearch.MoebiusShortLong.long_region_product' depends on axioms: [propext, Classical.choice, Quot.sound]
