D:\Users\Utilisateur\Desktop\Maths\Goldbach_Parity_20261002\round22\role3\h1_psi\revision03\source_final\GammaPsiCore22.lean:60:24: warning: Used `tac1 <;> tac2` where `(tac1; tac2)` would suffice
note: this linter can be disabled with `set_option linter.unnecessarySeqFocus false`
D:\Users\Utilisateur\Desktop\Maths\Goldbach_Parity_20261002\round22\role3\h1_psi\revision03\source_final\GammaPsiCore22.lean:93:50: warning: Used `tac1 <;> tac2` where `(tac1; tac2)` would suffice
note: this linter can be disabled with `set_option linter.unnecessarySeqFocus false`
D:\Users\Utilisateur\Desktop\Maths\Goldbach_Parity_20261002\round22\role3\h1_psi\revision03\source_final\GammaPsiCore22.lean:130:52: warning: Used `tac1 <;> tac2` where `(tac1; tac2)` would suffice
note: this linter can be disabled with `set_option linter.unnecessarySeqFocus false`
D:\Users\Utilisateur\Desktop\Maths\Goldbach_Parity_20261002\round22\role3\h1_psi\revision03\source_final\GammaPsiCore22.lean:139:49: warning: Used `tac1 <;> tac2` where `(tac1; tac2)` would suffice
note: this linter can be disabled with `set_option linter.unnecessarySeqFocus false`
'GoldbachContinuous22.gammaPsi' depends on axioms: [propext, Classical.choice, Quot.sound]
'GoldbachContinuous22.betaGammaRatio' depends on axioms: [propext, Classical.choice, Quot.sound]
'GoldbachContinuous22.betaStep' depends on axioms: [propext, Classical.choice, Quot.sound]
'GoldbachContinuous22.betaDifferenceIntegrand' depends on axioms: [propext, Classical.choice, Quot.sound]
'GoldbachContinuous22.gammaDifferentiableAt_of_re_pos' depends on axioms: [propext, Classical.choice, Quot.sound]
'GoldbachContinuous22.deriv_Gamma_add_one_right' depends on axioms: [propext, Classical.choice, Quot.sound]
'GoldbachContinuous22.gammaPsi_add_one' depends on axioms: [propext, Classical.choice, Quot.sound]
'GoldbachContinuous22.gammaPsi_one' depends on axioms: [propext, Classical.choice, Quot.sound]
'GoldbachContinuous22.betaGammaRatio_zero' depends on axioms: [propext, Classical.choice, Quot.sound]
'GoldbachContinuous22.hasDerivAt_betaGammaRatio_zero' depends on axioms: [propext, Classical.choice, Quot.sound]
'GoldbachContinuous22.hasDerivAt_betaGammaRatio_real_zero' depends on axioms: [propext, Classical.choice, Quot.sound]
'GoldbachContinuous22.betaStep_pos' depends on axioms: [propext, Classical.choice, Quot.sound]
'GoldbachContinuous22.betaStep_le_one' depends on axioms: [propext, Classical.choice, Quot.sound]
'GoldbachContinuous22.betaStep_tendsto_zero' depends on axioms: [propext, Classical.choice, Quot.sound]
'GoldbachContinuous22.betaStep_tendsto_zero_right' depends on axioms: [propext, Classical.choice, Quot.sound]
'GoldbachContinuous22.betaGammaRatio_eq_mul_betaIntegral' depends on axioms: [propext, Classical.choice, Quot.sound]
'GoldbachContinuous22.betaDifference_eq_ratio' depends on axioms: [propext, Classical.choice, Quot.sound]
'GoldbachContinuous22.betaDifference_tendsto' depends on axioms: [propext, Classical.choice, Quot.sound]
'GoldbachContinuous22.betaDifference_eq_integral' depends on axioms: [propext, Classical.choice, Quot.sound]
