'GoldbachComplexGammaMellin22.verticalS' depends on axioms: [propext, Classical.choice, Quot.sound]
'GoldbachComplexGammaMellin22.complexGammaKernel' depends on axioms: [propext, Classical.choice, Quot.sound]
'GoldbachComplexGammaMellin22.rotationAngle' depends on axioms: [propext, Classical.choice, Quot.sound]
'GoldbachComplexGammaMellin22.decayGap' depends on axioms: [propext, Classical.choice, Quot.sound]
'GoldbachComplexGammaMellin22.kernelCoefficient' depends on axioms: [propext, Classical.choice, Quot.sound]
'GoldbachComplexGammaMellin22.complexGammaInverse' depends on axioms: [propext, Classical.choice, Quot.sound]
'GoldbachComplexGammaMellin22.verticalS_re' depends on axioms: [propext, Classical.choice, Quot.sound]
'GoldbachComplexGammaMellin22.verticalS_im' depends on axioms: [propext, Classical.choice, Quot.sound]
'GoldbachComplexGammaMellin22.verticalS_continuous' depends on axioms: [propext, Classical.choice, Quot.sound]
'GoldbachComplexGammaMellin22.rightHalfPlane_mem_slitPlane' depends on axioms: [propext, Classical.choice, Quot.sound]
'GoldbachComplexGammaMellin22.rightHalfPlane_ne_zero' depends on axioms: [propext, Classical.choice, Quot.sound]
'GoldbachComplexGammaMellin22.rotationAngle_pos' depends on axioms: [propext, Classical.choice, Quot.sound]
'GoldbachComplexGammaMellin22.rotationAngle_lt_pi_half' depends on axioms: [propext, Classical.choice, Quot.sound]
'GoldbachComplexGammaMellin22.decayGap_pos' depends on axioms: [propext, Classical.choice, Quot.sound]
'GoldbachComplexGammaMellin22.norm_Gamma_fixed_rotation' depends on axioms: [propext, Classical.choice, Quot.sound]
'GoldbachComplexGammaMellin22.norm_principal_power' depends on axioms: [propext, Classical.choice, Quot.sound]
'GoldbachComplexGammaMellin22.complexGammaKernel_bound' depends on axioms: [propext, Classical.choice, Quot.sound]
'GoldbachComplexGammaMellin22.complexGammaKernel_continuous' depends on axioms: [propext, Classical.choice, Quot.sound]
'GoldbachComplexGammaMellin22.complexGammaKernel_half_integrable' depends on axioms: [propext,
 Classical.choice,
 Quot.sound]
'GoldbachComplexGammaMellin22.complexGammaKernel_integrable' depends on axioms: [propext, Classical.choice, Quot.sound]
'GoldbachComplexGammaMellin22.complexGammaKernel_hasDerivAt_w' depends on axioms: [propext,
 Classical.choice,
 Quot.sound]
'GoldbachComplexGammaMellin22.complexGammaInverse_real' depends on axioms: [propext, Classical.choice, Quot.sound]
