D:\Users\Utilisateur\Desktop\Maths\Goldbach_Parity_20261002\round22\judge5\batch11\sources\ThermalProjectionEnvelope22.lean:177:44: warning: unused variable `ha`
note: this linter can be disabled with `set_option linter.unusedVariables false`
D:\Users\Utilisateur\Desktop\Maths\Goldbach_Parity_20261002\round22\judge5\batch11\sources\ThermalProjectionEnvelope22.lean:286:35: warning: Used `tac1 <;> tac2` where `(tac1; tac2)` would suffice
note: this linter can be disabled with `set_option linter.unnecessarySeqFocus false`
'GoldbachContinuous22.projectionHeatRatio' depends on axioms: [propext, Classical.choice, Quot.sound]
'GoldbachContinuous22.projectionAmplitude' depends on axioms: [propext, Classical.choice, Quot.sound]
'GoldbachContinuous22.projectionTailEnvelope' depends on axioms: [propext, Classical.choice, Quot.sound]
'GoldbachContinuous22.projectionHeatTerm' depends on axioms: [propext, Classical.choice, Quot.sound]
'GoldbachContinuous22.projectionHeatTrace' depends on axioms: [propext, Classical.choice, Quot.sound]
'GoldbachContinuous22.projectionHeatPartial' depends on axioms: [propext, Classical.choice, Quot.sound]
'GoldbachContinuous22.projectionHeatTail' depends on axioms: [propext, Classical.choice, Quot.sound]
'GoldbachContinuous22.projectionCorrelation' depends on axioms: [propext, Classical.choice, Quot.sound]
'GoldbachContinuous22.projectionPartialCorrelation' depends on axioms: [propext, Classical.choice, Quot.sound]
'GoldbachContinuous22.projectionCharacter' depends on axioms: [propext, Classical.choice, Quot.sound]
'GoldbachContinuous22.thermalContinuousProjection' depends on axioms: [propext, Classical.choice, Quot.sound]
'GoldbachContinuous22.thermalPartialProjection' depends on axioms: [propext, Classical.choice, Quot.sound]
'GoldbachContinuous22.projectionErrorEnvelope' depends on axioms: [propext, Classical.choice, Quot.sound]
'GoldbachContinuous22.projectionHeatRatio_pos' depends on axioms: [propext, Classical.choice, Quot.sound]
'GoldbachContinuous22.projectionHeatRatio_lt_one' depends on axioms: [propext, Classical.choice, Quot.sound]
'GoldbachContinuous22.norm_projectionHeatRatio_lt_one' depends on axioms: [propext, Classical.choice, Quot.sound]
'GoldbachContinuous22.projection_vonMangoldt_le_nat' depends on axioms: [propext, Classical.choice, Quot.sound]
'GoldbachContinuous22.norm_projectionHeatTerm' depends on axioms: [propext, Classical.choice, Quot.sound]
'GoldbachContinuous22.norm_projectionHeatTerm_le' depends on axioms: [propext, Classical.choice, Quot.sound]
'GoldbachContinuous22.hasSum_projection_majorant' depends on axioms: [propext, Classical.choice, Quot.sound]
'GoldbachContinuous22.hasSum_projection_tail_majorant' depends on axioms: [propext, Classical.choice, Quot.sound]
'GoldbachContinuous22.summable_norm_projectionHeatTerm' depends on axioms: [propext, Classical.choice, Quot.sound]
'GoldbachContinuous22.summable_projectionHeatTerm' depends on axioms: [propext, Classical.choice, Quot.sound]
'GoldbachContinuous22.summable_norm_projectionHeatTail' depends on axioms: [propext, Classical.choice, Quot.sound]
'GoldbachContinuous22.norm_projectionHeatTrace_le' depends on axioms: [propext, Classical.choice, Quot.sound]
'GoldbachContinuous22.norm_projectionHeatTail_le' depends on axioms: [propext, Classical.choice, Quot.sound]
'GoldbachContinuous22.projectionHeatPartial_add_tail' depends on axioms: [propext, Classical.choice, Quot.sound]
'GoldbachContinuous22.norm_projectionHeatTrace_sub_partial_le' depends on axioms: [propext,
 Classical.choice,
 Quot.sound]
'GoldbachContinuous22.norm_projectionHeatPartial_le' depends on axioms: [propext, Classical.choice, Quot.sound]
'GoldbachContinuous22.projectionAmplitude_nonneg' depends on axioms: [propext, Classical.choice, Quot.sound]
'GoldbachContinuous22.projectionTailEnvelope_nonneg' depends on axioms: [propext, Classical.choice, Quot.sound]
'GoldbachContinuous22.norm_projectionCorrelation_sub_partial_le' depends on axioms: [propext,
 Classical.choice,
 Quot.sound]
'GoldbachContinuous22.projectionHeatTrace_continuous' depends on axioms: [propext, Classical.choice, Quot.sound]
'GoldbachContinuous22.projectionHeatPartial_continuous' depends on axioms: [propext, Classical.choice, Quot.sound]
'GoldbachContinuous22.projectionCorrelation_continuous' depends on axioms: [propext, Classical.choice, Quot.sound]
'GoldbachContinuous22.projectionPartialCorrelation_continuous' depends on axioms: [propext,
 Classical.choice,
 Quot.sound]
'GoldbachContinuous22.norm_projectionCharacter' depends on axioms: [propext, Classical.choice, Quot.sound]
'GoldbachContinuous22.thermalContinuousProjection_error_le' depends on axioms: [propext, Classical.choice, Quot.sound]
'GoldbachContinuous22.projectionErrorEnvelope_nonneg' depends on axioms: [propext, Classical.choice, Quot.sound]
'GoldbachContinuous22.projectionAmplitude_continuousOn' depends on axioms: [propext, Classical.choice, Quot.sound]
'GoldbachContinuous22.projectionTailEnvelope_continuousOn' depends on axioms: [propext, Classical.choice, Quot.sound]
'GoldbachContinuous22.projectionErrorEnvelope_continuousOn' depends on axioms: [propext, Classical.choice, Quot.sound]
