D:\Users\Utilisateur\Desktop\Maths\Goldbach_Parity_20261002\round22\judge5\batch03\sources\GammaDerivative22.lean:30:72: warning: Used `tac1 <;> tac2` where `(tac1; tac2)` would suffice
note: this linter can be disabled with `set_option linter.unnecessarySeqFocus false`
D:\Users\Utilisateur\Desktop\Maths\Goldbach_Parity_20261002\round22\judge5\batch03\sources\GammaDerivative22.lean:32:72: warning: Used `tac1 <;> tac2` where `(tac1; tac2)` would suffice
note: this linter can be disabled with `set_option linter.unnecessarySeqFocus false`
D:\Users\Utilisateur\Desktop\Maths\Goldbach_Parity_20261002\round22\judge5\batch03\sources\GammaDerivative22.lean:67:28: warning: 'nlinarith' tactic does nothing
note: this linter can be disabled with `set_option linter.unusedTactic false`
D:\Users\Utilisateur\Desktop\Maths\Goldbach_Parity_20261002\round22\judge5\batch03\sources\GammaDerivative22.lean:67:28: warning: this tactic is never executed
note: this linter can be disabled with `set_option linter.unreachableTactic false`
'GoldbachContinuous22.realGamma_le_nine_fifths_on_extended_strip' depends on axioms: [propext,
 Classical.choice,
 Quot.sound]
'GoldbachContinuous22.quarter_angle_coefficient_le_three_extended' depends on axioms: [propext,
 Classical.choice,
 Quot.sound]
'GoldbachContinuous22.Gamma_extended_strip_exponential_bound' depends on axioms: [propext, Classical.choice, Quot.sound]
'GoldbachContinuous22.exp_eighth_pi_le_seven_quarters' depends on axioms: [propext, Classical.choice, Quot.sound]
'GoldbachContinuous22.Gamma_differentiableOn_rightHalfPlane' depends on axioms: [propext, Classical.choice, Quot.sound]
'GoldbachContinuous22.Gamma_half_disc_domain' depends on axioms: [propext, Classical.choice, Quot.sound]
'GoldbachContinuous22.Gamma_circle_dominating_bound' depends on axioms: [propext, Classical.choice, Quot.sound]
'GoldbachContinuous22.Gamma_derivative_strip_exponential_bound' depends on axioms: [propext,
 Classical.choice,
 Quot.sound]
