'GoldbachResearch.DeterminantCoordinates.quotient_reconstruction' depends on axioms: [propext,
 Classical.choice,
 Quot.sound]
'GoldbachResearch.DeterminantCoordinates.quotient_unit_determinant' depends on axioms: [propext,
 Classical.choice,
 Quot.sound]
'GoldbachResearch.DeterminantCoordinates.matrix_factorization' depends on axioms: [propext,
 Classical.choice,
 Quot.sound]
'GoldbachResearch.DeterminantCoordinates.basisMatrix_det_one' depends on axioms: [propext, Classical.choice, Quot.sound]
'GoldbachResearch.DeterminantCoordinates.inverse_determinant' depends on axioms: [propext, Quot.sound]
'GoldbachResearch.DeterminantCoordinates.inverse_divisibilities' depends on axioms: [propext, Quot.sound]
'GoldbachResearch.DeterminantCoordinates.inverse_quotients' depends on axioms: [propext]
'GoldbachResearch.DeterminantCoordinates.exists_canonical_lambda_of_coprime' depends on axioms: [propext,
 Classical.choice,
 Quot.sound]
'GoldbachResearch.DeterminantCoordinates.tuple_quotient_reconstruction' depends on axioms: [propext]
'GoldbachResearch.DeterminantCoordinates.tuple_quotient_inverse' depends on axioms: [propext,
 Classical.choice,
 Quot.sound]
'GoldbachResearch.DeterminantCoordinates.shear_determinant_one' depends on axioms: [propext,
 Classical.choice,
 Quot.sound]
'GoldbachResearch.DeterminantCoordinates.shear_coordinates' depends on axioms: [propext, Classical.choice, Quot.sound]
'GoldbachResearch.DeterminantCoordinates.concrete_hnf_and_shear' depends on axioms: [propext,
 Classical.choice,
 Quot.sound]
'GoldbachResearch.DeterminantCoordinates.concrete_canonical_bases' depends on axioms: [propext,
 Classical.choice,
 Quot.sound]
'GoldbachResearch.DeterminantCoordinates.concrete_expanded_tuple_sign_change' depends on axioms: [propext,
 Classical.choice,
 Quot.sound]
