D:\Users\Utilisateur\Desktop\Maths\Goldbach_Parity_20261002\round22\judge5\batch19\sources\FiniteFieldProjection22.lean:29:5: warning: unused variable `hK`
note: this linter can be disabled with `set_option linter.unusedVariables false`
D:\Users\Utilisateur\Desktop\Maths\Goldbach_Parity_20261002\round22\judge5\batch19\sources\FiniteFieldProjection22.lean:200:52: warning: Used `tac1 <;> tac2` where `(tac1; tac2)` would suffice
note: this linter can be disabled with `set_option linter.unnecessarySeqFocus false`
'GoldbachFiniteFieldProjection22.fieldCharacter' depends on axioms: [propext]
'GoldbachFiniteFieldProjection22.sum_fieldCharacter' depends on axioms: [propext, Classical.choice, Quot.sound]
'GoldbachFiniteFieldProjection22.signed_divides_iff_zero' depends on axioms: [propext, Classical.choice, Quot.sound]
'GoldbachFiniteFieldProjection22.sum_fieldCharacter_no_alias' depends on axioms: [propext, Classical.choice, Quot.sound]
'GoldbachFiniteFieldProjection22.rectangle_frequency_bounds' depends on axioms: [propext, Classical.choice, Quot.sound]
'GoldbachFiniteFieldProjection22.sum_rectangle_character' depends on axioms: [propext, Classical.choice, Quot.sound]
'GoldbachFiniteFieldProjection22.fieldCharacter_pair' depends on axioms: [propext, Classical.choice, Quot.sound]
'GoldbachFiniteFieldProjection22.fieldTerm' depends on axioms: [propext, Classical.choice, Quot.sound]
'GoldbachFiniteFieldProjection22.fieldPolynomial' depends on axioms: [propext, Classical.choice, Quot.sound]
'GoldbachFiniteFieldProjection22.fieldProjection' depends on axioms: [propext, Classical.choice, Quot.sound]
'GoldbachFiniteFieldProjection22.fieldTerm_pair' depends on axioms: [propext, Classical.choice, Quot.sound]
'GoldbachFiniteFieldProjection22.normalized_field_pair' depends on axioms: [propext, Classical.choice, Quot.sound]
'GoldbachFiniteFieldProjection22.fieldPolynomial_square_expansion' depends on axioms: [propext,
 Classical.choice,
 Quot.sound]
'GoldbachFiniteFieldProjection22.fieldProjection_eq_rectangle' depends on axioms: [propext,
 Classical.choice,
 Quot.sound]
'GoldbachFiniteFieldProjection22.rectangle_filter_antidiagonal' depends on axioms: [propext,
 Classical.choice,
 Quot.sound]
'GoldbachFiniteFieldProjection22.fieldProjection_eq_antidiagonal' depends on axioms: [propext,
 Classical.choice,
 Quot.sound]
'GoldbachFiniteFieldProjection22.fieldProjection_eq_sum' depends on axioms: [propext, Classical.choice, Quot.sound]
'GoldbachFiniteFieldProjection22.fieldCharacter_nat' depends on axioms: [propext]
'GoldbachFiniteFieldProjection22.fieldPolynomial_eq_standardDFT' depends on axioms: [propext,
 Classical.choice,
 Quot.sound]
'GoldbachFiniteFieldProjection22.standardDFT_projection_eq_sum' depends on axioms: [propext,
 Classical.choice,
 Quot.sound]
'GoldbachFiniteFieldProjection22.zmod_size_ne_zero' depends on axioms: [propext, Classical.choice, Quot.sound]
'GoldbachFiniteFieldProjection22.zmod_integer_projection' depends on axioms: [propext, Classical.choice, Quot.sound]
'GoldbachFiniteFieldProjection22.zmod_canonical_A32_projection' depends on axioms: [propext,
 Classical.choice,
 Quot.sound]
'GoldbachFiniteFieldProjection22.fixed_A32_projection' depends on axioms: [propext, Classical.choice, Quot.sound]
