{
  "status": "PRESERVED",
  "files": 701,
  "round15_files": 50,
  "previous_protected_files": 651,
  "round15_controller_sha256": "7b2522fbeec0c17965b9bfba4df418552f0e31b2b4881c91edff00b79a81869f",
  "controller_49_bindings_verified": true,
  "numeric35_bindings_preserved": true,
  "three_round15_copies_bytes_and_fields_preserved": true,
  "exact_inventory_additions_and_removals_checked": true,
  "baseline_sha256": "5939d791139dbb3f9b26e5d1f372bbdf98d1927f9aaf2c5e9c22aa0a4e35d043",
  "registry": "D:\\Users\\Utilisateur\\Desktop\\Maths\\Goldbach_Parity_20261002\\round16\\previous_artifacts_sha256.json",
  "original_sources": {
    "D:\\Users\\Utilisateur\\Downloads\\Goldbach_Continuation_Cofacteur_Court_2026-10-01.zip": {
      "expected_sha256": "32b12b8d6823ed71323bb76ed1ba1ed7bc2d1ffad38fa973f043f4ae933e49cd",
      "actual_sha256": "32b12b8d6823ed71323bb76ed1ba1ed7bc2d1ffad38fa973f043f4ae933e49cd",
      "status": "PRESERVED"
    },
    "D:\\Users\\Utilisateur\\Downloads\\goldbach_synthesis.pdf": {
      "expected_sha256": "bbcbe5849e2b169f01a2d64457ccf7d1f3b25edcf2b5ca911bcf01343586eb24",
      "actual_sha256": "bbcbe5849e2b169f01a2d64457ccf7d1f3b25edcf2b5ca911bcf01343586eb24",
      "status": "PRESERVED"
    }
  },
  "old_PASS_replayed": false,
  "old_Lean_recompiled": false,
  "old_dependency_recompiled": false,
  "old_PDF_rerendered": false,
  "numeric_contract_round16_launched": false,
  "mathematical_identity_round16_certified": false
}
