D:\Users\Utilisateur\Desktop\Maths\Goldbach_Parity_20261002\round22\role3\h1_psi\source_final\GammaPsiCore22.lean:60:24: warning: Used `tac1 <;> tac2` where `(tac1; tac2)` would suffice
note: this linter can be disabled with `set_option linter.unnecessarySeqFocus false`
D:\Users\Utilisateur\Desktop\Maths\Goldbach_Parity_20261002\round22\role3\h1_psi\source_final\GammaPsiCore22.lean:93:50: warning: Used `tac1 <;> tac2` where `(tac1; tac2)` would suffice
note: this linter can be disabled with `set_option linter.unnecessarySeqFocus false`
D:\Users\Utilisateur\Desktop\Maths\Goldbach_Parity_20261002\round22\role3\h1_psi\source_final\GammaPsiCore22.lean:130:52: warning: Used `tac1 <;> tac2` where `(tac1; tac2)` would suffice
note: this linter can be disabled with `set_option linter.unnecessarySeqFocus false`
D:\Users\Utilisateur\Desktop\Maths\Goldbach_Parity_20261002\round22\role3\h1_psi\source_final\GammaPsiCore22.lean:139:49: warning: Used `tac1 <;> tac2` where `(tac1; tac2)` would suffice
note: this linter can be disabled with `set_option linter.unnecessarySeqFocus false`
D:\Users\Utilisateur\Desktop\Maths\Goldbach_Parity_20261002\round22\role3\h1_psi\source_final\GammaPsiCore22.lean:149:51: error: tactic 'rewrite' failed, did not find instance of the pattern in the target expression
  0 + ?a
case h
z : ℂ
hz : 0 < z.re
h :
  Tendsto ((fun t => t⁻¹ • (betaGammaRatio z ↑(0 + t) - betaGammaRatio z ↑0)) ∘ betaStep) atTop
    (𝓝 (-↑Real.eulerMascheroniConstant - gammaPsi z))
n : ℕ
⊢ ((fun t => t⁻¹ • (betaGammaRatio z ↑(0 + t) - betaGammaRatio z ↑0)) ∘ betaStep) n =
    (betaGammaRatio z ↑(betaStep n) - 1) / ↑(betaStep n)
D:\Users\Utilisateur\Desktop\Maths\Goldbach_Parity_20261002\round22\role3\h1_psi\source_final\GammaPsiCore22.lean:156:17: error: type mismatch
  Float.val 0.
has type
  floatSpec.float : Type
but is expected to have type
  Set ℝ : Type
D:\Users\Utilisateur\Desktop\Maths\Goldbach_Parity_20261002\round22\role3\h1_psi\source_final\GammaPsiCore22.lean:163:2: error: tactic 'apply' failed, failed to unify
  ?f = ?g
with
  ∫ (x : ℝ) in 0 ..1, ↑x ^ (z - 1) * (1 - ↑x) ^ (↑w - 1) - ↑x ^ (1 - 1) * (1 - ↑x) ^ (↑w - 1) =
    ∫ (t : ℝ) in ?m.40956, betaDifferenceIntegrand z w t
z : ℂ
hz : 0 < z.re
w : ℝ
hw : 0 < w
hi : IntervalIntegrable (fun x => ↑x ^ (z - 1) * (1 - ↑x) ^ (↑w - 1)) volume 0 1
h1 : IntervalIntegrable (fun x => ↑x ^ (1 - 1) * (1 - ↑x) ^ (↑w - 1)) volume 0 1
⊢ ∫ (x : ℝ) in 0 ..1, ↑x ^ (z - 1) * (1 - ↑x) ^ (↑w - 1) - ↑x ^ (1 - 1) * (1 - ↑x) ^ (↑w - 1) =
    ∫ (t : ℝ) in ?m.40956, betaDifferenceIntegrand z w t
'GoldbachContinuous22.gammaPsi' depends on axioms: [propext, Classical.choice, Quot.sound]
'GoldbachContinuous22.betaGammaRatio' depends on axioms: [propext, Classical.choice, Quot.sound]
'GoldbachContinuous22.betaStep' depends on axioms: [propext, Classical.choice, Quot.sound]
'GoldbachContinuous22.betaDifferenceIntegrand' depends on axioms: [propext, Classical.choice, Quot.sound]
'GoldbachContinuous22.gammaDifferentiableAt_of_re_pos' depends on axioms: [propext, Classical.choice, Quot.sound]
'GoldbachContinuous22.deriv_Gamma_add_one_right' depends on axioms: [propext, Classical.choice, Quot.sound]
'GoldbachContinuous22.gammaPsi_add_one' depends on axioms: [propext, Classical.choice, Quot.sound]
'GoldbachContinuous22.gammaPsi_one' depends on axioms: [propext, Classical.choice, Quot.sound]
'GoldbachContinuous22.betaGammaRatio_zero' depends on axioms: [propext, Classical.choice, Quot.sound]
'GoldbachContinuous22.hasDerivAt_betaGammaRatio_zero' depends on axioms: [propext, Classical.choice, Quot.sound]
'GoldbachContinuous22.hasDerivAt_betaGammaRatio_real_zero' depends on axioms: [propext, Classical.choice, Quot.sound]
'GoldbachContinuous22.betaStep_pos' depends on axioms: [propext, Classical.choice, Quot.sound]
'GoldbachContinuous22.betaStep_le_one' depends on axioms: [propext, Classical.choice, Quot.sound]
'GoldbachContinuous22.betaStep_tendsto_zero' depends on axioms: [propext, Classical.choice, Quot.sound]
'GoldbachContinuous22.betaStep_tendsto_zero_right' depends on axioms: [propext, Classical.choice, Quot.sound]
'GoldbachContinuous22.betaGammaRatio_eq_mul_betaIntegral' depends on axioms: [propext, Classical.choice, Quot.sound]
'GoldbachContinuous22.betaDifference_eq_ratio' depends on axioms: [propext, Classical.choice, Quot.sound]
'GoldbachContinuous22.betaDifference_tendsto' depends on axioms: [propext, sorryAx, Classical.choice, Quot.sound]
'GoldbachContinuous22.betaDifference_eq_integral' depends on axioms: [propext, sorryAx, Classical.choice, Quot.sound]
