D:\Users\Utilisateur\Desktop\Maths\Goldbach_Parity_20261002\round19\role4\TerminalPrimeExtraction.lean:29:27: error: type mismatch
  Finset.le_sup hp
has type
  ?m.1356 p ≤ n.primeFactors.sup ?m.1356 : Prop
but is expected to have type
  p ≤ terminalPrime n : Prop
D:\Users\Utilisateur\Desktop\Maths\Goldbach_Parity_20261002\round19\role4\TerminalPrimeExtraction.lean:70:69: error: unsolved goals
n : ℕ
hn : Nat.Prime n
⊢ n / n = 1
D:\Users\Utilisateur\Desktop\Maths\Goldbach_Parity_20261002\round19\role4\TerminalPrimeExtraction.lean:120:2: error: tactic 'simp' failed, nested error:
maximum recursion depth has been reached
use `set_option maxRecDepth <num>` to increase limit
use `set_option diagnostics true` to get diagnostic information
'GoldbachRound19.Terminal.omega' depends on axioms: [propext, Classical.choice, Quot.sound]
'GoldbachRound19.Terminal.terminalPrime' depends on axioms: [propext, Classical.choice, Quot.sound]
'GoldbachRound19.Terminal.largestPrime' depends on axioms: [propext, Classical.choice, Quot.sound]
'GoldbachRound19.Terminal.cofactor' depends on axioms: [propext, Classical.choice, Quot.sound]
'GoldbachRound19.Terminal.terminalPrime_mem' depends on axioms: [propext, Classical.choice, Quot.sound]
'GoldbachRound19.Terminal.terminalPrime_prime' depends on axioms: [propext, Classical.choice, Quot.sound]
'GoldbachRound19.Terminal.terminalPrime_dvd' depends on axioms: [propext, Classical.choice, Quot.sound]
'GoldbachRound19.Terminal.primeFactor_le_terminal' depends on axioms: [propext, sorryAx, Classical.choice, Quot.sound]
'GoldbachRound19.Terminal.largestPrime_eq_terminal' depends on axioms: [propext, Classical.choice, Quot.sound]
'GoldbachRound19.Terminal.largestPrime_one' depends on axioms: [propext, Classical.choice, Quot.sound]
'GoldbachRound19.Terminal.terminal_factorization' depends on axioms: [propext, Classical.choice, Quot.sound]
'GoldbachRound19.Terminal.cofactor_pos' depends on axioms: [propext, Classical.choice, Quot.sound]
'GoldbachRound19.Terminal.cofactor_dvd' depends on axioms: [propext, Classical.choice, Quot.sound]
'GoldbachRound19.Terminal.cofactor_prime_order' depends on axioms: [propext, sorryAx, Classical.choice, Quot.sound]
'GoldbachRound19.Terminal.omega_terminal' depends on axioms: [propext, Classical.choice, Quot.sound]
'GoldbachRound19.Terminal.terminalPrime_of_prime' depends on axioms: [propext, Classical.choice, Quot.sound]
'GoldbachRound19.Terminal.cofactor_of_prime' depends on axioms: [propext, sorryAx, Classical.choice, Quot.sound]
'GoldbachRound19.Terminal.composite_iff_cofactor_two' depends on axioms: [propext,
 sorryAx,
 Classical.choice,
 Quot.sound]
'GoldbachRound19.Terminal.largestPrimeExtraction_unique' depends on axioms: [propext,
 sorryAx,
 Classical.choice,
 Quot.sound]
'GoldbachRound19.Terminal.terminalPrime_prime_power' depends on axioms: [propext, Classical.choice, Quot.sound]
'GoldbachRound19.Terminal.omega_prime_power' depends on axioms: [propext, Classical.choice, Quot.sound]
'GoldbachRound19.Terminal.repeated_terminal_example' depends on axioms: [propext, sorryAx, Classical.choice, Quot.sound]
