D:\Users\Utilisateur\Desktop\Maths\Goldbach_Parity_20261002\round19\role4\RankTwoHarmonic.lean:203:2: error: unsolved goals
case h.e'_2
B : ℕ
hw :
  (∑ p ∈ primesThrough B, ∑ q ∈ primesThrough B, if p ≤ q then 1 / ↑p * (1 / ↑q) else 0) =
    ((∑ p ∈ primesThrough B, 1 / ↑p) ^ 2 + ∑ p ∈ primesThrough B, (1 / ↑p) ^ 2) / 2
p : ℕ
a✝¹ : p ∈ primesThrough B
q : ℕ
a✝ : q ∈ primesThrough B
⊢ (if p ≤ q then (↑q)⁻¹ * (↑p)⁻¹ else 0) = if p ≤ q then (↑p)⁻¹ * (↑q)⁻¹ else 0
'GoldbachRound19.Harmonic.primesThrough' depends on axioms: [propext, Classical.choice, Quot.sound]
'GoldbachRound19.Harmonic.orderedPrimePairs' depends on axioms: [propext, Classical.choice, Quot.sound]
'GoldbachRound19.Harmonic.pairValue' does not depend on any axioms
'GoldbachRound19.Harmonic.rankTwoCofactors' depends on axioms: [propext, Classical.choice, Quot.sound]
'GoldbachRound19.Harmonic.harmonic' depends on axioms: [propext, Classical.choice, Quot.sound]
'GoldbachRound19.Harmonic.firstMoment' depends on axioms: [propext, Classical.choice, Quot.sound]
'GoldbachRound19.Harmonic.secondMoment' depends on axioms: [propext, Classical.choice, Quot.sound]
'GoldbachRound19.Harmonic.mem_primesThrough' depends on axioms: [propext, Classical.choice, Quot.sound]
'GoldbachRound19.Harmonic.mem_orderedPrimePairs' depends on axioms: [propext, Classical.choice, Quot.sound]
'GoldbachRound19.Harmonic.ordered_prime_product_unique' depends on axioms: [propext, Classical.choice, Quot.sound]
'GoldbachRound19.Harmonic.pairValue_injective' depends on axioms: [propext, Classical.choice, Quot.sound]
'GoldbachRound19.Harmonic.prime_not_prime_product' depends on axioms: [propext]
'GoldbachRound19.Harmonic.cofactor_union_disjoint' depends on axioms: [propext, Classical.choice, Quot.sound]
'GoldbachRound19.Harmonic.omega_prime_product' depends on axioms: [propext, Classical.choice, Quot.sound]
'GoldbachRound19.Harmonic.rankTwoCofactors_rank' depends on axioms: [propext, Classical.choice, Quot.sound]
'GoldbachRound19.Harmonic.diagonal_prime_square_kept' depends on axioms: [propext, Classical.choice, Quot.sound]
'GoldbachRound19.Harmonic.rankTwoCofactors_of_actual_multiset' depends on axioms: [propext,
 Classical.choice,
 Quot.sound]
'GoldbachRound19.Harmonic.rankTwoCofactors_two' depends on axioms: [propext, Classical.choice, Quot.sound]
'GoldbachRound19.Harmonic.cut_cofactors_eq_actual_omega' depends on axioms: [propext, Classical.choice, Quot.sound]
'GoldbachRound19.Harmonic.actual_terminal_cofactor_mem_cut' depends on axioms: [propext, Classical.choice, Quot.sound]
'GoldbachRound19.Harmonic.unordered_pair_moment' depends on axioms: [propext, Classical.choice, Quot.sound]
'GoldbachRound19.Harmonic.actual_ordered_products_harmonic' depends on axioms: [propext,
 sorryAx,
 Classical.choice,
 Quot.sound]
'GoldbachRound19.Harmonic.rankTwoCofactorHarmonicIdentity' depends on axioms: [propext,
 sorryAx,
 Classical.choice,
 Quot.sound]
'GoldbachRound19.Harmonic.cut_harmonic_le_uncut' depends on axioms: [propext, sorryAx, Classical.choice, Quot.sound]
