'GoldbachRound19.SignedCRT.baseX' does not depend on any axioms
'GoldbachRound19.SignedCRT.baseY' does not depend on any axioms
'GoldbachRound19.SignedCRT.index' does not depend on any axioms
'GoldbachRound19.SignedCRT.inverse_congruence' depends on axioms: [propext, Quot.sound]
'GoldbachRound19.SignedCRT.baseX_congruence' depends on axioms: [propext, Quot.sound]
'GoldbachRound19.SignedCRT.baseX_bounds' depends on axioms: [propext, Classical.choice, Quot.sound]
'GoldbachRound19.SignedCRT.cancel_coefficient' depends on axioms: [propext, Classical.choice, Quot.sound]
'GoldbachRound19.SignedCRT.baseY_equation' depends on axioms: [propext, Classical.choice, Quot.sound]
'GoldbachRound19.SignedCRT.signed_linear_solution' depends on axioms: [propext, Classical.choice, Quot.sound]
'GoldbachRound19.SignedCRT.signed_parameter_unique' depends on axioms: [propext, Classical.choice, Quot.sound]
'GoldbachRound19.SignedCRT.actualConstant' depends on axioms: [propext, Classical.choice, Quot.sound]
'GoldbachRound19.SignedCRT.actualBaseX' depends on axioms: [propext, Classical.choice, Quot.sound]
'GoldbachRound19.SignedCRT.actualBaseY' depends on axioms: [propext, Classical.choice, Quot.sound]
'GoldbachRound19.SignedCRT.actualIndex' depends on axioms: [propext, Classical.choice, Quot.sound]
'GoldbachRound19.SignedCRT.tuple_b_pos' depends on axioms: [propext, Classical.choice, Quot.sound]
'GoldbachRound19.SignedCRT.actual_signed_coordinates' depends on axioms: [propext, Classical.choice, Quot.sound]
'GoldbachRound19.SignedCRT.actual_signed_q_formula' depends on axioms: [propext, Classical.choice, Quot.sound]
'GoldbachRound19.SignedCRT.SignedCoordinates' does not depend on any axioms
'GoldbachRound19.SignedCRT.SignedCoordinates.ext' does not depend on any axioms
'GoldbachRound19.SignedCRT.encodeSigned' depends on axioms: [propext, Classical.choice, Quot.sound]
'GoldbachRound19.SignedCRT.reconstructQ' depends on axioms: [propext, Classical.choice, Quot.sound]
'GoldbachRound19.SignedCRT.signed_reconstruction' depends on axioms: [propext, Classical.choice, Quot.sound]
'GoldbachRound19.SignedCRT.signed_encoding_injective' depends on axioms: [propext, Classical.choice, Quot.sound]
'GoldbachRound19.SignedCRT.reconstructX' depends on axioms: [propext, Classical.choice, Quot.sound]
'GoldbachRound19.SignedCRT.reconstructY' depends on axioms: [propext, Classical.choice, Quot.sound]
'GoldbachRound19.SignedCRT.unpack' depends on axioms: [propext, Classical.choice, Quot.sound]
'GoldbachRound19.SignedCRT.SignedGuard' depends on axioms: [propext, Classical.choice, Quot.sound]
'GoldbachRound19.SignedCRT.reconstructX_encode' depends on axioms: [propext, Classical.choice, Quot.sound]
'GoldbachRound19.SignedCRT.reconstructY_encode' depends on axioms: [propext, Classical.choice, Quot.sound]
'GoldbachRound19.SignedCRT.unpack_encode' depends on axioms: [propext, Classical.choice, Quot.sound]
'GoldbachRound19.SignedCRT.signedGuard_encode' depends on axioms: [propext, Classical.choice, Quot.sound]
'GoldbachRound19.SignedCRT.index_unpack' depends on axioms: [propext, Classical.choice, Quot.sound]
'GoldbachRound19.SignedCRT.encodeSigned_unpack' depends on axioms: [propext, Classical.choice, Quot.sound]
'GoldbachRound19.SignedCRT.signed_q_equals_decoded' depends on axioms: [propext, Classical.choice, Quot.sound]
