D:\Users\Utilisateur\Desktop\Maths\Goldbach_Parity_20261002\round19\role4\BalancedResourceSwitch.lean:181:4: error: omega could not prove the goal:
a possible counterexample may satisfy the constraints
  c ≥ 1
  c ≥ 1
  b ≥ 0
  a ≥ 0
where
 a := ↑(resource1 N q)
 b := ↑(resource0 N q)
 c := ↑q
D:\Users\Utilisateur\Desktop\Maths\Goldbach_Parity_20261002\round19\role4\BalancedResourceSwitch.lean:240:2: error: unsolved goals
case pos
N q : ℕ
hc : directCondition N q
⊢ (if h1 N q * h0 N q ≤ r1 N q * r0 N q then { direct := true, a := h1 N q, b := h0 N q, x := r1 N q, y := r0 N q }
        else { direct := false, a := r1 N q, b := r0 N q, x := h1 N q, y := h0 N q }).a *
      (if h1 N q * h0 N q ≤ r1 N q * r0 N q then { direct := true, a := h1 N q, b := h0 N q, x := r1 N q, y := r0 N q }
        else { direct := false, a := r1 N q, b := r0 N q, x := h1 N q, y := h0 N q }).b =
    h1 N q * h0 N q
'GoldbachRound19.Switch.anchor' depends on axioms: [propext, Classical.choice, Quot.sound]
'GoldbachRound19.Switch.resource1' does not depend on any axioms
'GoldbachRound19.Switch.resource0' depends on axioms: [propext, Classical.choice, Quot.sound]
'GoldbachRound19.Switch.h1' depends on axioms: [propext, Classical.choice, Quot.sound]
'GoldbachRound19.Switch.h0' depends on axioms: [propext, Classical.choice, Quot.sound]
'GoldbachRound19.Switch.r1' depends on axioms: [propext, Classical.choice, Quot.sound]
'GoldbachRound19.Switch.r0' depends on axioms: [propext, Classical.choice, Quot.sound]
'GoldbachRound19.Switch.ResourceCell' depends on axioms: [propext, Classical.choice, Quot.sound]
'GoldbachRound19.Switch.anchor_spec' depends on axioms: [propext, Classical.choice, Quot.sound]
'GoldbachRound19.Switch.anchor_three' depends on axioms: [propext, Classical.choice, Quot.sound]
'GoldbachRound19.Switch.anchor_unit' depends on axioms: [propext, Classical.choice, Quot.sound]
'GoldbachRound19.Switch.q_lt_N' depends on axioms: [propext, Classical.choice, Quot.sound]
'GoldbachRound19.Switch.resource1_unit' depends on axioms: [propext, Classical.choice, Quot.sound]
'GoldbachRound19.Switch.resource0_unit' depends on axioms: [propext, Classical.choice, Quot.sound]
'GoldbachRound19.Switch.resource_common_divisor_dvd_anchor_sub_one' depends on axioms: [propext,
 Classical.choice,
 Quot.sound]
'GoldbachRound19.Switch.canonical_resources_coprime' depends on axioms: [propext, Classical.choice, Quot.sound]
'GoldbachRound19.Switch.anchor_resource0_coprime' depends on axioms: [propext, Classical.choice, Quot.sound]
'GoldbachRound19.Switch.terminal_factorizations' depends on axioms: [propext, Classical.choice, Quot.sound]
'GoldbachRound19.Switch.terminal_primes' depends on axioms: [propext, Classical.choice, Quot.sound]
'GoldbachRound19.Switch.cofactors_two' depends on axioms: [propext, Classical.choice, Quot.sound]
'GoldbachRound19.Switch.FactorTuple' does not depend on any axioms
'GoldbachRound19.Switch.FactorTuple.ext' does not depend on any axioms
'GoldbachRound19.Switch.directCondition' depends on axioms: [propext, Classical.choice, Quot.sound]
'GoldbachRound19.Switch.encode' depends on axioms: [propext, Classical.choice, Quot.sound]
'GoldbachRound19.Switch.decode' does not depend on any axioms
'GoldbachRound19.Switch.conductor' does not depend on any axioms
'GoldbachRound19.Switch.ChannelGuard' depends on axioms: [propext, Classical.choice, Quot.sound]
'GoldbachRound19.Switch.ValidTuple' depends on axioms: [propext, Classical.choice, Quot.sound]
'GoldbachRound19.Switch.encode_products' depends on axioms: [propext, Classical.choice, Quot.sound]
'GoldbachRound19.Switch.decode_encode' depends on axioms: [propext, Classical.choice, Quot.sound]
'GoldbachRound19.Switch.encode_channel' depends on axioms: [propext, Classical.choice, Quot.sound]
'GoldbachRound19.Switch.encode_valid' depends on axioms: [propext, sorryAx, Classical.choice, Quot.sound]
'GoldbachRound19.Switch.encode_injective' depends on axioms: [propext, Classical.choice, Quot.sound]
'GoldbachRound19.Switch.encode_decode' depends on axioms: [propext, Classical.choice, Quot.sound]
'GoldbachRound19.Switch.conductor_eq_min' depends on axioms: [propext, sorryAx, Classical.choice, Quot.sound]
'GoldbachRound19.Switch.conductor_square_le_resources' depends on axioms: [propext,
 sorryAx,
 Classical.choice,
 Quot.sound]
'GoldbachRound19.Switch.conductor_lt_N' depends on axioms: [propext, sorryAx, Classical.choice, Quot.sound]
'GoldbachRound19.Switch.balanced_integer_equation' depends on axioms: [propext, Classical.choice, Quot.sound]
'GoldbachRound19.Switch.conductor_coefficients_coprime' depends on axioms: [propext, Classical.choice, Quot.sound]
'GoldbachRound19.Switch.channel_equality_goes_D' depends on axioms: [propext, Classical.choice, Quot.sound]
'GoldbachRound19.Switch.three_strata' depends on axioms: [propext, Classical.choice, Quot.sound]
