D:\Users\Utilisateur\Desktop\Maths\Goldbach_Parity_20261002\round19\role4\BalancedResourceSwitch.lean:119:2: error: failed to synthesize
  Decidable (directCondition N q)
Additional diagnostic information may be available using the `set_option diagnostics true` command.
D:\Users\Utilisateur\Desktop\Maths\Goldbach_Parity_20261002\round19\role4\BalancedResourceSwitch.lean:143:4: warning: declaration uses 'sorry'
D:\Users\Utilisateur\Desktop\Maths\Goldbach_Parity_20261002\round19\role4\BalancedResourceSwitch.lean:138:8: warning: declaration uses 'sorry'
D:\Users\Utilisateur\Desktop\Maths\Goldbach_Parity_20261002\round19\role4\BalancedResourceSwitch.lean:151:8: warning: declaration uses 'sorry'
D:\Users\Utilisateur\Desktop\Maths\Goldbach_Parity_20261002\round19\role4\BalancedResourceSwitch.lean:179:4: error: omega could not prove the goal:
a possible counterexample may satisfy the constraints
  c ≥ 0
  c ≥ 0
  b ≥ 0
  a ≥ 0
where
 a := ↑(resource1 N q)
 b := ↑(resource0 N q)
 c := ↑N
D:\Users\Utilisateur\Desktop\Maths\Goldbach_Parity_20261002\round19\role4\BalancedResourceSwitch.lean:200:2: error: unsolved goals
case false.intro.intro.intro.intro.intro.intro.direct
N : ℕ
c : FactorTuple
hv : ValidTuple N c
h : ResourceCell N (decode N c)
hf1 : c.a * c.x = resource1 N (decode N c)
hf0 : c.b * c.y = resource0 N (decode N c)
hd : c.direct = false
haP : Nat.Prime c.a
hbP : Nat.Prime c.b
hx2 : 2 ≤ c.x
hy2 : 2 ≤ c.y
ho1 : ∀ p ∈ c.x.primeFactorsList, p ≤ c.a
ho0 : ∀ p ∈ c.y.primeFactorsList, p ≤ c.b
hbal : c.a * c.b < c.x * c.y
hu1 : c.a = terminalPrime (resource1 N (decode N c)) ∧ c.x = cofactor (resource1 N (decode N c))
hu0 : c.b = terminalPrime (resource0 N (decode N c)) ∧ c.y = cofactor (resource0 N (decode N c))
ha : c.a = r1 N (decode N c)
hb : c.b = r0 N (decode N c)
hx : c.x = h1 N (decode N c)
hy : c.y = h0 N (decode N c)
hc : ¬directCondition N (decode N c)
⊢ sorry.direct = false

case false.intro.intro.intro.intro.intro.intro.a
N : ℕ
c : FactorTuple
hv : ValidTuple N c
h : ResourceCell N (decode N c)
hf1 : c.a * c.x = resource1 N (decode N c)
hf0 : c.b * c.y = resource0 N (decode N c)
hd : c.direct = false
haP : Nat.Prime c.a
hbP : Nat.Prime c.b
hx2 : 2 ≤ c.x
hy2 : 2 ≤ c.y
ho1 : ∀ p ∈ c.x.primeFactorsList, p ≤ c.a
ho0 : ∀ p ∈ c.y.primeFactorsList, p ≤ c.b
hbal : c.a * c.b < c.x * c.y
hu1 : c.a = terminalPrime (resource1 N (decode N c)) ∧ c.x = cofactor (resource1 N (decode N c))
hu0 : c.b = terminalPrime (resource0 N (decode N c)) ∧ c.y = cofactor (resource0 N (decode N c))
ha : c.a = r1 N (decode N c)
hb : c.b = r0 N (decode N c)
hx : c.x = h1 N (decode N c)
hy : c.y = h0 N (decode N c)
hc : ¬directCondition N (decode N c)
⊢ sorry.a = c.a

case false.intro.intro.intro.intro.intro.intro.b
N : ℕ
c : FactorTuple
hv : ValidTuple N c
h : ResourceCell N (decode N c)
hf1 : c.a * c.x = resource1 N (decode N c)
hf0 : c.b * c.y = resource0 N (decode N c)
hd : c.direct = false
haP : Nat.Prime c.a
hbP : Nat.Prime c.b
hx2 : 2 ≤ c.x
hy2 : 2 ≤ c.y
ho1 : ∀ p ∈ c.x.primeFactorsList, p ≤ c.a
ho0 : ∀ p ∈ c.y.primeFactorsList, p ≤ c.b
hbal : c.a * c.b < c.x * c.y
hu1 : c.a = terminalPrime (resource1 N (decode N c)) ∧ c.x = cofactor (resource1 N (decode N c))
hu0 : c.b = terminalPrime (resource0 N (decode N c)) ∧ c.y = cofactor (resource0 N (decode N c))
ha : c.a = r1 N (decode N c)
hb : c.b = r0 N (decode N c)
hx : c.x = h1 N (decode N c)
hy : c.y = h0 N (decode N c)
hc : ¬directCondition N (decode N c)
⊢ sorry.b = c.b

case false.intro.intro.intro.intro.intro.intro.x
N : ℕ
c : FactorTuple
hv : ValidTuple N c
h : ResourceCell N (decode N c)
hf1 : c.a * c.x = resource1 N (decode N c)
hf0 : c.b * c.y = resource0 N (decode N c)
hd : c.direct = false
haP : Nat.Prime c.a
hbP : Nat.Prime c.b
hx2 : 2 ≤ c.x
hy2 : 2 ≤ c.y
ho1 : ∀ p ∈ c.x.primeFactorsList, p ≤ c.a
ho0 : ∀ p ∈ c.y.primeFactorsList, p ≤ c.b
hbal : c.a * c.b < c.x * c.y
hu1 : c.a = terminalPrime (resource1 N (decode N c)) ∧ c.x = cofactor (resource1 N (decode N c))
hu0 : c.b = terminalPrime (resource0 N (decode N c)) ∧ c.y = cofactor (resource0 N (decode N c))
ha : c.a = r1 N (decode N c)
hb : c.b = r0 N (decode N c)
hx : c.x = h1 N (decode N c)
hy : c.y = h0 N (decode N c)
hc : ¬directCondition N (decode N c)
⊢ sorry.x = c.x

case false.intro.intro.intro.intro.intro.intro.y
N : ℕ
c : FactorTuple
hv : ValidTuple N c
h : ResourceCell N (decode N c)
hf1 : c.a * c.x = resource1 N (decode N c)
hf0 : c.b * c.y = resource0 N (decode N c)
hd : c.direct = false
haP : Nat.Prime c.a
hbP : Nat.Prime c.b
hx2 : 2 ≤ c.x
hy2 : 2 ≤ c.y
ho1 : ∀ p ∈ c.x.primeFactorsList, p ≤ c.a
ho0 : ∀ p ∈ c.y.primeFactorsList, p ≤ c.b
hbal : c.a * c.b < c.x * c.y
hu1 : c.a = terminalPrime (resource1 N (decode N c)) ∧ c.x = cofactor (resource1 N (decode N c))
hu0 : c.b = terminalPrime (resource0 N (decode N c)) ∧ c.y = cofactor (resource0 N (decode N c))
ha : c.a = r1 N (decode N c)
hb : c.b = r0 N (decode N c)
hx : c.x = h1 N (decode N c)
hy : c.y = h0 N (decode N c)
hc : ¬directCondition N (decode N c)
⊢ sorry.y = c.y
D:\Users\Utilisateur\Desktop\Maths\Goldbach_Parity_20261002\round19\role4\BalancedResourceSwitch.lean:218:2: error: unsolved goals
case true.intro.intro.intro.intro.intro.intro.direct
N : ℕ
c : FactorTuple
hv : ValidTuple N c
h : ResourceCell N (decode N c)
hf1 : c.a * c.x = resource1 N (decode N c)
hf0 : c.b * c.y = resource0 N (decode N c)
hd : c.direct = true
ha2 : 2 ≤ c.a
hb2 : 2 ≤ c.b
hxP : Nat.Prime c.x
hyP : Nat.Prime c.y
ho1 : ∀ p ∈ c.a.primeFactorsList, p ≤ c.x
ho0 : ∀ p ∈ c.b.primeFactorsList, p ≤ c.y
hbal : c.a * c.b ≤ c.x * c.y
hu1 : c.x = terminalPrime (resource1 N (decode N c)) ∧ c.a = cofactor (resource1 N (decode N c))
hu0 : c.y = terminalPrime (resource0 N (decode N c)) ∧ c.b = cofactor (resource0 N (decode N c))
hx : c.x = r1 N (decode N c)
hy : c.y = r0 N (decode N c)
ha : c.a = h1 N (decode N c)
hb : c.b = h0 N (decode N c)
hc : directCondition N (decode N c)
⊢ sorry.direct = true

case true.intro.intro.intro.intro.intro.intro.a
N : ℕ
c : FactorTuple
hv : ValidTuple N c
h : ResourceCell N (decode N c)
hf1 : c.a * c.x = resource1 N (decode N c)
hf0 : c.b * c.y = resource0 N (decode N c)
hd : c.direct = true
ha2 : 2 ≤ c.a
hb2 : 2 ≤ c.b
hxP : Nat.Prime c.x
hyP : Nat.Prime c.y
ho1 : ∀ p ∈ c.a.primeFactorsList, p ≤ c.x
ho0 : ∀ p ∈ c.b.primeFactorsList, p ≤ c.y
hbal : c.a * c.b ≤ c.x * c.y
hu1 : c.x = terminalPrime (resource1 N (decode N c)) ∧ c.a = cofactor (resource1 N (decode N c))
hu0 : c.y = terminalPrime (resource0 N (decode N c)) ∧ c.b = cofactor (resource0 N (decode N c))
hx : c.x = r1 N (decode N c)
hy : c.y = r0 N (decode N c)
ha : c.a = h1 N (decode N c)
hb : c.b = h0 N (decode N c)
hc : directCondition N (decode N c)
⊢ sorry.a = c.a

case true.intro.intro.intro.intro.intro.intro.b
N : ℕ
c : FactorTuple
hv : ValidTuple N c
h : ResourceCell N (decode N c)
hf1 : c.a * c.x = resource1 N (decode N c)
hf0 : c.b * c.y = resource0 N (decode N c)
hd : c.direct = true
ha2 : 2 ≤ c.a
hb2 : 2 ≤ c.b
hxP : Nat.Prime c.x
hyP : Nat.Prime c.y
ho1 : ∀ p ∈ c.a.primeFactorsList, p ≤ c.x
ho0 : ∀ p ∈ c.b.primeFactorsList, p ≤ c.y
hbal : c.a * c.b ≤ c.x * c.y
hu1 : c.x = terminalPrime (resource1 N (decode N c)) ∧ c.a = cofactor (resource1 N (decode N c))
hu0 : c.y = terminalPrime (resource0 N (decode N c)) ∧ c.b = cofactor (resource0 N (decode N c))
hx : c.x = r1 N (decode N c)
hy : c.y = r0 N (decode N c)
ha : c.a = h1 N (decode N c)
hb : c.b = h0 N (decode N c)
hc : directCondition N (decode N c)
⊢ sorry.b = c.b

case true.intro.intro.intro.intro.intro.intro.x
N : ℕ
c : FactorTuple
hv : ValidTuple N c
h : ResourceCell N (decode N c)
hf1 : c.a * c.x = resource1 N (decode N c)
hf0 : c.b * c.y = resource0 N (decode N c)
hd : c.direct = true
ha2 : 2 ≤ c.a
hb2 : 2 ≤ c.b
hxP : Nat.Prime c.x
hyP : Nat.Prime c.y
ho1 : ∀ p ∈ c.a.primeFactorsList, p ≤ c.x
ho0 : ∀ p ∈ c.b.primeFactorsList, p ≤ c.y
hbal : c.a * c.b ≤ c.x * c.y
hu1 : c.x = terminalPrime (resource1 N (decode N c)) ∧ c.a = cofactor (resource1 N (decode N c))
hu0 : c.y = terminalPrime (resource0 N (decode N c)) ∧ c.b = cofactor (resource0 N (decode N c))
hx : c.x = r1 N (decode N c)
hy : c.y = r0 N (decode N c)
ha : c.a = h1 N (decode N c)
hb : c.b = h0 N (decode N c)
hc : directCondition N (decode N c)
⊢ sorry.x = c.x

case true.intro.intro.intro.intro.intro.intro.y
N : ℕ
c : FactorTuple
hv : ValidTuple N c
h : ResourceCell N (decode N c)
hf1 : c.a * c.x = resource1 N (decode N c)
hf0 : c.b * c.y = resource0 N (decode N c)
hd : c.direct = true
ha2 : 2 ≤ c.a
hb2 : 2 ≤ c.b
hxP : Nat.Prime c.x
hyP : Nat.Prime c.y
ho1 : ∀ p ∈ c.a.primeFactorsList, p ≤ c.x
ho0 : ∀ p ∈ c.b.primeFactorsList, p ≤ c.y
hbal : c.a * c.b ≤ c.x * c.y
hu1 : c.x = terminalPrime (resource1 N (decode N c)) ∧ c.a = cofactor (resource1 N (decode N c))
hu0 : c.y = terminalPrime (resource0 N (decode N c)) ∧ c.b = cofactor (resource0 N (decode N c))
hx : c.x = r1 N (decode N c)
hy : c.y = r0 N (decode N c)
ha : c.a = h1 N (decode N c)
hb : c.b = h0 N (decode N c)
hc : directCondition N (decode N c)
⊢ sorry.y = c.y
D:\Users\Utilisateur\Desktop\Maths\Goldbach_Parity_20261002\round19\role4\BalancedResourceSwitch.lean:238:2: error: unsolved goals
case pos
N q : ℕ
hc : directCondition N q
⊢ sorry.a * sorry.b = h1 N q * h0 N q
D:\Users\Utilisateur\Desktop\Maths\Goldbach_Parity_20261002\round19\role4\BalancedResourceSwitch.lean:239:2: error: unsolved goals
case neg
N q : ℕ
hc : ¬directCondition N q
hr : r1 N q * r0 N q ≤ h1 N q * h0 N q
⊢ sorry.a * sorry.b = r1 N q * r0 N q
D:\Users\Utilisateur\Desktop\Maths\Goldbach_Parity_20261002\round19\role4\BalancedResourceSwitch.lean:259:57: error: omega could not prove the goal:
a possible counterexample may satisfy the constraints
  c ≥ 0
  c ≥ 0
  b ≥ 0
  a ≥ 0
  a - b ≥ 0
where
 a := ↑(resource1 N q) * ↑(resource0 N q)
 b := ↑(conductor (encode N q) ^ 2)
 c := ↑N
D:\Users\Utilisateur\Desktop\Maths\Goldbach_Parity_20261002\round19\role4\BalancedResourceSwitch.lean:263:4: error: linarith failed to find a contradiction
case h
N q : ℕ
h : ResourceCell N q
hc : conductor (encode N q) ^ 2 ≤ resource1 N q * resource0 N q
h1lt : resource1 N q < N
hp : 3 ≤ anchor N
a✝ : N - anchor N * q ≥ N
⊢ False failed
D:\Users\Utilisateur\Desktop\Maths\Goldbach_Parity_20261002\round19\role4\BalancedResourceSwitch.lean:304:34: error: unsolved goals
N q : ℕ
he : h1 N q * h0 N q = r1 N q * r0 N q
⊢ sorry.direct = true
'GoldbachRound19.Switch.anchor' depends on axioms: [propext, Classical.choice, Quot.sound]
'GoldbachRound19.Switch.resource1' does not depend on any axioms
'GoldbachRound19.Switch.resource0' depends on axioms: [propext, Classical.choice, Quot.sound]
'GoldbachRound19.Switch.h1' depends on axioms: [propext, Classical.choice, Quot.sound]
'GoldbachRound19.Switch.h0' depends on axioms: [propext, Classical.choice, Quot.sound]
'GoldbachRound19.Switch.r1' depends on axioms: [propext, Classical.choice, Quot.sound]
'GoldbachRound19.Switch.r0' depends on axioms: [propext, Classical.choice, Quot.sound]
'GoldbachRound19.Switch.ResourceCell' depends on axioms: [propext, Classical.choice, Quot.sound]
'GoldbachRound19.Switch.anchor_spec' depends on axioms: [propext, Classical.choice, Quot.sound]
'GoldbachRound19.Switch.anchor_three' depends on axioms: [propext, Classical.choice, Quot.sound]
'GoldbachRound19.Switch.anchor_unit' depends on axioms: [propext, Classical.choice, Quot.sound]
'GoldbachRound19.Switch.q_lt_N' depends on axioms: [propext, Classical.choice, Quot.sound]
'GoldbachRound19.Switch.resource1_unit' depends on axioms: [propext, Classical.choice, Quot.sound]
'GoldbachRound19.Switch.resource0_unit' depends on axioms: [propext, Classical.choice, Quot.sound]
'GoldbachRound19.Switch.resource_common_divisor_dvd_anchor_sub_one' depends on axioms: [propext,
 Classical.choice,
 Quot.sound]
'GoldbachRound19.Switch.canonical_resources_coprime' depends on axioms: [propext, Classical.choice, Quot.sound]
'GoldbachRound19.Switch.anchor_resource0_coprime' depends on axioms: [propext, Classical.choice, Quot.sound]
'GoldbachRound19.Switch.terminal_factorizations' depends on axioms: [propext, Classical.choice, Quot.sound]
'GoldbachRound19.Switch.terminal_primes' depends on axioms: [propext, Classical.choice, Quot.sound]
'GoldbachRound19.Switch.cofactors_two' depends on axioms: [propext, Classical.choice, Quot.sound]
'GoldbachRound19.Switch.FactorTuple' does not depend on any axioms
'GoldbachRound19.Switch.FactorTuple.ext' does not depend on any axioms
'GoldbachRound19.Switch.directCondition' depends on axioms: [propext, Classical.choice, Quot.sound]
'GoldbachRound19.Switch.encode' depends on axioms: [sorryAx]
'GoldbachRound19.Switch.decode' does not depend on any axioms
'GoldbachRound19.Switch.conductor' does not depend on any axioms
'GoldbachRound19.Switch.ChannelGuard' depends on axioms: [propext, Classical.choice, Quot.sound]
'GoldbachRound19.Switch.ValidTuple' depends on axioms: [propext, Classical.choice, Quot.sound]
'GoldbachRound19.Switch.encode_products' depends on axioms: [propext, sorryAx, Classical.choice, Quot.sound]
'GoldbachRound19.Switch.decode_encode' depends on axioms: [propext, sorryAx, Classical.choice, Quot.sound]
'GoldbachRound19.Switch.encode_channel' depends on axioms: [propext, sorryAx, Classical.choice, Quot.sound]
'GoldbachRound19.Switch.encode_valid' depends on axioms: [propext, sorryAx, Classical.choice, Quot.sound]
'GoldbachRound19.Switch.encode_injective' depends on axioms: [propext, sorryAx, Classical.choice, Quot.sound]
'GoldbachRound19.Switch.encode_decode' depends on axioms: [propext, sorryAx, Classical.choice, Quot.sound]
'GoldbachRound19.Switch.conductor_eq_min' depends on axioms: [propext, sorryAx, Classical.choice, Quot.sound]
'GoldbachRound19.Switch.conductor_square_le_resources' depends on axioms: [propext,
 sorryAx,
 Classical.choice,
 Quot.sound]
'GoldbachRound19.Switch.conductor_lt_N' depends on axioms: [propext, sorryAx, Classical.choice, Quot.sound]
'GoldbachRound19.Switch.balanced_integer_equation' depends on axioms: [propext, sorryAx, Classical.choice, Quot.sound]
'GoldbachRound19.Switch.conductor_coefficients_coprime' depends on axioms: [propext,
 sorryAx,
 Classical.choice,
 Quot.sound]
'GoldbachRound19.Switch.channel_equality_goes_D' depends on axioms: [propext, sorryAx, Classical.choice, Quot.sound]
'GoldbachRound19.Switch.three_strata' depends on axioms: [propext, Classical.choice, Quot.sound]
