'GoldbachRound19.NonSS.smallSemiprime' depends on axioms: [propext, Classical.choice, Quot.sound]
'GoldbachRound19.NonSS.nonSSSelector' depends on axioms: [propext, Classical.choice, Quot.sound]
'GoldbachRound19.NonSS.StructuralSupport' depends on axioms: [propext, Classical.choice, Quot.sound]
'GoldbachRound19.NonSS.physicalDomain' depends on axioms: [propext, Classical.choice, Quot.sound]
'GoldbachRound19.NonSS.encodeLabel' depends on axioms: [propext, Classical.choice, Quot.sound]
'GoldbachRound19.NonSS.decodeLabel' does not depend on any axioms
'GoldbachRound19.NonSS.factorDomain' depends on axioms: [propext, Classical.choice, Quot.sound]
'GoldbachRound19.NonSS.physicalDomain_support' depends on axioms: [propext, Classical.choice, Quot.sound]
'GoldbachRound19.NonSS.decode_encode_label' depends on axioms: [propext, Classical.choice, Quot.sound]
'GoldbachRound19.NonSS.encodeLabel_injective' depends on axioms: [propext, Classical.choice, Quot.sound]
'GoldbachRound19.NonSS.mem_factorDomain_iff' depends on axioms: [propext, Classical.choice, Quot.sound]
'GoldbachRound19.NonSS.balancedResourceEquiv' depends on axioms: [propext, Classical.choice, Quot.sound]
'GoldbachRound19.NonSS.physicalCoefficient' depends on axioms: [propext, Classical.choice, Quot.sound]
'GoldbachRound19.NonSS.thetaBracket' depends on axioms: [propext, Classical.choice, Quot.sound]
'GoldbachRound19.NonSS.rawLambda' depends on axioms: [propext, Classical.choice, Quot.sound]
'GoldbachRound19.NonSS.rawBracket' depends on axioms: [propext, Classical.choice, Quot.sound]
'GoldbachRound19.NonSS.thetaBracket_actual' depends on axioms: [propext, Classical.choice, Quot.sound]
'GoldbachRound19.NonSS.raw_prime_equals_theta' depends on axioms: [propext, Classical.choice, Quot.sound]
'GoldbachRound19.NonSS.literal_selected_properpower_price' depends on axioms: [propext, Classical.choice, Quot.sound]
'GoldbachRound19.NonSS.thetaCoordinateWeight' depends on axioms: [propext, Classical.choice, Quot.sound]
'GoldbachRound19.NonSS.rawCoordinateWeight' depends on axioms: [propext, Classical.choice, Quot.sound]
'GoldbachRound19.NonSS.theta_coordinate_reindex' depends on axioms: [propext, Classical.choice, Quot.sound]
'GoldbachRound19.NonSS.raw_coordinate_reindex' depends on axioms: [propext, Classical.choice, Quot.sound]
'GoldbachRound19.NonSS.nonSS_actual_bracket_switch' depends on axioms: [propext, Classical.choice, Quot.sound]
'GoldbachRound19.NonSS.nonSS_actual_raw_switch' depends on axioms: [propext, Classical.choice, Quot.sound]
'GoldbachRound19.NonSS.actual_conductor_bound' depends on axioms: [propext, Classical.choice, Quot.sound]
'GoldbachRound19.NonSS.actual_three_stratum_sum' depends on axioms: [propext, Classical.choice, Quot.sound]
'GoldbachRound19.NonSS.encodeSignedLabel' depends on axioms: [propext, Classical.choice, Quot.sound]
'GoldbachRound19.NonSS.signedDomain' depends on axioms: [propext, Classical.choice, Quot.sound]
'GoldbachRound19.NonSS.decodeSignedLabel' depends on axioms: [propext, Classical.choice, Quot.sound]
'GoldbachRound19.NonSS.decode_encode_signed_label' depends on axioms: [propext, Classical.choice, Quot.sound]
'GoldbachRound19.NonSS.signedLabel_injective' depends on axioms: [propext, Classical.choice, Quot.sound]
'GoldbachRound19.NonSS.mem_signedDomain_iff' depends on axioms: [propext, Classical.choice, Quot.sound]
'GoldbachRound19.NonSS.balancedSignedResourceEquiv' depends on axioms: [propext, Classical.choice, Quot.sound]
'GoldbachRound19.NonSS.physical_product_injective' depends on axioms: [propext, Classical.choice, Quot.sound]
'GoldbachRound19.NonSS.nonSquarefree_reciprocal_bracket_zero' depends on axioms: [propext, Classical.choice, Quot.sound]
'GoldbachRound19.NonSS.reciprocal0_raw_zero' depends on axioms: [propext, Classical.choice, Quot.sound]
'GoldbachRound19.NonSS.reciprocal0_theta_zero' depends on axioms: [propext, Classical.choice, Quot.sound]
'GoldbachRound19.NonSS.nonSS_actual_signed_CRT_switch' depends on axioms: [propext, Classical.choice, Quot.sound]
