'GoldbachRound19.RankCalibration.normalizedReference' depends on axioms: [propext, Classical.choice, Quot.sound]
'GoldbachRound19.RankCalibration.referenceMass' depends on axioms: [propext, Classical.choice, Quot.sound]
'GoldbachRound19.RankCalibration.centeredMass' depends on axioms: [propext, Classical.choice, Quot.sound]
'GoldbachRound19.RankCalibration.supportPrice' depends on axioms: [propext, Classical.choice, Quot.sound]
'GoldbachRound19.RankCalibration.cofactorWeight' depends on axioms: [propext, Classical.choice, Quot.sound]
'GoldbachRound19.RankCalibration.aggregateGamma' depends on axioms: [propext, Classical.choice, Quot.sound]
'GoldbachRound19.RankCalibration.aggregatePrice' depends on axioms: [propext, Classical.choice, Quot.sound]
'GoldbachRound19.RankCalibration.normalized_reference_zero_mass' depends on axioms: [propext,
 Classical.choice,
 Quot.sound]
'GoldbachRound19.RankCalibration.reference_mass_zero' depends on axioms: [propext, Classical.choice, Quot.sound]
'GoldbachRound19.RankCalibration.reference_mass_empty' depends on axioms: [propext, Classical.choice, Quot.sound]
'GoldbachRound19.RankCalibration.reference_mass_sum' depends on axioms: [propext, Classical.choice, Quot.sound]
'GoldbachRound19.RankCalibration.old_reference_is_normalized' depends on axioms: [propext, Classical.choice, Quot.sound]
'GoldbachRound19.RankCalibration.old_weighted_profile_is_centered_mass' depends on axioms: [propext,
 Classical.choice,
 Quot.sound]
'GoldbachRound19.RankCalibration.centered_mass_calibration' depends on axioms: [propext, Classical.choice, Quot.sound]
'GoldbachRound19.RankCalibration.support_price_two_steps' depends on axioms: [propext, Classical.choice, Quot.sound]
'GoldbachRound19.RankCalibration.weighted_rank_price_decomposition' depends on axioms: [propext,
 Classical.choice,
 Quot.sound]
'GoldbachRound19.RankCalibration.theta_weighted_rank_price_decomposition' depends on axioms: [propext,
 Classical.choice,
 Quot.sound]
'GoldbachRound19.RankCalibration.raw_weighted_rank_price_decomposition' depends on axioms: [propext,
 Classical.choice,
 Quot.sound]
'GoldbachRound19.RankCalibration.support_price_raw_theta_difference' depends on axioms: [propext,
 Classical.choice,
 Quot.sound]
'GoldbachRound19.RankCalibration.aggregate_price_raw_theta_difference' depends on axioms: [propext,
 Classical.choice,
 Quot.sound]
'GoldbachRound19.RankCalibration.rank_reference_empty_branch' depends on axioms: [propext, Classical.choice, Quot.sound]
'GoldbachRound19.RankCalibration.normalized_rank_price_cross_mean' depends on axioms: [propext,
 Classical.choice,
 Quot.sound]
'GoldbachRound19.RankCalibration.normalized_reference_change_bound' depends on axioms: [propext,
 Classical.choice,
 Quot.sound]
'GoldbachRound19.RankCalibration.normalized_reference_change_bound_card' depends on axioms: [propext,
 Classical.choice,
 Quot.sound]
'GoldbachRound19.RankCalibration.theta_nonnegative' depends on axioms: [propext, Classical.choice, Quot.sound]
'GoldbachRound19.RankCalibration.raw_nonnegative' depends on axioms: [propext, Classical.choice, Quot.sound]
'GoldbachRound19.RankCalibration.theta_candidate_bound' depends on axioms: [propext, Classical.choice, Quot.sound]
'GoldbachRound19.RankCalibration.reference_nonnegative' depends on axioms: [propext, Classical.choice, Quot.sound]
'GoldbachRound19.RankCalibration.canonical_profile_on_rank_face_nonpositive' depends on axioms: [propext,
 Classical.choice,
 Quot.sound]
'GoldbachRound19.RankCalibration.rank_face_prime_summand_nonpositive' depends on axioms: [propext,
 Classical.choice,
 Quot.sound]
'GoldbachRound19.RankCalibration.rank_face_raw_summand_nonpositive' depends on axioms: [propext,
 Classical.choice,
 Quot.sound]
