'GoldbachRound19.Terminal.omega' depends on axioms: [propext, Classical.choice, Quot.sound]
'GoldbachRound19.Terminal.terminalPrime' depends on axioms: [propext, Classical.choice, Quot.sound]
'GoldbachRound19.Terminal.largestPrime' depends on axioms: [propext, Classical.choice, Quot.sound]
'GoldbachRound19.Terminal.cofactor' depends on axioms: [propext, Classical.choice, Quot.sound]
'GoldbachRound19.Terminal.terminalPrime_mem' depends on axioms: [propext, Classical.choice, Quot.sound]
'GoldbachRound19.Terminal.terminalPrime_prime' depends on axioms: [propext, Classical.choice, Quot.sound]
'GoldbachRound19.Terminal.terminalPrime_dvd' depends on axioms: [propext, Classical.choice, Quot.sound]
'GoldbachRound19.Terminal.primeFactor_le_terminal' depends on axioms: [propext, Classical.choice, Quot.sound]
'GoldbachRound19.Terminal.largestPrime_eq_terminal' depends on axioms: [propext, Classical.choice, Quot.sound]
'GoldbachRound19.Terminal.largestPrime_one' depends on axioms: [propext, Classical.choice, Quot.sound]
'GoldbachRound19.Terminal.terminal_factorization' depends on axioms: [propext, Classical.choice, Quot.sound]
'GoldbachRound19.Terminal.cofactor_pos' depends on axioms: [propext, Classical.choice, Quot.sound]
'GoldbachRound19.Terminal.cofactor_dvd' depends on axioms: [propext, Classical.choice, Quot.sound]
'GoldbachRound19.Terminal.cofactor_prime_order' depends on axioms: [propext, Classical.choice, Quot.sound]
'GoldbachRound19.Terminal.omega_terminal' depends on axioms: [propext, Classical.choice, Quot.sound]
'GoldbachRound19.Terminal.terminalPrime_of_prime' depends on axioms: [propext, Classical.choice, Quot.sound]
'GoldbachRound19.Terminal.cofactor_of_prime' depends on axioms: [propext, Classical.choice, Quot.sound]
'GoldbachRound19.Terminal.composite_iff_cofactor_two' depends on axioms: [propext, Classical.choice, Quot.sound]
'GoldbachRound19.Terminal.largestPrimeExtraction_unique' depends on axioms: [propext, Classical.choice, Quot.sound]
'GoldbachRound19.Terminal.terminalPrime_prime_power' depends on axioms: [propext, Classical.choice, Quot.sound]
'GoldbachRound19.Terminal.omega_prime_power' depends on axioms: [propext, Classical.choice, Quot.sound]
'GoldbachRound19.Terminal.repeated_terminal_example' depends on axioms: [propext, Classical.choice, Quot.sound]
