{
  "status": "PASS_EXACT_REPLAY",
  "N": 100000000,
  "outputs_isolated": true,
  "preserved_previous_artifacts": {
    "status": "PRESERVED",
    "files": 190,
    "baseline_sha256": "900367574d957bfe8e48341ca532022fc0e742d5a001099e3d402863e467de61"
  },
  "checks": [
    {
      "file": "logarithmic.json",
      "status": "PASS_IDENTITY_ONLY",
      "all_fields_equal": true,
      "original_sha256": "00f7d0faf027e3b8f31844e4af9042cc2983eaf34aff91994f85af56dbba40d9",
      "replay_sha256": "00f7d0faf027e3b8f31844e4af9042cc2983eaf34aff91994f85af56dbba40d9",
      "original_script_sha256": "eb122b2c44e52a053c38d09ad6e3b7c3abe2167bed2c6c23fbc78b62baba789a"
    },
    {
      "file": "jacobi.json",
      "status": "PASS_IDENTITIES_ONLY",
      "all_fields_equal": true,
      "original_sha256": "1874d65c4e3d224e03151719a3ed685b1c2127c6ac763c92f44e812bcee9bb13",
      "replay_sha256": "1874d65c4e3d224e03151719a3ed685b1c2127c6ac763c92f44e812bcee9bb13",
      "original_script_sha256": "145946390471b70630b29e3c43918db4db4ba432021709b50b0e8a0f51bdbc9d"
    },
    {
      "file": "trace.json",
      "status": "PASS_EXACT_CONNECTION_ONLY",
      "all_fields_equal": true,
      "original_sha256": "919e2d2ae72eadc6ccf713e42c041c5fbac522024f812682379e842f74f972e2",
      "replay_sha256": "919e2d2ae72eadc6ccf713e42c041c5fbac522024f812682379e842f74f972e2",
      "original_script_sha256": "a45cce7c07868c8d994bc76d82fad9666b08bd6635b2c99312f77ae4d40a36c0"
    }
  ],
  "lean_invoked": false
}
