D:\Users\Utilisateur\Desktop\Maths\Goldbach_Parity_20261002\round22\judge5\batch15\sources\DiscreteThermalProjection22.lean:44:12: warning: Used `tac1 <;> tac2` where `(tac1; tac2)` would suffice
note: this linter can be disabled with `set_option linter.unnecessarySeqFocus false`
D:\Users\Utilisateur\Desktop\Maths\Goldbach_Parity_20261002\round22\judge5\batch15\sources\DiscreteThermalProjection22.lean:157:12: warning: Used `tac1 <;> tac2` where `(tac1; tac2)` would suffice
note: this linter can be disabled with `set_option linter.unnecessarySeqFocus false`
D:\Users\Utilisateur\Desktop\Maths\Goldbach_Parity_20261002\round22\judge5\batch15\sources\DiscreteThermalProjection22.lean:166:12: warning: Used `tac1 <;> tac2` where `(tac1; tac2)` would suffice
note: this linter can be disabled with `set_option linter.unnecessarySeqFocus false`
D:\Users\Utilisateur\Desktop\Maths\Goldbach_Parity_20261002\round22\judge5\batch15\sources\DiscreteThermalProjection22.lean:181:16: warning: Used `tac1 <;> tac2` where `(tac1; tac2)` would suffice
note: this linter can be disabled with `set_option linter.unnecessarySeqFocus false`
D:\Users\Utilisateur\Desktop\Maths\Goldbach_Parity_20261002\round22\judge5\batch15\sources\DiscreteThermalProjection22.lean:194:39: warning: Used `tac1 <;> tac2` where `(tac1; tac2)` would suffice
note: this linter can be disabled with `set_option linter.unnecessarySeqFocus false`
D:\Users\Utilisateur\Desktop\Maths\Goldbach_Parity_20261002\round22\judge5\batch15\sources\DiscreteThermalProjection22.lean:265:12: warning: Used `tac1 <;> tac2` where `(tac1; tac2)` would suffice
note: this linter can be disabled with `set_option linter.unnecessarySeqFocus false`
D:\Users\Utilisateur\Desktop\Maths\Goldbach_Parity_20261002\round22\judge5\batch15\sources\DiscreteThermalProjection22.lean:271:54: warning: Used `tac1 <;> tac2` where `(tac1; tac2)` would suffice
note: this linter can be disabled with `set_option linter.unnecessarySeqFocus false`
'GoldbachDiscreteCircle22.gridRoot' depends on axioms: [propext, Classical.choice, Quot.sound]
'GoldbachDiscreteCircle22.gridCharacter' depends on axioms: [propext, Classical.choice, Quot.sound]
'GoldbachDiscreteCircle22.gridAngle' depends on axioms: [propext, Classical.choice, Quot.sound]
'GoldbachDiscreteCircle22.gridRoot_primitive' depends on axioms: [propext, Classical.choice, Quot.sound]
'GoldbachDiscreteCircle22.gridCharacter_eq_root_pow' depends on axioms: [propext, Classical.choice, Quot.sound]
'GoldbachDiscreteCircle22.gridCharacter_eq_angle' depends on axioms: [propext, Classical.choice, Quot.sound]
'GoldbachDiscreteCircle22.sum_gridCharacter' depends on axioms: [propext, Classical.choice, Quot.sound]
'GoldbachDiscreteCircle22.grid_divides_iff_zero' depends on axioms: [propext, Classical.choice, Quot.sound]
'GoldbachDiscreteCircle22.sum_gridCharacter_no_alias' depends on axioms: [propext, Classical.choice, Quot.sound]
'GoldbachDiscreteCircle22.rectangle_frequency_bounds' depends on axioms: [propext, Classical.choice, Quot.sound]
'GoldbachDiscreteCircle22.sum_rectangle_character' depends on axioms: [propext, Classical.choice, Quot.sound]
'GoldbachDiscreteCircle22.heatRatio' depends on axioms: [propext, Classical.choice, Quot.sound]
'GoldbachDiscreteCircle22.discreteHeatTerm' depends on axioms: [propext, Classical.choice, Quot.sound]
'GoldbachDiscreteCircle22.discreteHeatPartial' depends on axioms: [propext, Classical.choice, Quot.sound]
'GoldbachDiscreteCircle22.trueCircleHeatPartial' depends on axioms: [propext, Classical.choice, Quot.sound]
'GoldbachDiscreteCircle22.lambdaCoefficient' depends on axioms: [propext, Classical.choice, Quot.sound]
'GoldbachDiscreteCircle22.discreteThermalProjection' depends on axioms: [propext, Classical.choice, Quot.sound]
'GoldbachDiscreteCircle22.heatRatio_pow' depends on axioms: [propext, Classical.choice, Quot.sound]
'GoldbachDiscreteCircle22.discreteHeatPartial_eq_trueCircle' depends on axioms: [propext, Classical.choice, Quot.sound]
'GoldbachDiscreteCircle22.gridCharacter_pair' depends on axioms: [propext, Classical.choice, Quot.sound]
'GoldbachDiscreteCircle22.discreteHeat_pair' depends on axioms: [propext, Classical.choice, Quot.sound]
'GoldbachDiscreteCircle22.discrete_normalizer_cancel' depends on axioms: [propext, Classical.choice, Quot.sound]
'GoldbachDiscreteCircle22.normalized_discrete_pair' depends on axioms: [propext, Classical.choice, Quot.sound]
'GoldbachDiscreteCircle22.discretePartial_square_expansion' depends on axioms: [propext, Classical.choice, Quot.sound]
'GoldbachDiscreteCircle22.discreteProjection_eq_rectangle' depends on axioms: [propext, Classical.choice, Quot.sound]
'GoldbachDiscreteCircle22.rectangle_filter_antidiagonal' depends on axioms: [propext, Classical.choice, Quot.sound]
'GoldbachDiscreteCircle22.discreteThermalProjection_eq_coefficient' depends on axioms: [propext,
 Classical.choice,
 Quot.sound]
'GoldbachDiscreteCircle22.lambdaCoefficient_eq_sum' depends on axioms: [propext, Classical.choice, Quot.sound]
'GoldbachDiscreteCircle22.sampled_trueCircle_eq_coefficient' depends on axioms: [propext, Classical.choice, Quot.sound]
