'GoldbachRound18.DoubleExtraction.constant1' depends on axioms: [propext, Classical.choice, Quot.sound]
'GoldbachRound18.DoubleExtraction.constant0' depends on axioms: [propext, Classical.choice, Quot.sound]
'GoldbachRound18.DoubleExtraction.slope' depends on axioms: [propext, Classical.choice, Quot.sound]
'GoldbachRound18.DoubleExtraction.constant' depends on axioms: [propext, Classical.choice, Quot.sound]
'GoldbachRound18.DoubleExtraction.affine' depends on axioms: [propext, Classical.choice, Quot.sound]
'GoldbachRound18.DoubleExtraction.dividedForm' depends on axioms: [propext, Classical.choice, Quot.sound]
'GoldbachRound18.DoubleExtraction.determinant' depends on axioms: [propext, Classical.choice, Quot.sound]
'GoldbachRound18.DoubleExtraction.slopeProduct' depends on axioms: [propext, Classical.choice, Quot.sound]
'GoldbachRound18.DoubleExtraction.determinantProduct' depends on axioms: [propext, Classical.choice, Quot.sound]
'GoldbachRound18.DoubleExtraction.signedDelta' depends on axioms: [propext, Classical.choice, Quot.sound]
'GoldbachRound18.DoubleExtraction.actualDelta' depends on axioms: [propext, Classical.choice, Quot.sound]
'GoldbachRound18.DoubleExtraction.representative_le_N' depends on axioms: [propext, Classical.choice, Quot.sound]
'GoldbachRound18.DoubleExtraction.anchor_representative_le_N' depends on axioms: [propext, Classical.choice, Quot.sound]
'GoldbachRound18.DoubleExtraction.constant1_identity' depends on axioms: [propext, Classical.choice, Quot.sound]
'GoldbachRound18.DoubleExtraction.constant0_identity' depends on axioms: [propext, Classical.choice, Quot.sound]
'GoldbachRound18.DoubleExtraction.affine_q_at_index' depends on axioms: [propext, Classical.choice, Quot.sound]
'GoldbachRound18.DoubleExtraction.affine_target_at_index' depends on axioms: [propext, Classical.choice, Quot.sound]
'GoldbachRound18.DoubleExtraction.affine_resource1_at_index' depends on axioms: [propext, Classical.choice, Quot.sound]
'GoldbachRound18.DoubleExtraction.affine_resource0_at_index' depends on axioms: [propext, Classical.choice, Quot.sound]
'GoldbachRound18.DoubleExtraction.dividedForm_at_index' depends on axioms: [propext, Classical.choice, Quot.sound]
'GoldbachRound18.DoubleExtraction.determinant01' depends on axioms: [propext, Classical.choice, Quot.sound]
'GoldbachRound18.DoubleExtraction.determinant02' depends on axioms: [propext, Classical.choice, Quot.sound]
'GoldbachRound18.DoubleExtraction.determinant03' depends on axioms: [propext, Classical.choice, Quot.sound]
'GoldbachRound18.DoubleExtraction.determinant12' depends on axioms: [propext, Classical.choice, Quot.sound]
'GoldbachRound18.DoubleExtraction.determinant13' depends on axioms: [propext, Classical.choice, Quot.sound]
'GoldbachRound18.DoubleExtraction.determinant23' depends on axioms: [propext, Classical.choice, Quot.sound]
'GoldbachRound18.DoubleExtraction.slopeProduct_eq' depends on axioms: [propext, Classical.choice, Quot.sound]
'GoldbachRound18.DoubleExtraction.signedDelta_eq' depends on axioms: [propext, Classical.choice, Quot.sound]
'GoldbachRound18.DoubleExtraction.actualDelta_eq' depends on axioms: [propext, Classical.choice, Quot.sound]
'GoldbachRound18.DoubleExtraction.actualDelta_positive' depends on axioms: [propext, Classical.choice, Quot.sound]
'GoldbachRound18.DoubleExtraction.prime_divisors_actualDelta' depends on axioms: [propext, Classical.choice, Quot.sound]
