D:\Users\Utilisateur\Desktop\Maths\Goldbach_Parity_20261002\round18\judge\build\SeparatedTypeIICount.lean:238:4: warning: 'push_cast' tactic does nothing
note: this linter can be disabled with `set_option linter.unusedTactic false`
'GoldbachRound18.SeparatedTypeII.arithmeticDensity' depends on axioms: [propext, Classical.choice, Quot.sound]
'GoldbachRound18.SeparatedTypeII.arithmeticFront' depends on axioms: [propext, Classical.choice, Quot.sound]
'GoldbachRound18.SeparatedTypeII.rowCount' depends on axioms: [propext, Quot.sound]
'GoldbachRound18.SeparatedTypeII.inverseResidue' depends on axioms: [propext, Quot.sound]
'GoldbachRound18.SeparatedTypeII.crtResidue' depends on axioms: [propext, Classical.choice, Quot.sound]
'GoldbachRound18.SeparatedTypeII.inverse_residue_equation' depends on axioms: [propext, Classical.choice, Quot.sound]
'GoldbachRound18.SeparatedTypeII.crt_residue_characterization' depends on axioms: [propext,
 Classical.choice,
 Quot.sound]
'GoldbachRound18.SeparatedTypeII.residue_front' depends on axioms: [propext, Classical.choice, Quot.sound]
'GoldbachRound18.SeparatedTypeII.unit_indicator_moebius' depends on axioms: [propext, Classical.choice, Quot.sound]
'GoldbachRound18.SeparatedTypeII.sifted_count_inclusion' depends on axioms: [propext, Classical.choice, Quot.sound]
'GoldbachRound18.SeparatedTypeII.units_inclusion' depends on axioms: [propext, Classical.choice, Quot.sound]
'GoldbachRound18.SeparatedTypeII.arithmetic_density_totient' depends on axioms: [propext, Classical.choice, Quot.sound]
'GoldbachRound18.SeparatedTypeII.arithmetic_density_positive' depends on axioms: [propext, Classical.choice, Quot.sound]
'GoldbachRound18.SeparatedTypeII.arithmetic_front_nonnegative' depends on axioms: [propext,
 Classical.choice,
 Quot.sound]
'GoldbachRound18.SeparatedTypeII.arithmetic_front_squarefree_count' depends on axioms: [propext,
 Classical.choice,
 Quot.sound]
'GoldbachRound18.SeparatedTypeII.inclusion_front' depends on axioms: [propext, Classical.choice, Quot.sound]
'GoldbachRound18.SeparatedTypeII.unit_count_front' depends on axioms: [propext, Classical.choice, Quot.sound]
'GoldbachRound18.SeparatedTypeII.row_count_front' depends on axioms: [propext, Classical.choice, Quot.sound]
'GoldbachRound18.SeparatedTypeII.omitted_count_rows' depends on axioms: [propext, Classical.choice, Quot.sound]
