{"stage": "stored_numeric_audit_complete", "certificate_positions": 1879, "falsifiers": 4, "promotions_without_counterexample": 1, "new_producer_invocations": 0}
{"stage": "independent_new_Lean_compile", "module": "LeastMissingPrimeMargin", "exit_code": 0, "theorems": 9, "definitions": 0, "warnings": 0}
{"stage": "independent_new_Lean_compile", "module": "EulerAnchor", "exit_code": 0, "theorems": 27, "definitions": 8, "warnings": 0}
{
  "status": "PARTIAL_CANONICAL_REAL_SINGULAR_MARGIN_COMPILED_GLOBAL_INCIDENCE_OPEN",
  "frozen_files": 78,
  "protected_files": 701,
  "numeric_bindings": 30,
  "existing_copies": 2,
  "rational_certificate_positions": 1879,
  "new_modules": 2,
  "new_theorems": 36,
  "new_definitions": 8,
  "cumulative_modules": 17,
  "cumulative_theorems": 244,
  "actual_producer_Lean_failures": 9,
  "independent_compiles": 2,
  "independent_compile_failures": 0,
  "victory": false,
  "score": 0
}
