{"cells_completed_each_case": 256, "cells_total_each_case": 9728, "case_count": 21}
{"cells_completed_each_case": 512, "cells_total_each_case": 9728, "case_count": 21}
{"cells_completed_each_case": 768, "cells_total_each_case": 9728, "case_count": 21}
{"cells_completed_each_case": 1024, "cells_total_each_case": 9728, "case_count": 21}
{"cells_completed_each_case": 1280, "cells_total_each_case": 9728, "case_count": 21}
{"cells_completed_each_case": 1536, "cells_total_each_case": 9728, "case_count": 21}
{"cells_completed_each_case": 1792, "cells_total_each_case": 9728, "case_count": 21}
{"cells_completed_each_case": 2048, "cells_total_each_case": 9728, "case_count": 21}
{"cells_completed_each_case": 2304, "cells_total_each_case": 9728, "case_count": 21}
{"cells_completed_each_case": 2560, "cells_total_each_case": 9728, "case_count": 21}
{"cells_completed_each_case": 2816, "cells_total_each_case": 9728, "case_count": 21}
{"cells_completed_each_case": 3072, "cells_total_each_case": 9728, "case_count": 21}
{"cells_completed_each_case": 3328, "cells_total_each_case": 9728, "case_count": 21}
{"cells_completed_each_case": 3584, "cells_total_each_case": 9728, "case_count": 21}
{"cells_completed_each_case": 3840, "cells_total_each_case": 9728, "case_count": 21}
{"cells_completed_each_case": 4096, "cells_total_each_case": 9728, "case_count": 21}
{"cells_completed_each_case": 4352, "cells_total_each_case": 9728, "case_count": 21}
{"cells_completed_each_case": 4608, "cells_total_each_case": 9728, "case_count": 21}
{"cells_completed_each_case": 4864, "cells_total_each_case": 9728, "case_count": 21}
{"cells_completed_each_case": 5120, "cells_total_each_case": 9728, "case_count": 21}
{"cells_completed_each_case": 5376, "cells_total_each_case": 9728, "case_count": 21}
{"cells_completed_each_case": 5632, "cells_total_each_case": 9728, "case_count": 21}
{"cells_completed_each_case": 5888, "cells_total_each_case": 9728, "case_count": 21}
{"cells_completed_each_case": 6144, "cells_total_each_case": 9728, "case_count": 21}
{"cells_completed_each_case": 6400, "cells_total_each_case": 9728, "case_count": 21}
{"cells_completed_each_case": 6656, "cells_total_each_case": 9728, "case_count": 21}
{"cells_completed_each_case": 6912, "cells_total_each_case": 9728, "case_count": 21}
{"cells_completed_each_case": 7168, "cells_total_each_case": 9728, "case_count": 21}
{"cells_completed_each_case": 7424, "cells_total_each_case": 9728, "case_count": 21}
{"cells_completed_each_case": 7680, "cells_total_each_case": 9728, "case_count": 21}
{"cells_completed_each_case": 7936, "cells_total_each_case": 9728, "case_count": 21}
{"cells_completed_each_case": 8192, "cells_total_each_case": 9728, "case_count": 21}
{"cells_completed_each_case": 8448, "cells_total_each_case": 9728, "case_count": 21}
{"cells_completed_each_case": 8704, "cells_total_each_case": 9728, "case_count": 21}
{"cells_completed_each_case": 8960, "cells_total_each_case": 9728, "case_count": 21}
{"cells_completed_each_case": 9216, "cells_total_each_case": 9728, "case_count": 21}
{"cells_completed_each_case": 9472, "cells_total_each_case": 9728, "case_count": 21}
{"cells_completed_each_case": 9728, "cells_total_each_case": 9728, "case_count": 21}
{"sigma": "1", "gamma": 0, "case_status": "GAMMA_AUX_CASE_PASS", "mutant": null}
{"sigma": "1", "gamma": 1, "case_status": "GAMMA_AUX_CASE_PASS", "mutant": true}
{"sigma": "1", "gamma": -1, "case_status": "GAMMA_AUX_CASE_PASS", "mutant": true}
{"sigma": "1", "gamma": 10, "case_status": "GAMMA_AUX_CASE_PASS", "mutant": true}
{"sigma": "1", "gamma": -10, "case_status": "GAMMA_AUX_CASE_PASS", "mutant": true}
{"sigma": "1", "gamma": 100, "case_status": "GAMMA_AUX_CASE_PASS", "mutant": null}
{"sigma": "1", "gamma": -100, "case_status": "GAMMA_AUX_CASE_PASS", "mutant": null}
{"sigma": "3/2", "gamma": 0, "case_status": "GAMMA_AUX_CASE_PASS", "mutant": null}
{"sigma": "3/2", "gamma": 1, "case_status": "GAMMA_AUX_CASE_PASS", "mutant": true}
{"sigma": "3/2", "gamma": -1, "case_status": "GAMMA_AUX_CASE_PASS", "mutant": true}
{"sigma": "3/2", "gamma": 10, "case_status": "GAMMA_AUX_CASE_PASS", "mutant": true}
{"sigma": "3/2", "gamma": -10, "case_status": "GAMMA_AUX_CASE_PASS", "mutant": true}
{"sigma": "3/2", "gamma": 100, "case_status": "GAMMA_AUX_CASE_PASS", "mutant": null}
{"sigma": "3/2", "gamma": -100, "case_status": "GAMMA_AUX_CASE_PASS", "mutant": null}
{"sigma": "2", "gamma": 0, "case_status": "GAMMA_AUX_CASE_PASS", "mutant": null}
{"sigma": "2", "gamma": 1, "case_status": "GAMMA_AUX_CASE_PASS", "mutant": true}
{"sigma": "2", "gamma": -1, "case_status": "GAMMA_AUX_CASE_PASS", "mutant": true}
{"sigma": "2", "gamma": 10, "case_status": "GAMMA_AUX_CASE_PASS", "mutant": true}
{"sigma": "2", "gamma": -10, "case_status": "GAMMA_AUX_CASE_PASS", "mutant": true}
{"sigma": "2", "gamma": 100, "case_status": "GAMMA_AUX_CASE_PASS", "mutant": null}
{"sigma": "2", "gamma": -100, "case_status": "GAMMA_AUX_CASE_PASS", "mutant": null}
{"verdict": "GAMMA_ROTATED_LAPLACE_AUX_PASS", "cases": 21, "mutation_detected": 12}
