D:\Users\Utilisateur\Desktop\Maths\Goldbach_Parity_20261002\round22\judge5\batch33\sources\ComplexGammaMellinLambda22.lean:149:4: error: type mismatch, term
  continuous_const
after simplification has type
  Continuous fun x => 0 : Prop
but is expected to have type
  Continuous (lambdaMellinCoefficient 0) : Prop
D:\Users\Utilisateur\Desktop\Maths\Goldbach_Parity_20261002\round22\judge5\batch33\sources\ComplexGammaMellinLambda22.lean:181:62: warning: unused variable `hw`
note: this linter can be disabled with `set_option linter.unusedVariables false`
'GoldbachComplexGammaMellin22.lambdaMellinSize' depends on axioms: [propext, Classical.choice, Quot.sound]
'GoldbachComplexGammaMellin22.lambdaMellinMass' depends on axioms: [propext, Classical.choice, Quot.sound]
'GoldbachComplexGammaMellin22.lambdaMellinCoefficient' depends on axioms: [propext, Classical.choice, Quot.sound]
'GoldbachComplexGammaMellin22.lambdaMellinDirichlet' depends on axioms: [propext, Classical.choice, Quot.sound]
'GoldbachComplexGammaMellin22.lambdaMellinIntegrand' depends on axioms: [propext, Classical.choice, Quot.sound]
'GoldbachComplexGammaMellin22.lambdaMellinThermal' depends on axioms: [propext, Classical.choice, Quot.sound]
'GoldbachComplexGammaMellin22.lambda_direct_le_log' depends on axioms: [propext, Classical.choice, Quot.sound]
'GoldbachComplexGammaMellin22.lambdaMellinSize_nonneg' depends on axioms: [propext, Classical.choice, Quot.sound]
'GoldbachComplexGammaMellin22.lambdaMellinSize_pseries_bound' depends on axioms: [propext, Classical.choice, Quot.sound]
'GoldbachComplexGammaMellin22.lambdaMellinSize_summable' depends on axioms: [propext, Classical.choice, Quot.sound]
'GoldbachComplexGammaMellin22.mellin_pseries_shift_two_sum_le' depends on axioms: [propext,
 Classical.choice,
 Quot.sound]
'GoldbachComplexGammaMellin22.mellin_pseries_tsum_le_three' depends on axioms: [propext, Classical.choice, Quot.sound]
'GoldbachComplexGammaMellin22.lambdaMellinMass_le_six' depends on axioms: [propext, Classical.choice, Quot.sound]
'GoldbachComplexGammaMellin22.lambdaMellinMass_nonneg' depends on axioms: [propext, Classical.choice, Quot.sound]
'GoldbachComplexGammaMellin22.norm_lambdaMellinCoefficient' depends on axioms: [propext, Classical.choice, Quot.sound]
'GoldbachComplexGammaMellin22.lambdaMellinCoefficient_norm_summable' depends on axioms: [propext,
 Classical.choice,
 Quot.sound]
'GoldbachComplexGammaMellin22.lambdaMellinCoefficient_continuous' depends on axioms: [propext,
 sorryAx,
 Classical.choice,
 Quot.sound]
'GoldbachComplexGammaMellin22.lambdaMellinDirichlet_continuous' depends on axioms: [propext,
 sorryAx,
 Classical.choice,
 Quot.sound]
'GoldbachComplexGammaMellin22.norm_lambdaMellinDirichlet_le' depends on axioms: [propext, Classical.choice, Quot.sound]
'GoldbachComplexGammaMellin22.norm_lambdaMellinIntegrand' depends on axioms: [propext, Classical.choice, Quot.sound]
'GoldbachComplexGammaMellin22.lambdaMellinIntegrand_integrable' depends on axioms: [propext,
 sorryAx,
 Classical.choice,
 Quot.sound]
'GoldbachComplexGammaMellin22.lambdaMellinIntegrand_integral_norm_summable' depends on axioms: [propext,
 Classical.choice,
 Quot.sound]
'GoldbachComplexGammaMellin22.lambdaMellinIntegrand_tsum_eq' depends on axioms: [propext, Classical.choice, Quot.sound]
'GoldbachComplexGammaMellin22.lambdaMellinProduct_integrable' depends on axioms: [propext,
 sorryAx,
 Classical.choice,
 Quot.sound]
'GoldbachComplexGammaMellin22.lambdaMellinProduct_local_uniform_bound' depends on axioms: [propext,
 Classical.choice,
 Quot.sound]
'GoldbachComplexGammaMellin22.lambdaMellinProduct_local_envelope_integrable' depends on axioms: [propext,
 Classical.choice,
 Quot.sound]
'GoldbachComplexGammaMellin22.principal_cpow_positive_mul' depends on axioms: [propext, Classical.choice, Quot.sound]
'GoldbachComplexGammaMellin22.lambdaMellinIntegrand_single_inversion' depends on axioms: [propext,
 Classical.choice,
 Quot.sound]
'GoldbachComplexGammaMellin22.lambdaMellinThermal_norm_summable' depends on axioms: [propext,
 Classical.choice,
 Quot.sound]
'GoldbachComplexGammaMellin22.lambdaMellinThermal_eq_integral' depends on axioms: [propext,
 sorryAx,
 Classical.choice,
 Quot.sound]
