'GoldbachRound10.ShortDivisorComplement.short_divisor_complement' depends on axioms: [propext,
 Classical.choice,
 Quot.sound]
'GoldbachRound10.ShortDivisorComplement.short_divisor_complement_source' depends on axioms: [propext,
 Classical.choice,
 Quot.sound]
'GoldbachRound10.ShortDivisorComplement.at_one' depends on axioms: [propext, Classical.choice, Quot.sound]
'GoldbachRound10.ShortDivisorComplement.physical_short_divisor_complement_source' depends on axioms: [propext,
 Classical.choice,
 Quot.sound]
'GoldbachRound10.ShortDivisorComplement.mu_mul_of_coprime' depends on axioms: [propext, Classical.choice, Quot.sound]
'GoldbachRound10.ShortDivisorComplement.mu_square_of_squarefree' depends on axioms: [propext,
 Classical.choice,
 Quot.sound]
'GoldbachRound10.ShortDivisorComplement.mu_zero_of_not_squarefree' depends on axioms: [propext,
 Classical.choice,
 Quot.sound]
'GoldbachRound10.ShortDivisorComplement.quotient_coprime' depends on axioms: [propext, Classical.choice, Quot.sound]
'GoldbachRound10.ShortDivisorComplement.complementary_moebius' depends on axioms: [propext,
 Classical.choice,
 Quot.sound]
'GoldbachRound10.ShortDivisorComplement.logarithm_complement' depends on axioms: [propext, Classical.choice, Quot.sound]
'GoldbachRound10.ShortDivisorComplement.strict_front_iff' depends on axioms: [propext, Classical.choice, Quot.sound]
'GoldbachRound10.ShortDivisorComplement.active_divisor_below_cap' depends on axioms: [propext, Quot.sound]
'GoldbachRound10.ShortDivisorComplement.whole_coefficient_eq_long_sum' depends on axioms: [propext,
 Classical.choice,
 Quot.sound]
'GoldbachRound10.ShortDivisorComplement.short_plus_long' depends on axioms: [propext, Classical.choice, Quot.sound]
'GoldbachRound10.ShortDivisorComplement.short_divisor_complement' depends on axioms: [propext,
 Classical.choice,
 Quot.sound]
'GoldbachRound10.ShortDivisorComplement.source_cap' depends on axioms: [propext, Quot.sound]
'GoldbachRound10.ShortDivisorComplement.short_divisor_complement_source' depends on axioms: [propext,
 Classical.choice,
 Quot.sound]
'GoldbachRound10.ShortDivisorComplement.physical_divisor_units' depends on axioms: [propext]
'GoldbachRound10.ShortDivisorComplement.physical_kernel_eq' depends on axioms: [propext, Classical.choice, Quot.sound]
'GoldbachRound10.ShortDivisorComplement.physical_short_divisor_complement_source' depends on axioms: [propext,
 Classical.choice,
 Quot.sound]
'GoldbachRound10.ShortDivisorComplement.at_one' depends on axioms: [propext, Classical.choice, Quot.sound]
