OPERATIONAL_WALL_LIMIT_SECONDS 86400
PROGRESS preflight_start elapsed_seconds=0
PREFLIGHT_EXACT_SERIES_COMPARISONS 128 PASS
PROGRESS preflight_finish elapsed_seconds=0
PROGRESS catalogue_factor_read_start elapsed_seconds=0
PROGRESS catalogue_factor_read_finish elapsed_seconds=1
PROGRESS catalogue_lucas_A32_log40_start elapsed_seconds=1
PROGRESS catalogue primes=100000 n=1299709 elapsed_seconds=15
PROGRESS catalogue primes=200000 n=2750159 elapsed_seconds=29
PROGRESS catalogue primes=300000 n=4256233 elapsed_seconds=43
PROGRESS catalogue primes=400000 n=5800079 elapsed_seconds=58
PROGRESS catalogue primes=500000 n=7368787 elapsed_seconds=73
PROGRESS catalogue primes=600000 n=8960453 elapsed_seconds=88
PROGRESS catalogue primes=700000 n=10570841 elapsed_seconds=104
PROGRESS catalogue primes=800000 n=12195257 elapsed_seconds=119
PROGRESS catalogue primes=900000 n=13834103 elapsed_seconds=134
PROGRESS catalogue primes=1000000 n=15485863 elapsed_seconds=150
PROGRESS catalogue primes=1100000 n=17144489 elapsed_seconds=165
PROGRESS catalogue primes=1200000 n=18815231 elapsed_seconds=181
PROGRESS catalogue primes=1300000 n=20495843 elapsed_seconds=196
PROGRESS catalogue primes=1400000 n=22182343 elapsed_seconds=212
PROGRESS catalogue primes=1500000 n=23879519 elapsed_seconds=227
PROGRESS catalogue primes=1600000 n=25582153 elapsed_seconds=243
PROGRESS catalogue primes=1700000 n=27290279 elapsed_seconds=259
PROGRESS catalogue primes=1800000 n=29005541 elapsed_seconds=274
PROGRESS catalogue primes=1900000 n=30723761 elapsed_seconds=290
PROGRESS catalogue primes=2000000 n=32452843 elapsed_seconds=307
PROGRESS catalogue primes=2100000 n=34186049 elapsed_seconds=324
PROGRESS catalogue primes=2200000 n=35926307 elapsed_seconds=341
PROGRESS catalogue primes=2300000 n=37667659 elapsed_seconds=359
PROGRESS catalogue primes=2400000 n=39410867 elapsed_seconds=377
PROGRESS catalogue primes=2500000 n=41161739 elapsed_seconds=394
PROGRESS catalogue primes=2600000 n=42920191 elapsed_seconds=411
PROGRESS catalogue primes=2700000 n=44680319 elapsed_seconds=427
PROGRESS catalogue primes=2800000 n=46441207 elapsed_seconds=442
PROGRESS catalogue primes=2900000 n=48210713 elapsed_seconds=458
PROGRESS catalogue primes=3000000 n=49979687 elapsed_seconds=474
PROGRESS catalogue primes=3100000 n=51754979 elapsed_seconds=490
PROGRESS catalogue primes=3200000 n=53533511 elapsed_seconds=506
PROGRESS catalogue primes=3300000 n=55316903 elapsed_seconds=522
PROGRESS catalogue primes=3400000 n=57099299 elapsed_seconds=538
PROGRESS catalogue primes=3500000 n=58885999 elapsed_seconds=553
PROGRESS catalogue primes=3600000 n=60678089 elapsed_seconds=569
PROGRESS catalogue primes=3700000 n=62473031 elapsed_seconds=585
PROGRESS catalogue primes=3800000 n=64268779 elapsed_seconds=601
PROGRESS catalogue primes=3900000 n=66068881 elapsed_seconds=619
PROGRESS catalogue primes=4000000 n=67867967 elapsed_seconds=637
PROGRESS catalogue primes=4100000 n=69672821 elapsed_seconds=655
PROGRESS catalogue primes=4200000 n=71480051 elapsed_seconds=672
PROGRESS catalogue primes=4300000 n=73289701 elapsed_seconds=689
PROGRESS catalogue primes=4400000 n=75103493 elapsed_seconds=705
PROGRESS catalogue primes=4500000 n=76918253 elapsed_seconds=722
PROGRESS catalogue primes=4600000 n=78736451 elapsed_seconds=738
PROGRESS catalogue primes=4700000 n=80556703 elapsed_seconds=755
PROGRESS catalogue primes=4800000 n=82376219 elapsed_seconds=771
PROGRESS catalogue primes=4900000 n=84200279 elapsed_seconds=787
PROGRESS catalogue primes=5000000 n=86028121 elapsed_seconds=804
PROGRESS catalogue primes=5100000 n=87857527 elapsed_seconds=820
PROGRESS catalogue primes=5200000 n=89687683 elapsed_seconds=836
PROGRESS catalogue primes=5300000 n=91519063 elapsed_seconds=853
PROGRESS catalogue primes=5400000 n=93354673 elapsed_seconds=869
PROGRESS catalogue primes=5500000 n=95189089 elapsed_seconds=885
PROGRESS catalogue primes=5600000 n=97026233 elapsed_seconds=902
PROGRESS catalogue primes=5700000 n=98866927 elapsed_seconds=918
PROGRESS catalogue_lucas_A32_log40_finish elapsed_seconds=928
PROGRESS direct_A32_start elapsed_seconds=928
PROGRESS direct_A32_finish elapsed_seconds=929
PROGRESS dif_modulus_start index=0 prime=2013265921 elapsed_seconds=929
PROGRESS dif prime=2013265921 stage_size=134217728 elapsed_seconds=930
PROGRESS dif prime=2013265921 stage_size=67108864 elapsed_seconds=931
PROGRESS dif prime=2013265921 stage_size=33554432 elapsed_seconds=932
PROGRESS dif prime=2013265921 stage_size=16777216 elapsed_seconds=934
PROGRESS dif prime=2013265921 stage_size=8388608 elapsed_seconds=935
PROGRESS dif prime=2013265921 stage_size=4194304 elapsed_seconds=936
PROGRESS dif prime=2013265921 stage_size=2097152 elapsed_seconds=937
PROGRESS dif prime=2013265921 stage_size=1048576 elapsed_seconds=939
PROGRESS dif prime=2013265921 stage_size=524288 elapsed_seconds=940
PROGRESS dif prime=2013265921 stage_size=262144 elapsed_seconds=941
PROGRESS dif prime=2013265921 stage_size=131072 elapsed_seconds=942
PROGRESS dif prime=2013265921 stage_size=65536 elapsed_seconds=943
PROGRESS dif prime=2013265921 stage_size=32768 elapsed_seconds=945
PROGRESS dif prime=2013265921 stage_size=16384 elapsed_seconds=946
PROGRESS dif prime=2013265921 stage_size=8192 elapsed_seconds=947
PROGRESS dif prime=2013265921 stage_size=4096 elapsed_seconds=948
PROGRESS dif prime=2013265921 stage_size=2048 elapsed_seconds=950
PROGRESS dif prime=2013265921 stage_size=1024 elapsed_seconds=951
PROGRESS dif prime=2013265921 stage_size=512 elapsed_seconds=952
PROGRESS dif prime=2013265921 stage_size=256 elapsed_seconds=953
PROGRESS dif prime=2013265921 stage_size=128 elapsed_seconds=955
PROGRESS dif prime=2013265921 stage_size=64 elapsed_seconds=956
PROGRESS dif prime=2013265921 stage_size=32 elapsed_seconds=957
PROGRESS dif prime=2013265921 stage_size=16 elapsed_seconds=959
PROGRESS dif prime=2013265921 stage_size=8 elapsed_seconds=960
PROGRESS dif prime=2013265921 stage_size=4 elapsed_seconds=962
PROGRESS dif prime=2013265921 stage_size=2 elapsed_seconds=966
PROGRESS dif_modulus_finish index=0 residue=577099750 elapsed_seconds=972
PROGRESS dif_modulus_start index=1 prime=2281701377 elapsed_seconds=972
PROGRESS dif prime=2281701377 stage_size=134217728 elapsed_seconds=974
PROGRESS dif prime=2281701377 stage_size=67108864 elapsed_seconds=975
PROGRESS dif prime=2281701377 stage_size=33554432 elapsed_seconds=976
PROGRESS dif prime=2281701377 stage_size=16777216 elapsed_seconds=977
PROGRESS dif prime=2281701377 stage_size=8388608 elapsed_seconds=978
PROGRESS dif prime=2281701377 stage_size=4194304 elapsed_seconds=979
PROGRESS dif prime=2281701377 stage_size=2097152 elapsed_seconds=981
PROGRESS dif prime=2281701377 stage_size=1048576 elapsed_seconds=982
PROGRESS dif prime=2281701377 stage_size=524288 elapsed_seconds=983
PROGRESS dif prime=2281701377 stage_size=262144 elapsed_seconds=984
PROGRESS dif prime=2281701377 stage_size=131072 elapsed_seconds=986
PROGRESS dif prime=2281701377 stage_size=65536 elapsed_seconds=987
PROGRESS dif prime=2281701377 stage_size=32768 elapsed_seconds=988
PROGRESS dif prime=2281701377 stage_size=16384 elapsed_seconds=989
PROGRESS dif prime=2281701377 stage_size=8192 elapsed_seconds=990
PROGRESS dif prime=2281701377 stage_size=4096 elapsed_seconds=992
PROGRESS dif prime=2281701377 stage_size=2048 elapsed_seconds=993
PROGRESS dif prime=2281701377 stage_size=1024 elapsed_seconds=994
PROGRESS dif prime=2281701377 stage_size=512 elapsed_seconds=995
PROGRESS dif prime=2281701377 stage_size=256 elapsed_seconds=997
PROGRESS dif prime=2281701377 stage_size=128 elapsed_seconds=998
PROGRESS dif prime=2281701377 stage_size=64 elapsed_seconds=999
PROGRESS dif prime=2281701377 stage_size=32 elapsed_seconds=1001
PROGRESS dif prime=2281701377 stage_size=16 elapsed_seconds=1002
PROGRESS dif prime=2281701377 stage_size=8 elapsed_seconds=1004
PROGRESS dif prime=2281701377 stage_size=4 elapsed_seconds=1006
PROGRESS dif prime=2281701377 stage_size=2 elapsed_seconds=1009
PROGRESS dif_modulus_finish index=1 residue=626366149 elapsed_seconds=1015
PROGRESS dif_modulus_start index=2 prime=3221225473 elapsed_seconds=1015
PROGRESS dif prime=3221225473 stage_size=134217728 elapsed_seconds=1017
PROGRESS dif prime=3221225473 stage_size=67108864 elapsed_seconds=1018
PROGRESS dif prime=3221225473 stage_size=33554432 elapsed_seconds=1019
PROGRESS dif prime=3221225473 stage_size=16777216 elapsed_seconds=1020
PROGRESS dif prime=3221225473 stage_size=8388608 elapsed_seconds=1021
PROGRESS dif prime=3221225473 stage_size=4194304 elapsed_seconds=1023
PROGRESS dif prime=3221225473 stage_size=2097152 elapsed_seconds=1024
PROGRESS dif prime=3221225473 stage_size=1048576 elapsed_seconds=1025
PROGRESS dif prime=3221225473 stage_size=524288 elapsed_seconds=1026
PROGRESS dif prime=3221225473 stage_size=262144 elapsed_seconds=1028
PROGRESS dif prime=3221225473 stage_size=131072 elapsed_seconds=1029
PROGRESS dif prime=3221225473 stage_size=65536 elapsed_seconds=1030
PROGRESS dif prime=3221225473 stage_size=32768 elapsed_seconds=1031
PROGRESS dif prime=3221225473 stage_size=16384 elapsed_seconds=1032
PROGRESS dif prime=3221225473 stage_size=8192 elapsed_seconds=1034
PROGRESS dif prime=3221225473 stage_size=4096 elapsed_seconds=1035
PROGRESS dif prime=3221225473 stage_size=2048 elapsed_seconds=1036
PROGRESS dif prime=3221225473 stage_size=1024 elapsed_seconds=1037
PROGRESS dif prime=3221225473 stage_size=512 elapsed_seconds=1039
PROGRESS dif prime=3221225473 stage_size=256 elapsed_seconds=1040
PROGRESS dif prime=3221225473 stage_size=128 elapsed_seconds=1041
PROGRESS dif prime=3221225473 stage_size=64 elapsed_seconds=1042
PROGRESS dif prime=3221225473 stage_size=32 elapsed_seconds=1044
PROGRESS dif prime=3221225473 stage_size=16 elapsed_seconds=1045
PROGRESS dif prime=3221225473 stage_size=8 elapsed_seconds=1047
PROGRESS dif prime=3221225473 stage_size=4 elapsed_seconds=1049
PROGRESS dif prime=3221225473 stage_size=2 elapsed_seconds=1052
PROGRESS dif_modulus_finish index=2 residue=232952773 elapsed_seconds=1058
PROGRESS dif_modulus_start index=3 prime=3489660929 elapsed_seconds=1058
PROGRESS dif prime=3489660929 stage_size=134217728 elapsed_seconds=1060
PROGRESS dif prime=3489660929 stage_size=67108864 elapsed_seconds=1061
PROGRESS dif prime=3489660929 stage_size=33554432 elapsed_seconds=1062
PROGRESS dif prime=3489660929 stage_size=16777216 elapsed_seconds=1063
PROGRESS dif prime=3489660929 stage_size=8388608 elapsed_seconds=1065
PROGRESS dif prime=3489660929 stage_size=4194304 elapsed_seconds=1066
PROGRESS dif prime=3489660929 stage_size=2097152 elapsed_seconds=1067
PROGRESS dif prime=3489660929 stage_size=1048576 elapsed_seconds=1068
PROGRESS dif prime=3489660929 stage_size=524288 elapsed_seconds=1070
PROGRESS dif prime=3489660929 stage_size=262144 elapsed_seconds=1071
PROGRESS dif prime=3489660929 stage_size=131072 elapsed_seconds=1072
PROGRESS dif prime=3489660929 stage_size=65536 elapsed_seconds=1073
PROGRESS dif prime=3489660929 stage_size=32768 elapsed_seconds=1075
PROGRESS dif prime=3489660929 stage_size=16384 elapsed_seconds=1076
PROGRESS dif prime=3489660929 stage_size=8192 elapsed_seconds=1077
PROGRESS dif prime=3489660929 stage_size=4096 elapsed_seconds=1078
PROGRESS dif prime=3489660929 stage_size=2048 elapsed_seconds=1079
PROGRESS dif prime=3489660929 stage_size=1024 elapsed_seconds=1081
PROGRESS dif prime=3489660929 stage_size=512 elapsed_seconds=1082
PROGRESS dif prime=3489660929 stage_size=256 elapsed_seconds=1083
PROGRESS dif prime=3489660929 stage_size=128 elapsed_seconds=1084
PROGRESS dif prime=3489660929 stage_size=64 elapsed_seconds=1086
PROGRESS dif prime=3489660929 stage_size=32 elapsed_seconds=1087
PROGRESS dif prime=3489660929 stage_size=16 elapsed_seconds=1089
PROGRESS dif prime=3489660929 stage_size=8 elapsed_seconds=1090
PROGRESS dif prime=3489660929 stage_size=4 elapsed_seconds=1092
PROGRESS dif prime=3489660929 stage_size=2 elapsed_seconds=1095
PROGRESS dif_modulus_finish index=3 residue=2618309304 elapsed_seconds=1101
PROGRESS dif_modulus_start index=4 prime=3892314113 elapsed_seconds=1101
PROGRESS dif prime=3892314113 stage_size=134217728 elapsed_seconds=1103
PROGRESS dif prime=3892314113 stage_size=67108864 elapsed_seconds=1104
PROGRESS dif prime=3892314113 stage_size=33554432 elapsed_seconds=1105
PROGRESS dif prime=3892314113 stage_size=16777216 elapsed_seconds=1106
PROGRESS dif prime=3892314113 stage_size=8388608 elapsed_seconds=1108
PROGRESS dif prime=3892314113 stage_size=4194304 elapsed_seconds=1109
PROGRESS dif prime=3892314113 stage_size=2097152 elapsed_seconds=1110
PROGRESS dif prime=3892314113 stage_size=1048576 elapsed_seconds=1111
PROGRESS dif prime=3892314113 stage_size=524288 elapsed_seconds=1113
PROGRESS dif prime=3892314113 stage_size=262144 elapsed_seconds=1114
PROGRESS dif prime=3892314113 stage_size=131072 elapsed_seconds=1115
PROGRESS dif prime=3892314113 stage_size=65536 elapsed_seconds=1116
PROGRESS dif prime=3892314113 stage_size=32768 elapsed_seconds=1117
PROGRESS dif prime=3892314113 stage_size=16384 elapsed_seconds=1119
PROGRESS dif prime=3892314113 stage_size=8192 elapsed_seconds=1120
PROGRESS dif prime=3892314113 stage_size=4096 elapsed_seconds=1121
PROGRESS dif prime=3892314113 stage_size=2048 elapsed_seconds=1122
PROGRESS dif prime=3892314113 stage_size=1024 elapsed_seconds=1124
PROGRESS dif prime=3892314113 stage_size=512 elapsed_seconds=1125
PROGRESS dif prime=3892314113 stage_size=256 elapsed_seconds=1126
PROGRESS dif prime=3892314113 stage_size=128 elapsed_seconds=1127
PROGRESS dif prime=3892314113 stage_size=64 elapsed_seconds=1129
PROGRESS dif prime=3892314113 stage_size=32 elapsed_seconds=1130
PROGRESS dif prime=3892314113 stage_size=16 elapsed_seconds=1131
PROGRESS dif prime=3892314113 stage_size=8 elapsed_seconds=1133
PROGRESS dif prime=3892314113 stage_size=4 elapsed_seconds=1135
PROGRESS dif prime=3892314113 stage_size=2 elapsed_seconds=1138
PROGRESS dif_modulus_finish index=4 residue=2671748987 elapsed_seconds=1144
PROGRESS exact_CRT_A32_equality_pass elapsed_seconds=1144
PROGRESS reference_log40_start elapsed_seconds=1144
PROGRESS reference primes=100000 n=1299709 elapsed_seconds=1152
PROGRESS reference primes=200000 n=2750159 elapsed_seconds=1160
PROGRESS reference primes=300000 n=4256233 elapsed_seconds=1168
PROGRESS reference primes=400000 n=5800079 elapsed_seconds=1177
PROGRESS reference primes=500000 n=7368787 elapsed_seconds=1185
PROGRESS reference primes=600000 n=8960453 elapsed_seconds=1194
PROGRESS reference primes=700000 n=10570841 elapsed_seconds=1202
PROGRESS reference primes=800000 n=12195257 elapsed_seconds=1211
PROGRESS reference primes=900000 n=13834103 elapsed_seconds=1220
PROGRESS reference primes=1000000 n=15485863 elapsed_seconds=1229
PROGRESS reference primes=1100000 n=17144489 elapsed_seconds=1237
PROGRESS reference primes=1200000 n=18815231 elapsed_seconds=1246
PROGRESS reference primes=1300000 n=20495843 elapsed_seconds=1255
PROGRESS reference primes=1400000 n=22182343 elapsed_seconds=1264
PROGRESS reference primes=1500000 n=23879519 elapsed_seconds=1273
PROGRESS reference primes=1600000 n=25582153 elapsed_seconds=1281
PROGRESS reference primes=1700000 n=27290279 elapsed_seconds=1290
PROGRESS reference primes=1800000 n=29005541 elapsed_seconds=1299
PROGRESS reference primes=1900000 n=30723761 elapsed_seconds=1308
PROGRESS reference primes=2000000 n=32452843 elapsed_seconds=1316
PROGRESS reference primes=2100000 n=34186049 elapsed_seconds=1325
PROGRESS reference primes=2200000 n=35926307 elapsed_seconds=1334
PROGRESS reference primes=2300000 n=37667659 elapsed_seconds=1343
PROGRESS reference primes=2400000 n=39410867 elapsed_seconds=1352
PROGRESS reference primes=2500000 n=41161739 elapsed_seconds=1361
PROGRESS reference primes=2600000 n=42920191 elapsed_seconds=1371
PROGRESS reference primes=2700000 n=44680319 elapsed_seconds=1380
PROGRESS reference primes=2800000 n=46441207 elapsed_seconds=1389
PROGRESS reference primes=2900000 n=48210713 elapsed_seconds=1398
PROGRESS reference primes=3000000 n=49979687 elapsed_seconds=1407
PROGRESS reference primes=3100000 n=51754979 elapsed_seconds=1416
PROGRESS reference primes=3200000 n=53533511 elapsed_seconds=1424
PROGRESS reference primes=3300000 n=55316903 elapsed_seconds=1433
PROGRESS reference primes=3400000 n=57099299 elapsed_seconds=1442
PROGRESS reference primes=3500000 n=58885999 elapsed_seconds=1451
PROGRESS reference primes=3600000 n=60678089 elapsed_seconds=1460
PROGRESS reference primes=3700000 n=62473031 elapsed_seconds=1469
PROGRESS reference primes=3800000 n=64268779 elapsed_seconds=1478
PROGRESS reference primes=3900000 n=66068881 elapsed_seconds=1487
PROGRESS reference primes=4000000 n=67867967 elapsed_seconds=1497
PROGRESS reference primes=4100000 n=69672821 elapsed_seconds=1506
PROGRESS reference primes=4200000 n=71480051 elapsed_seconds=1516
PROGRESS reference primes=4300000 n=73289701 elapsed_seconds=1525
PROGRESS reference primes=4400000 n=75103493 elapsed_seconds=1535
PROGRESS reference primes=4500000 n=76918253 elapsed_seconds=1544
PROGRESS reference primes=4600000 n=78736451 elapsed_seconds=1553
PROGRESS reference primes=4700000 n=80556703 elapsed_seconds=1562
PROGRESS reference primes=4800000 n=82376219 elapsed_seconds=1571
PROGRESS reference primes=4900000 n=84200279 elapsed_seconds=1580
PROGRESS reference primes=5000000 n=86028121 elapsed_seconds=1589
PROGRESS reference primes=5100000 n=87857527 elapsed_seconds=1598
PROGRESS reference primes=5200000 n=89687683 elapsed_seconds=1607
PROGRESS reference primes=5300000 n=91519063 elapsed_seconds=1616
PROGRESS reference primes=5400000 n=93354673 elapsed_seconds=1625
PROGRESS reference primes=5500000 n=95189089 elapsed_seconds=1634
PROGRESS reference primes=5600000 n=97026233 elapsed_seconds=1643
PROGRESS reference primes=5700000 n=98866927 elapsed_seconds=1652
PROGRESS reference_log40_finish elapsed_seconds=1658
PROGRESS direct_log40_finish elapsed_seconds=1659
