{
  "status": "PRESERVED",
  "scope": "READ_ONLY_CONSERVATION_VERIFICATION",
  "files": 799,
  "round16_files": 98,
  "previous_protected_files": 701,
  "round16_controller_sha256": "10d9f68fc649d965aa5eecac96fecf5fd20f705527d42f52b855662acec02332",
  "controller_97_bindings_verified": true,
  "numeric30_bindings_preserved": true,
  "two_round16_numeric_copies_bytes_and_fields_preserved": true,
  "all13_role3_invocation_log_snapshot_pairs_preserved": true,
  "nine_real_failed_Lean_attempts_preserved": true,
  "fresh_judge_Lean_sources_oleans_logs_manifests_preserved": true,
  "exact_inventory_additions_and_removals_checked": true,
  "baseline_sha256": "1c21af8d00924e126bf541c03f13277fa699c6f8e9d3a9edbbda337b9cead420",
  "registry": "D:\\Users\\Utilisateur\\Desktop\\Maths\\Goldbach_Parity_20261002\\round17\\previous_artifacts_sha256.json",
  "original_sources": {
    "D:\\Users\\Utilisateur\\Downloads\\Goldbach_Continuation_Cofacteur_Court_2026-10-01.zip": {
      "expected_sha256": "32b12b8d6823ed71323bb76ed1ba1ed7bc2d1ffad38fa973f043f4ae933e49cd",
      "actual_sha256": "32b12b8d6823ed71323bb76ed1ba1ed7bc2d1ffad38fa973f043f4ae933e49cd",
      "status": "PRESERVED"
    },
    "D:\\Users\\Utilisateur\\Downloads\\goldbach_synthesis.pdf": {
      "expected_sha256": "bbcbe5849e2b169f01a2d64457ccf7d1f3b25edcf2b5ca911bcf01343586eb24",
      "actual_sha256": "bbcbe5849e2b169f01a2d64457ccf7d1f3b25edcf2b5ca911bcf01343586eb24",
      "status": "PRESERVED"
    }
  },
  "old_producer_executed_by_this_verification": false,
  "old_PASS_replayed": false,
  "old_Lean_recompiled": false,
  "old_dependency_recompiled": false,
  "old_PDF_rerendered": false,
  "old_W_recomputed": false,
  "numeric_contract_launched_by_this_verification": false,
  "mathematical_identity_certified_by_conservation": false,
  "flags_describe_this_readonly_verification_not_global_execution": true
}
