{"stage": "domain_fixed", "q_primes": 9, "cores": 28, "candidate_vertices": 252, "old_m_values_read_only": 7011}
{"stage": "q_kernels_complete", "q": 1200109, "profiles": 5}
{"stage": "q_kernels_complete", "q": 1200139, "profiles": 11}
{"stage": "q_kernels_complete", "q": 1200161, "profiles": 14}
{"stage": "q_kernels_complete", "q": 1200167, "profiles": 17}
{"stage": "q_kernels_complete", "q": 1200179, "profiles": 24}
{"stage": "q_kernels_complete", "q": 1200187, "profiles": 30}
{"stage": "q_kernels_complete", "q": 1200191, "profiles": 35}
{"stage": "q_kernels_complete", "q": 1200233, "profiles": 40}
{"stage": "q_kernels_complete", "q": 1200253, "profiles": 47}
{"stage": "physical_catalog_complete", "profiles": 47, "properpowers": 0}
{"stage": "sieve_core_complete", "e": 7, "status": "EXACT_FINITE_SELBerg_SQUARE_VERIFIED"}
{"stage": "sieve_core_complete", "e": 11, "status": "LOCAL_SATURATION_ROUGH_CELL_EMPTY"}
{"stage": "sieve_core_complete", "e": 13, "status": "EXACT_FINITE_SELBerg_SQUARE_VERIFIED"}
{"stage": "sieve_core_complete", "e": 17, "status": "LOCAL_SATURATION_ROUGH_CELL_EMPTY"}
{"stage": "sieve_core_complete", "e": 19, "status": "EXACT_FINITE_SELBerg_SQUARE_VERIFIED"}
{"stage": "sieve_core_complete", "e": 21, "status": "EXACT_FINITE_SELBerg_SQUARE_VERIFIED"}
{"stage": "sieve_core_complete", "e": 23, "status": "LOCAL_SATURATION_ROUGH_CELL_EMPTY"}
{"stage": "sieve_core_complete", "e": 29, "status": "LOCAL_SATURATION_ROUGH_CELL_EMPTY"}
{"stage": "sieve_core_complete", "e": 31, "status": "EXACT_FINITE_SELBerg_SQUARE_VERIFIED"}
{"stage": "sieve_core_complete", "e": 33, "status": "EXACT_FINITE_SELBerg_SQUARE_VERIFIED"}
{"stage": "sieve_core_complete", "e": 37, "status": "EXACT_FINITE_SELBerg_SQUARE_VERIFIED"}
{"stage": "sieve_core_complete", "e": 39, "status": "EXACT_FINITE_SELBerg_SQUARE_VERIFIED"}
{"stage": "sieve_core_complete", "e": 41, "status": "LOCAL_SATURATION_ROUGH_CELL_EMPTY"}
{"stage": "sieve_core_complete", "e": 43, "status": "EXACT_FINITE_SELBerg_SQUARE_VERIFIED"}
{"stage": "sieve_core_complete", "e": 47, "status": "LOCAL_SATURATION_ROUGH_CELL_EMPTY"}
{"stage": "sieve_core_complete", "e": 51, "status": "EXACT_FINITE_SELBerg_SQUARE_VERIFIED"}
{"stage": "sieve_core_complete", "e": 53, "status": "LOCAL_SATURATION_ROUGH_CELL_EMPTY"}
{"stage": "sieve_core_complete", "e": 57, "status": "EXACT_FINITE_SELBerg_SQUARE_VERIFIED"}
{"stage": "sieve_core_complete", "e": 59, "status": "LOCAL_SATURATION_ROUGH_CELL_EMPTY"}
{"stage": "sieve_core_complete", "e": 61, "status": "EXACT_FINITE_SELBerg_SQUARE_VERIFIED"}
{"stage": "sieve_core_complete", "e": 67, "status": "EXACT_FINITE_SELBerg_SQUARE_VERIFIED"}
{"stage": "sieve_core_complete", "e": 69, "status": "EXACT_FINITE_SELBerg_SQUARE_VERIFIED"}
{"stage": "sieve_core_complete", "e": 71, "status": "LOCAL_SATURATION_ROUGH_CELL_EMPTY"}
{"stage": "sieve_core_complete", "e": 73, "status": "EXACT_FINITE_SELBerg_SQUARE_VERIFIED"}
{"stage": "sieve_core_complete", "e": 77, "status": "LOCAL_SATURATION_ROUGH_CELL_EMPTY"}
{"stage": "sieve_core_complete", "e": 79, "status": "EXACT_FINITE_SELBerg_SQUARE_VERIFIED"}
{"status": "PASS_NEW_FOUR_FORM_ROUGH_PARTITION_AND_EXACT_FINITE_SELBerg_ONLY", "q_primes": 9, "cores": 28, "candidates": 252, "kernels": 47, "active_A_R_S_counts": {"A": 11, "R": 0, "S": 18}, "positive_A_R_S_signs": {"A": "POSITIVE", "R": "ZERO", "S": "POSITIVE"}, "unique_resource_sign": "POSITIVE", "deficit_sign": "POSITIVE", "entire_signed_sign": "POSITIVE", "properpowers": 0, "falsifier_statuses": ["REFUTED_NEW_SMALL_FACTOR_ABSENCE_VERTEX", "REFUTED_NEW_EXACT_LOCAL_COLLISIONS", "REFUTED_NEW_FINITE_PROMOTION_ONLY"], "victory": false}
