D:\Users\Utilisateur\Desktop\Maths\Goldbach_Parity_20261002\round17\role3\SelbergFourForms.lean:573:32: error: application type mismatch
  Or.elim h hdr
argument
  hdr
has type
  d ⊆ r : Prop
but is expected to have type
  x ∈ d → x ∈ r : Prop
D:\Users\Utilisateur\Desktop\Maths\Goldbach_Parity_20261002\round17\role3\SelbergFourForms.lean:589:28: error: application type mismatch
  Or.elim h hdr
argument
  hdr
has type
  d ⊆ r : Prop
but is expected to have type
  x ∈ d → x ∈ r : Prop
D:\Users\Utilisateur\Desktop\Maths\Goldbach_Parity_20261002\round17\role3\SelbergFourForms.lean:618:2: error: unsolved goals
case neg
P : Finset ℕ
g : ℕ → ℝ
hg : ∀ p ∈ P, 0 < g p
d : Finset ℕ
hd : d ⊆ P
p : ℕ
hp : p ∈ d
hn : g p ≠ 0
ho : ¬1 - g p = 0
⊢ g p * (1 - g p) = (1 - g p) * g p
'GoldbachRound17.Selberg.weight_abs_le_one' depends on axioms: [propext, Classical.choice, Quot.sound]
'GoldbachRound17.Selberg.canonical_weight_formula' depends on axioms: [propext, sorryAx, Classical.choice, Quot.sound]
'GoldbachRound17.Selberg.product_exceeds_weight_zero' depends on axioms: [propext, Classical.choice, Quot.sound]
'GoldbachRound17.Selberg.finite_upper_bound' depends on axioms: [propext, Classical.choice, Quot.sound]
'GoldbachRound17.Selberg.principal_optimum' depends on axioms: [propext, Classical.choice, Quot.sound]
