D:\Users\Utilisateur\Desktop\Maths\Goldbach_Parity_20261002\round17\role3\SelbergFourForms.lean:414:4: error: unsolved goals
case pos
P : Finset ℕ
z : ℕ
g : ℕ → ℝ
d r : Finset ℕ
hdr : d ⊆ r
hr : r ∈ support P z
⊢ sign d * (hprod g r / G P z g) = sign d * hprod g r / G P z g
D:\Users\Utilisateur\Desktop\Maths\Goldbach_Parity_20261002\round17\role3\SelbergFourForms.lean:474:41: error: tactic 'rewrite' failed, did not find instance of the pattern in the target expression
  (fun r => r.erase p) r
P : Finset ℕ
z : ℕ
g : ℕ → ℝ
hP : ∀ p ∈ P, 1 ≤ p
hg : ∀ p ∈ P, 0 < g p ∧ g p < 1
p : ℕ
hp : p ∈ P
d : Finset ℕ
hpd : p ∉ d
D : Finset (Finset ℕ) := support P z
A : Finset (Finset ℕ) := filter (fun r => d ⊆ r ∧ p ∈ r) D
B : Finset (Finset ℕ) := filter (fun r => d ⊆ r ∧ p ∉ r) D
hAsub : ∀ r ∈ A, r ∈ D
hApr : ∀ r ∈ A, p ∈ r
himage : image (fun r => r.erase p) A ⊆ B
r : Finset ℕ
hr : r ∈ ↑A
s : Finset ℕ
hs : s ∈ ↑A
he : (fun r => r.erase p) r = (fun r => r.erase p) s
hrp : p ∈ r
hsp : p ∈ s
⊢ insert p (r.erase p) = insert p (s.erase p)
D:\Users\Utilisateur\Desktop\Maths\Goldbach_Parity_20261002\round17\role3\SelbergFourForms.lean:543:40: error: tactic 'rewrite' failed, did not find instance of the pattern in the target expression
  |upperMass (support P z) g d|
P : Finset ℕ
z : ℕ
g : ℕ → ℝ
hz : 1 ≤ z
hP : ∀ p ∈ P, 1 ≤ p
hg : ∀ p ∈ P, 0 < g p ∧ g p < 1
d : Finset ℕ
hd : d ⊆ P
hmass : 0 ≤ upperMass (support P z) g d
hsign : |sign d| = 1
hden : 0 < G P z g * gprod g d
⊢ |∑ r ∈ filter (fun r => d ⊆ r) (support P z), hprod g r| / |G P z g * gprod g d| ≤ 1
'GoldbachRound17.Selberg.finite_upper_bound' depends on axioms: [propext, Classical.choice, Quot.sound]
'GoldbachRound17.Selberg.principal_optimum' depends on axioms: [propext, Classical.choice, Quot.sound]
