D:\Users\Utilisateur\Desktop\Maths\Goldbach_Parity_20261002\round18\role3\SeparatedTypeIIPrice.lean:31:16: error: simp made no progress
D:\Users\Utilisateur\Desktop\Maths\Goldbach_Parity_20261002\round18\role3\SeparatedTypeIIPrice.lean:172:19: warning: unused variable `hV`
note: this linter can be disabled with `set_option linter.unusedVariables false`
'GoldbachRound18.SeparatedTypeII.productReference' depends on axioms: [propext, Classical.choice, Quot.sound]
'GoldbachRound18.SeparatedTypeII.weightedBilinear' depends on axioms: [propext, Classical.choice, Quot.sound]
'GoldbachRound18.SeparatedTypeII.bilinearPrice' depends on axioms: [propext, Classical.choice, Quot.sound]
'GoldbachRound18.SeparatedTypeII.profile_calibration' depends on axioms: [propext,
 sorryAx,
 Classical.choice,
 Quot.sound]
'GoldbachRound18.SeparatedTypeII.bilinear_calibration' depends on axioms: [propext,
 sorryAx,
 Classical.choice,
 Quot.sound]
'GoldbachRound18.SeparatedTypeII.weighted_one_is_adversarial' depends on axioms: [propext, Classical.choice, Quot.sound]
'GoldbachRound18.SeparatedTypeII.weighted_bilinear_reindex' depends on axioms: [propext, Classical.choice, Quot.sound]
'GoldbachRound18.SeparatedTypeII.weighted_adversarial_identity' depends on axioms: [propext,
 Classical.choice,
 Quot.sound]
'GoldbachRound18.SeparatedTypeII.calibrated_adversarial_entry_zero' depends on axioms: [propext,
 Classical.choice,
 Quot.sound]
'GoldbachRound18.SeparatedTypeII.calibrated_adversarial_zero' depends on axioms: [propext, Classical.choice, Quot.sound]
'GoldbachRound18.SeparatedTypeII.calibrated_price_is_entire_old_sum' depends on axioms: [propext,
 sorryAx,
 Classical.choice,
 Quot.sound]
'GoldbachRound18.SeparatedTypeII.raw_theta_bilinear_price_difference' depends on axioms: [propext,
 Classical.choice,
 Quot.sound]
'GoldbachRound18.SeparatedTypeII.prime_weight_on_divisor_pair_zero' depends on axioms: [propext,
 Classical.choice,
 Quot.sound]
'GoldbachRound18.SeparatedTypeII.prime_weight_bilinear_zero' depends on axioms: [propext, Classical.choice, Quot.sound]
