'GoldbachRound18.SeparatedTypeII.Parameters' does not depend on any axioms
'GoldbachRound18.SeparatedTypeII.conductor' does not depend on any axioms
'GoldbachRound18.SeparatedTypeII.PhysicalWitness' depends on axioms: [propext]
'GoldbachRound18.SeparatedTypeII.physicalMask' depends on axioms: [propext]
'GoldbachRound18.SeparatedTypeII.beta' depends on axioms: [propext, Classical.choice, Quot.sound]
'GoldbachRound18.SeparatedTypeII.units' depends on axioms: [propext, Quot.sound]
'GoldbachRound18.SeparatedTypeII.structureCount' depends on axioms: [propext, Classical.choice, Quot.sound]
'GoldbachRound18.SeparatedTypeII.unitCount' depends on axioms: [propext, Quot.sound]
'GoldbachRound18.SeparatedTypeII.density' depends on axioms: [propext, Classical.choice, Quot.sound]
'GoldbachRound18.SeparatedTypeII.reference' depends on axioms: [propext, Classical.choice, Quot.sound]
'GoldbachRound18.SeparatedTypeII.centered' depends on axioms: [propext, Classical.choice, Quot.sound]
'GoldbachRound18.SeparatedTypeII.rows' depends on axioms: [propext, Classical.choice, Quot.sound]
'GoldbachRound18.SeparatedTypeII.xi' depends on axioms: [propext, Classical.choice, Quot.sound]
'GoldbachRound18.SeparatedTypeII.kappa' depends on axioms: [propext, Classical.choice, Quot.sound]
'GoldbachRound18.SeparatedTypeII.candidate' does not depend on any axioms
'GoldbachRound18.SeparatedTypeII.onProgression' depends on axioms: [propext, Quot.sound]
'GoldbachRound18.SeparatedTypeII.profile' depends on axioms: [propext, Classical.choice, Quot.sound]
'GoldbachRound18.SeparatedTypeII.adversarialSum' depends on axioms: [propext, Classical.choice, Quot.sound]
'GoldbachRound18.SeparatedTypeII.productPairs' depends on axioms: [propext, Classical.choice, Quot.sound]
'GoldbachRound18.SeparatedTypeII.divisorPairs' depends on axioms: [propext, Quot.sound]
'GoldbachRound18.SeparatedTypeII.omittedPairs' depends on axioms: [propext, Quot.sound]
'GoldbachRound18.SeparatedTypeII.omittedCount' depends on axioms: [propext, Quot.sound]
'GoldbachRound18.SeparatedTypeII.toDivisor' does not depend on any axioms
'GoldbachRound18.SeparatedTypeII.toProduct' does not depend on any axioms
'GoldbachRound18.SeparatedTypeII.beta_bounds' depends on axioms: [propext, Classical.choice, Quot.sound]
'GoldbachRound18.SeparatedTypeII.mask_large_factors' depends on axioms: [propext, Quot.sound]
'GoldbachRound18.SeparatedTypeII.omitted_mask_zero' depends on axioms: [propext, Classical.choice, Quot.sound]
'GoldbachRound18.SeparatedTypeII.mask_unit_short_conductor' depends on axioms: [propext, Classical.choice, Quot.sound]
'GoldbachRound18.SeparatedTypeII.mask_unit_reference' depends on axioms: [propext, Classical.choice, Quot.sound]
'GoldbachRound18.SeparatedTypeII.structure_le_units' depends on axioms: [propext, Classical.choice, Quot.sound]
'GoldbachRound18.SeparatedTypeII.density_zero_structure' depends on axioms: [propext, Classical.choice, Quot.sound]
'GoldbachRound18.SeparatedTypeII.empty_units_empty_structure' depends on axioms: [propext, Classical.choice, Quot.sound]
'GoldbachRound18.SeparatedTypeII.xi_bound' depends on axioms: [propext, Classical.choice, Quot.sound]
'GoldbachRound18.SeparatedTypeII.kappa_bound' depends on axioms: [propext, Classical.choice, Quot.sound]
'GoldbachRound18.SeparatedTypeII.kappa_periodic' depends on axioms: [propext, Classical.choice, Quot.sound]
'GoldbachRound18.SeparatedTypeII.separate_columns' depends on axioms: [propext, Classical.choice, Quot.sound]
'GoldbachRound18.SeparatedTypeII.equation_modeq' depends on axioms: [propext]
'GoldbachRound18.SeparatedTypeII.periodic_class_iff_omitted' depends on axioms: [propext, Classical.choice, Quot.sound]
'GoldbachRound18.SeparatedTypeII.rows_positive' depends on axioms: [propext, Classical.choice, Quot.sound]
'GoldbachRound18.SeparatedTypeII.product_equation' depends on axioms: [propext, Classical.choice, Quot.sound]
'GoldbachRound18.SeparatedTypeII.forward_mem' depends on axioms: [propext, Classical.choice, Quot.sound]
'GoldbachRound18.SeparatedTypeII.divisor_equation' depends on axioms: [propext, Quot.sound]
'GoldbachRound18.SeparatedTypeII.backward_mem' depends on axioms: [propext, Classical.choice, Quot.sound]
'GoldbachRound18.SeparatedTypeII.inverse_product' depends on axioms: [propext, Classical.choice, Quot.sound]
'GoldbachRound18.SeparatedTypeII.inverse_divisor' depends on axioms: [propext, Classical.choice, Quot.sound]
'GoldbachRound18.SeparatedTypeII.adversarial_reindex' depends on axioms: [propext, Classical.choice, Quot.sound]
'GoldbachRound18.SeparatedTypeII.adversarial_entry' depends on axioms: [propext, Classical.choice, Quot.sound]
'GoldbachRound18.SeparatedTypeII.adversarial_sum_identity' depends on axioms: [propext, Classical.choice, Quot.sound]
'GoldbachRound18.SeparatedTypeII.adversarial_sum_zero_structure' depends on axioms: [propext,
 Classical.choice,
 Quot.sound]
'GoldbachRound18.SeparatedTypeII.normalized_adversarial_sum' depends on axioms: [propext, Classical.choice, Quot.sound]
'GoldbachRound18.SeparatedTypeII.theta' depends on axioms: [propext, Classical.choice, Quot.sound]
'GoldbachRound18.SeparatedTypeII.rawLambda' depends on axioms: [propext, Classical.choice, Quot.sound]
'GoldbachRound18.SeparatedTypeII.weightedProfile' depends on axioms: [propext, Classical.choice, Quot.sound]
'GoldbachRound18.SeparatedTypeII.calibrationPrice' depends on axioms: [propext, Classical.choice, Quot.sound]
'GoldbachRound18.SeparatedTypeII.weighted_calibration' depends on axioms: [propext, Classical.choice, Quot.sound]
'GoldbachRound18.SeparatedTypeII.theta_calibration' depends on axioms: [propext, Classical.choice, Quot.sound]
'GoldbachRound18.SeparatedTypeII.raw_calibration' depends on axioms: [propext, Classical.choice, Quot.sound]
'GoldbachRound18.SeparatedTypeII.raw_theta_price_difference' depends on axioms: [propext, Classical.choice, Quot.sound]
