D:\Users\Utilisateur\Desktop\Maths\Goldbach_Parity_20261002\round18\role3\SeparatedTypeII.lean:52:2: error: failed to synthesize
  Decidable (physicalMask P b)
Additional diagnostic information may be available using the `set_option diagnostics true` command.
D:\Users\Utilisateur\Desktop\Maths\Goldbach_Parity_20261002\round18\role3\SeparatedTypeII.lean:58:3: error: failed to synthesize
  DecidablePred (physicalMask P)
Additional diagnostic information may be available using the `set_option diagnostics true` command.
D:\Users\Utilisateur\Desktop\Maths\Goldbach_Parity_20261002\round18\role3\SeparatedTypeII.lean:87:2: error: failed to synthesize
  Decidable (onProgression P I j)
Additional diagnostic information may be available using the `set_option diagnostics true` command.
D:\Users\Utilisateur\Desktop\Maths\Goldbach_Parity_20261002\round18\role3\SeparatedTypeII.lean:97:2: error: failed to synthesize
  DecidablePred fun t => onProgression P I (t.1 * t.2)
Additional diagnostic information may be available using the `set_option diagnostics true` command.
D:\Users\Utilisateur\Desktop\Maths\Goldbach_Parity_20261002\round18\role3\SeparatedTypeII.lean:119:2: error: tactic 'split_ifs' failed, no if-then-else conditions to split
P : Parameters
b : ℕ
⊢ 0 ≤ sorry ∧ sorry ≤ 1
D:\Users\Utilisateur\Desktop\Maths\Goldbach_Parity_20261002\round18\role3\SeparatedTypeII.lean:147:2: warning: declaration uses 'sorry'
D:\Users\Utilisateur\Desktop\Maths\Goldbach_Parity_20261002\round18\role3\SeparatedTypeII.lean:137:20: error: unsolved goals
P : Parameters
b ell : ℕ
hell : Nat.Prime ell
hsmall : ell * ell ≤ P.a
hdvd : ell ∣ b
hn : ¬physicalMask P b
⊢ sorry = 0
D:\Users\Utilisateur\Desktop\Maths\Goldbach_Parity_20261002\round18\role3\SeparatedTypeII.lean:178:30: error: unsolved goals
P : Parameters
b h : ℕ
hsmall : ∀ (p : ℕ), Nat.Prime p → p ∣ h → p * p ≤ P.a
t : PhysicalWitness P b
hn : ¬b.Coprime h
p : ℕ
hp : Nat.Prime p
hpb : p ∣ b
hph : p ∣ h
hz : beta P b = 0
⊢ sorry = 1
D:\Users\Utilisateur\Desktop\Maths\Goldbach_Parity_20261002\round18\role3\SeparatedTypeII.lean:185:2: error: tactic 'apply' failed, failed to unify
  #?s ≤ #?t
with
  structureCount P I ≤ unitCount I (P.N * conductor P * h)
P : Parameters
I : Finset ℕ
h : ℕ
hsmall : ∀ (p : ℕ), Nat.Prime p → p ∣ h → p * p ≤ P.a
⊢ structureCount P I ≤ unitCount I (P.N * conductor P * h)
D:\Users\Utilisateur\Desktop\Maths\Goldbach_Parity_20261002\round18\role3\SeparatedTypeII.lean:286:28: error: application type mismatch
  mem_filter.mp ht
argument
  ht
has type
  t ∈ productPairs P I E : Prop
but is expected to have type
  ?m.25041 ∈ filter ?m.24463 ?m.25040 : Prop
D:\Users\Utilisateur\Desktop\Maths\Goldbach_Parity_20261002\round18\role3\SeparatedTypeII.lean:295:46: error: application type mismatch
  mem_filter.mp ht
argument
  ht
has type
  t ∈ productPairs P I E : Prop
but is expected to have type
  ?m.28292 ∈ filter ?m.27714 (?m.27705 ×ˢ ?m.27706) : Prop
D:\Users\Utilisateur\Desktop\Maths\Goldbach_Parity_20261002\round18\role3\SeparatedTypeII.lean:333:2: error: tactic 'apply' failed, failed to unify
  ?m.35588 ∈ filter ?m.35011 ?m.35587
with
  toProduct P t ∈ productPairs P I (rows P V h ell)
P : Parameters
I : Finset ℕ
V h ell : ℕ
hd : 0 < conductor P
hcap : ∀ b ∈ I, conductor P * b ≤ P.N
t : ℕ × ℕ
ht : t ∈ divisorPairs P I (rows P V h ell)
hprod : t.1 ∈ rows P V h ell ∧ t.2 ∈ I
heq : P.N = conductor P * t.2 + t.1 * (toProduct P t).2
hw : (toProduct P t).2 < P.N + 1
hjN : t.1 * (toProduct P t).2 ≤ P.N
hb : P.N - t.1 * (toProduct P t).2 = conductor P * t.2
⊢ toProduct P t ∈ productPairs P I (rows P V h ell)
D:\Users\Utilisateur\Desktop\Maths\Goldbach_Parity_20261002\round18\role3\SeparatedTypeII.lean:345:44: error: application type mismatch
  mem_filter.mp ht
argument
  ht
has type
  t ∈ productPairs P I (rows P V h ell) : Prop
but is expected to have type
  ?m.36936 ∈ filter ?m.36358 (?m.36349 ×ˢ ?m.36350) : Prop
D:\Users\Utilisateur\Desktop\Maths\Goldbach_Parity_20261002\round18\role3\SeparatedTypeII.lean:377:8: error: tactic 'rewrite' failed, did not find instance of the pattern in the target expression
  ∑ a ∈ filter (fun a => ?p a) ?m.40813, ?f a
P : Parameters
I : Finset ℕ
V h ell H : ℕ
hd : 0 < conductor P
hcap : ∀ b ∈ I, conductor P * b ≤ P.N
E : Finset ℕ := rows P V h ell
⊢ ∑ t ∈ E.product (range (P.N + 1)), xi E t.1 * kappa P.N (conductor P) ell E t.2 * profile P I H (t.1 * t.2) =
    ∑ t ∈ sorry, kappa P.N (conductor P) ell E t.2 * centered P I H (toDivisor P t).2
D:\Users\Utilisateur\Desktop\Maths\Goldbach_Parity_20261002\round18\role3\SeparatedTypeII.lean:405:5: warning: unused variable `hsmall`
note: this linter can be disabled with `set_option linter.unusedVariables false`
'GoldbachRound18.SeparatedTypeII.Parameters' does not depend on any axioms
'GoldbachRound18.SeparatedTypeII.conductor' does not depend on any axioms
'GoldbachRound18.SeparatedTypeII.PhysicalWitness' depends on axioms: [propext]
'GoldbachRound18.SeparatedTypeII.physicalMask' depends on axioms: [propext]
'GoldbachRound18.SeparatedTypeII.beta' depends on axioms: [propext, sorryAx, Classical.choice, Quot.sound]
'GoldbachRound18.SeparatedTypeII.units' depends on axioms: [propext, Quot.sound]
'GoldbachRound18.SeparatedTypeII.structureCount' depends on axioms: [propext, sorryAx, Quot.sound]
'GoldbachRound18.SeparatedTypeII.unitCount' depends on axioms: [propext, Quot.sound]
'GoldbachRound18.SeparatedTypeII.density' depends on axioms: [propext, sorryAx, Classical.choice, Quot.sound]
'GoldbachRound18.SeparatedTypeII.reference' depends on axioms: [propext, sorryAx, Classical.choice, Quot.sound]
'GoldbachRound18.SeparatedTypeII.centered' depends on axioms: [propext, sorryAx, Classical.choice, Quot.sound]
'GoldbachRound18.SeparatedTypeII.rows' depends on axioms: [propext, Classical.choice, Quot.sound]
'GoldbachRound18.SeparatedTypeII.xi' depends on axioms: [propext, Classical.choice, Quot.sound]
'GoldbachRound18.SeparatedTypeII.kappa' depends on axioms: [propext, Classical.choice, Quot.sound]
'GoldbachRound18.SeparatedTypeII.candidate' does not depend on any axioms
'GoldbachRound18.SeparatedTypeII.onProgression' depends on axioms: [propext, Quot.sound]
'GoldbachRound18.SeparatedTypeII.profile' depends on axioms: [propext, sorryAx, Classical.choice, Quot.sound]
'GoldbachRound18.SeparatedTypeII.adversarialSum' depends on axioms: [propext, sorryAx, Classical.choice, Quot.sound]
'GoldbachRound18.SeparatedTypeII.productPairs' depends on axioms: [propext, sorryAx, Quot.sound]
'GoldbachRound18.SeparatedTypeII.divisorPairs' depends on axioms: [propext, Quot.sound]
'GoldbachRound18.SeparatedTypeII.omittedPairs' depends on axioms: [propext, Quot.sound]
'GoldbachRound18.SeparatedTypeII.omittedCount' depends on axioms: [propext, Quot.sound]
'GoldbachRound18.SeparatedTypeII.toDivisor' does not depend on any axioms
'GoldbachRound18.SeparatedTypeII.toProduct' does not depend on any axioms
'GoldbachRound18.SeparatedTypeII.beta_bounds' depends on axioms: [propext, sorryAx, Classical.choice, Quot.sound]
'GoldbachRound18.SeparatedTypeII.mask_large_factors' depends on axioms: [propext, Quot.sound]
'GoldbachRound18.SeparatedTypeII.omitted_mask_zero' depends on axioms: [propext, sorryAx, Classical.choice, Quot.sound]
'GoldbachRound18.SeparatedTypeII.mask_unit_short_conductor' depends on axioms: [propext, Classical.choice, Quot.sound]
'GoldbachRound18.SeparatedTypeII.mask_unit_reference' depends on axioms: [propext,
 sorryAx,
 Classical.choice,
 Quot.sound]
'GoldbachRound18.SeparatedTypeII.structure_le_units' depends on axioms: [propext, sorryAx, Quot.sound]
'GoldbachRound18.SeparatedTypeII.density_zero_structure' depends on axioms: [propext,
 sorryAx,
 Classical.choice,
 Quot.sound]
'GoldbachRound18.SeparatedTypeII.empty_units_empty_structure' depends on axioms: [propext, sorryAx, Quot.sound]
'GoldbachRound18.SeparatedTypeII.xi_bound' depends on axioms: [propext, Classical.choice, Quot.sound]
'GoldbachRound18.SeparatedTypeII.kappa_bound' depends on axioms: [propext, Classical.choice, Quot.sound]
'GoldbachRound18.SeparatedTypeII.kappa_periodic' depends on axioms: [propext, Classical.choice, Quot.sound]
'GoldbachRound18.SeparatedTypeII.separate_columns' depends on axioms: [propext, Classical.choice, Quot.sound]
'GoldbachRound18.SeparatedTypeII.equation_modeq' depends on axioms: [propext]
'GoldbachRound18.SeparatedTypeII.periodic_class_iff_omitted' depends on axioms: [propext, Classical.choice, Quot.sound]
'GoldbachRound18.SeparatedTypeII.rows_positive' depends on axioms: [propext, Classical.choice, Quot.sound]
'GoldbachRound18.SeparatedTypeII.product_equation' depends on axioms: [propext, sorryAx, Quot.sound]
'GoldbachRound18.SeparatedTypeII.forward_mem' depends on axioms: [propext, sorryAx, Quot.sound]
'GoldbachRound18.SeparatedTypeII.divisor_equation' depends on axioms: [propext, Quot.sound]
'GoldbachRound18.SeparatedTypeII.backward_mem' depends on axioms: [propext, sorryAx, Classical.choice, Quot.sound]
'GoldbachRound18.SeparatedTypeII.inverse_product' depends on axioms: [propext, sorryAx, Classical.choice, Quot.sound]
'GoldbachRound18.SeparatedTypeII.inverse_divisor' depends on axioms: [propext, Classical.choice, Quot.sound]
'GoldbachRound18.SeparatedTypeII.adversarial_reindex' depends on axioms: [propext,
 sorryAx,
 Classical.choice,
 Quot.sound]
'GoldbachRound18.SeparatedTypeII.adversarial_entry' depends on axioms: [propext, sorryAx, Classical.choice, Quot.sound]
'GoldbachRound18.SeparatedTypeII.adversarial_sum_identity' depends on axioms: [propext,
 sorryAx,
 Classical.choice,
 Quot.sound]
'GoldbachRound18.SeparatedTypeII.adversarial_sum_zero_structure' depends on axioms: [propext,
 sorryAx,
 Classical.choice,
 Quot.sound]
'GoldbachRound18.SeparatedTypeII.normalized_adversarial_sum' depends on axioms: [propext,
 sorryAx,
 Classical.choice,
 Quot.sound]
'GoldbachRound18.SeparatedTypeII.theta' depends on axioms: [propext, Classical.choice, Quot.sound]
'GoldbachRound18.SeparatedTypeII.rawLambda' depends on axioms: [propext, Classical.choice, Quot.sound]
'GoldbachRound18.SeparatedTypeII.weightedProfile' depends on axioms: [propext, sorryAx, Classical.choice, Quot.sound]
'GoldbachRound18.SeparatedTypeII.calibrationPrice' depends on axioms: [propext, sorryAx, Classical.choice, Quot.sound]
'GoldbachRound18.SeparatedTypeII.weighted_calibration' depends on axioms: [propext,
 sorryAx,
 Classical.choice,
 Quot.sound]
'GoldbachRound18.SeparatedTypeII.theta_calibration' depends on axioms: [propext, sorryAx, Classical.choice, Quot.sound]
'GoldbachRound18.SeparatedTypeII.raw_calibration' depends on axioms: [propext, sorryAx, Classical.choice, Quot.sound]
'GoldbachRound18.SeparatedTypeII.raw_theta_price_difference' depends on axioms: [propext,
 sorryAx,
 Classical.choice,
 Quot.sound]
