D:\Users\Utilisateur\Desktop\Maths\Goldbach_Parity_20261002\round17\role4\FourFormTruncation.lean:51:2: error: no goals to be solved
D:\Users\Utilisateur\Desktop\Maths\Goldbach_Parity_20261002\round17\role4\FourFormTruncation.lean:59:6: error: failed to rewrite using equation theorems for 'GoldbachRound17.PowersetMoment.subsetLog'.
D:\Users\Utilisateur\Desktop\Maths\Goldbach_Parity_20261002\round17\role4\FourFormTruncation.lean:82:21: warning: Used `tac1 <;> tac2` where `(tac1; tac2)` would suffice
note: this linter can be disabled with `set_option linter.unnecessarySeqFocus false`
'GoldbachRound17.FourFormTruncation.actualH' depends on axioms: [propext, Classical.choice, Quot.sound]
'GoldbachRound17.FourFormTruncation.actualEuler' depends on axioms: [propext, Classical.choice, Quot.sound]
'GoldbachRound17.FourFormTruncation.primeSupport_mono' depends on axioms: [propext, Classical.choice, Quot.sound]
'GoldbachRound17.FourFormTruncation.G_mono_support' depends on axioms: [propext, Classical.choice, Quot.sound]
'GoldbachRound17.FourFormTruncation.actualH_nonneg' depends on axioms: [propext, Classical.choice, Quot.sound]
'GoldbachRound17.FourFormTruncation.actualH_ratio' depends on axioms: [propext, Classical.choice, Quot.sound]
'GoldbachRound17.FourFormTruncation.actual_weighted_moment' depends on axioms: [propext,
 sorryAx,
 Classical.choice,
 Quot.sound]
'GoldbachRound17.FourFormTruncation.actual_density_log_sum_le_four' depends on axioms: [propext,
 Classical.choice,
 Quot.sound]
'GoldbachRound17.FourFormTruncation.actual_G_half_euler_of_log_moment' depends on axioms: [propext,
 sorryAx,
 Classical.choice,
 Quot.sound]
'GoldbachRound17.FourFormTruncation.actual_G_half_euler_of_prime_log_sum' depends on axioms: [propext,
 sorryAx,
 Classical.choice,
 Quot.sound]
