{"stage": "STAGE_STARTED", "name": "01_frozen_integrity"}
{"stage": "STAGE_PASS", "name": "01_frozen_integrity", "receipt_sha256": "928fb3703288e259558a62bcdca4e7758e00a9b330740b13e73b16540c33f884"}
{"stage": "STAGE_STARTED", "name": "02_stored_numeric_only"}
{"stage": "STAGE_PASS", "name": "02_stored_numeric_only", "receipt_sha256": "1cc109f25fb18f00d5f76367f467bd88ac295737f4c20a8ab667e29d9b3500d7"}
{"stage": "STAGE_STARTED", "name": "03_actual_author_attempts"}
{"stage": "STAGE_PASS", "name": "03_actual_author_attempts", "receipt_sha256": "0b0b92083a464a4b5b76a0ea9f058015f62b497686c83e9bfa77e4632452d355"}
{"stage": "STAGE_STARTED", "name": "04_fresh_independent_Lean"}
{"stage": "ACTUAL_FRESH_LEAN_STARTED", "module": "OddBonferroniArithmetic", "axiom_prints": 26}
{"stage": "FRESH_INDEPENDENT_LEAN_PASS", "module": "OddBonferroniArithmetic", "olean_sha256": "560f459dbe58119a29d850d62377ea97f084d546d48c60022de563b7a9d5e3a6"}
{"stage": "ACTUAL_FRESH_LEAN_STARTED", "module": "LeastFactorComposite", "axiom_prints": 16}
{"stage": "FRESH_INDEPENDENT_LEAN_PASS", "module": "LeastFactorComposite", "olean_sha256": "99ac76f4392a5fb979d847e5f32859cafa41a5504c0908d6a5dd8971c5b31831"}
{"stage": "ACTUAL_FRESH_LEAN_STARTED", "module": "SwitchedSelbergWeight", "axiom_prints": 22}
{"stage": "FRESH_INDEPENDENT_LEAN_PASS", "module": "SwitchedSelbergWeight", "olean_sha256": "50ede2395b77d60045db5b56a1433f5abd3270628dcb7a1c00d8a245a3553576"}
{"stage": "ACTUAL_FRESH_LEAN_STARTED", "module": "PhysicalCompositeSubtraction", "axiom_prints": 20}
{"stage": "FRESH_INDEPENDENT_LEAN_PASS", "module": "PhysicalCompositeSubtraction", "olean_sha256": "46a056e1a288f0b1863fabb4f14c882af9f69049f3c5af7076866508c91b8881"}
{"stage": "ACTUAL_FRESH_LEAN_STARTED", "module": "CompositeAPConductor", "axiom_prints": 17}
{"stage": "FRESH_INDEPENDENT_LEAN_PASS", "module": "CompositeAPConductor", "olean_sha256": "c085762bfeab487c98eccd4c7cc227a0d4eedbc8f403fc75dbb3018d49a1d072"}
{"stage": "ACTUAL_FRESH_LEAN_STARTED", "module": "SwitchedIncidenceEstimator", "axiom_prints": 40}
{"stage": "FRESH_INDEPENDENT_LEAN_PASS", "module": "SwitchedIncidenceEstimator", "olean_sha256": "c20624c8424d54f986a8906feb72300d543ed1191e58189d415f7b9850b5f51e"}
{"stage": "ACTUAL_FRESH_LEAN_STARTED", "module": "FriablePhysicalPrefix", "axiom_prints": 16}
{"stage": "FRESH_INDEPENDENT_LEAN_PASS", "module": "FriablePhysicalPrefix", "olean_sha256": "7bc952b06114beeffde8c3d6d35246f4045249c78392b99a98815896b9d06407"}
{"stage": "ACTUAL_FRESH_LEAN_STARTED", "module": "FriableEulerRankin", "axiom_prints": 20}
{"stage": "FRESH_INDEPENDENT_LEAN_PASS", "module": "FriableEulerRankin", "olean_sha256": "ae2125579cfee86f6e0a8617d896e10d7242f95115f6f230ef56ba3f3162d811"}
{"stage": "ACTUAL_FRESH_LEAN_STARTED", "module": "FriableKernelEnvelope", "axiom_prints": 13}
{"stage": "FRESH_INDEPENDENT_LEAN_PASS", "module": "FriableKernelEnvelope", "olean_sha256": "53bfffe6f24a5f0848740005e387a7c7c2d4918e1e96c203492609e0386bd55b"}
{"stage": "ACTUAL_FRESH_LEAN_STARTED", "module": "FriablePrimeHarmonic", "axiom_prints": 16}
{"stage": "FRESH_INDEPENDENT_LEAN_PASS", "module": "FriablePrimeHarmonic", "olean_sha256": "dababb47d7453bcef79e4a71e6486f042fcab96cd272126c51cf1612c63ba36a"}
{"stage": "ACTUAL_FRESH_LEAN_STARTED", "module": "FriableTotientEnvelope", "axiom_prints": 17}
{"stage": "FRESH_INDEPENDENT_LEAN_PASS", "module": "FriableTotientEnvelope", "olean_sha256": "14fb7886799c11479ebd1b6271fa43be2ceab4a23cb289949d11991415994940"}
{"stage": "ACTUAL_FRESH_LEAN_STARTED", "module": "FriablePhysicalPayment", "axiom_prints": 27}
{"stage": "FRESH_INDEPENDENT_LEAN_PASS", "module": "FriablePhysicalPayment", "olean_sha256": "63a2875d65b7912134fcd39a2897841c1c214aeb84d9b437b7454addfbbfa194"}
{"stage": "ACTUAL_FRESH_LEAN_STARTED", "module": "FriablePhysicalDemand", "axiom_prints": 5}
{"stage": "FRESH_INDEPENDENT_LEAN_PASS", "module": "FriablePhysicalDemand", "olean_sha256": "616c5b142484bd419241abd0bb1f4d237cc1def3f59558f38478327dfe5f263e"}
{"stage": "ACTUAL_FRESH_LEAN_STARTED", "module": "FriableDemandAggregation", "axiom_prints": 8}
{"stage": "FRESH_INDEPENDENT_LEAN_PASS", "module": "FriableDemandAggregation", "olean_sha256": "e6c9eed4bd15c53b131e49169f71fe6e9808ab53e9b7079b8d6d7ede934d6496"}
{"stage": "ACTUAL_FRESH_LEAN_STARTED", "module": "FriableSourceGeometry", "axiom_prints": 62}
{"stage": "FRESH_INDEPENDENT_LEAN_PASS", "module": "FriableSourceGeometry", "olean_sha256": "a18d92c97badf4ddb7ebff9c96b1367114c3748b99d7dc09558e4bfd565044b3"}
{"stage": "ACTUAL_FRESH_LEAN_STARTED", "module": "FriableSourceBudget", "axiom_prints": 9}
{"stage": "FRESH_INDEPENDENT_LEAN_PASS", "module": "FriableSourceBudget", "olean_sha256": "4b680caaa8a26080557dd1188b55a125b78484644bb9c6909cd4c5065f1ed7a5"}
{"stage": "STAGE_PASS", "name": "04_fresh_independent_Lean", "receipt_sha256": "d05ed89c82dd592f4c1d142d0bf2fbfa160bd1c9a89d457a8bb41e1ba2521596"}
{"stage": "STAGE_STARTED", "name": "05_final_frozen_integrity"}
{"stage": "STAGE_PASS", "name": "05_final_frozen_integrity", "receipt_sha256": "928fb3703288e259558a62bcdca4e7758e00a9b330740b13e73b16540c33f884"}
{"stage": "ACTUAL_JUDGE20_FINISHED", "status": "PASS_INDEPENDENT_ROUND20_AUXILIARY_ONLY", "new_counts": {"modules": 16, "theorems": 250, "defs": 83, "structures": 1, "axiom_prints": 334}, "victory": false}
