'GoldbachRound20.Friable.inverseTotient' depends on axioms: [propext, Classical.choice, Quot.sound]
'GoldbachRound20.Friable.weightedInverseTotient' depends on axioms: [propext, Classical.choice, Quot.sound]
'GoldbachRound20.Friable.inverseTotient_multiplicative' depends on axioms: [propext, Classical.choice, Quot.sound]
'GoldbachRound20.Friable.weightedInverseTotient_multiplicative' depends on axioms: [propext,
 Classical.choice,
 Quot.sound]
'GoldbachRound20.Friable.squarefree_divisor_sum_product' depends on axioms: [propext, Classical.choice, Quot.sound]
'GoldbachRound20.Friable.inverseTotient_prime' depends on axioms: [propext, Classical.choice, Quot.sound]
'GoldbachRound20.Friable.one_add_inverseTotient_prime' depends on axioms: [propext, Classical.choice, Quot.sound]
'GoldbachRound20.Friable.nat_div_totient_squarefree_sum' depends on axioms: [propext, Classical.choice, Quot.sound]
'GoldbachRound20.Friable.squarefreeUpTo' depends on axioms: [propext, Classical.choice, Quot.sound]
'GoldbachRound20.Friable.squarefree_sum_le_prime_product' depends on axioms: [propext, Classical.choice, Quot.sound]
'GoldbachRound20.Friable.reciprocal_successive_sum' depends on axioms: [propext, Classical.choice, Quot.sound]
'GoldbachRound20.Friable.squarefree_weighted_inverse_sum_le_three' depends on axioms: [propext,
 Classical.choice,
 Quot.sound]
'GoldbachRound20.Friable.multiples_inverse_sum_le_harmonic' depends on axioms: [propext, Classical.choice, Quot.sound]
'GoldbachRound20.Friable.inverseTotient_interval_expansion' depends on axioms: [propext, Classical.choice, Quot.sound]
'GoldbachRound20.Friable.totient_inverse_sum_le_three_one_add_log' depends on axioms: [propext,
 Classical.choice,
 Quot.sound]
'GoldbachRound20.Friable.actual_TotientSumBound' depends on axioms: [propext, Classical.choice, Quot.sound]
'GoldbachRound20.Friable.actual_harmonicKernel_abs_unconditional' depends on axioms: [propext,
 Classical.choice,
 Quot.sound]
