'GoldbachRound20.SwitchedComposite.switchedConductor' does not depend on any axioms
'GoldbachRound20.SwitchedComposite.switchedCandidate' does not depend on any axioms
'GoldbachRound20.SwitchedComposite.fixedPhysicalAxes' depends on axioms: [propext]
'GoldbachRound20.SwitchedComposite.physicalQDomain' depends on axioms: [propext, Classical.choice, Quot.sound]
'GoldbachRound20.SwitchedComposite.physicalPrimeMass' depends on axioms: [propext, Classical.choice, Quot.sound]
'GoldbachRound20.SwitchedComposite.physicalRawMass' depends on axioms: [propext, Classical.choice, Quot.sound]
'GoldbachRound20.SwitchedComposite.physicalSelbergMass' depends on axioms: [propext, Classical.choice, Quot.sound]
'GoldbachRound20.SwitchedComposite.physicalCompositeMass' depends on axioms: [propext, Classical.choice, Quot.sound]
'GoldbachRound20.SwitchedComposite.physicalProperPowerDifference' depends on axioms: [propext,
 Classical.choice,
 Quot.sound]
'GoldbachRound20.SwitchedComposite.mem_physicalQDomain' depends on axioms: [propext, Classical.choice, Quot.sound]
'GoldbachRound20.SwitchedComposite.physicalQDomain_prime' depends on axioms: [propext, Classical.choice, Quot.sound]
'GoldbachRound20.SwitchedComposite.physicalQDomain_mask' depends on axioms: [propext, Classical.choice, Quot.sound]
'GoldbachRound20.SwitchedComposite.physicalQDomain_front' depends on axioms: [propext, Classical.choice, Quot.sound]
'GoldbachRound20.SwitchedComposite.physicalQDomain_unit' depends on axioms: [propext, Classical.choice, Quot.sound]
'GoldbachRound20.SwitchedComposite.physicalCandidate_unit_N' depends on axioms: [propext, Classical.choice, Quot.sound]
'GoldbachRound20.SwitchedComposite.physicalCandidate_unit_tN' depends on axioms: [propext, Classical.choice, Quot.sound]
'GoldbachRound20.SwitchedComposite.physicalCompositeSubtraction' depends on axioms: [propext,
 Classical.choice,
 Quot.sound]
'GoldbachRound20.SwitchedComposite.physicalCompositeMass_nonneg' depends on axioms: [propext,
 Classical.choice,
 Quot.sound]
'GoldbachRound20.SwitchedComposite.physicalRaw_theta_difference' depends on axioms: [propext,
 Classical.choice,
 Quot.sound]
'GoldbachRound20.SwitchedComposite.physicalCompositeMass_leastFactor' depends on axioms: [propext,
 Classical.choice,
 Quot.sound]
