D:\Users\Utilisateur\Desktop\Maths\Goldbach_Parity_20261002\round22\judge5\batch02_sources\EpsteinUnfold22.lean:88:29: warning: Used `tac1 <;> tac2` where `(tac1; tac2)` would suffice
note: this linter can be disabled with `set_option linter.unnecessarySeqFocus false`
D:\Users\Utilisateur\Desktop\Maths\Goldbach_Parity_20261002\round22\judge5\batch02_sources\EpsteinUnfold22.lean:150:41: warning: unused variable `hy`
note: this linter can be disabled with `set_option linter.unusedVariables false`
D:\Users\Utilisateur\Desktop\Maths\Goldbach_Parity_20261002\round22\judge5\batch02_sources\EpsteinUnfold22.lean:150:62: warning: unused variable `hm`
note: this linter can be disabled with `set_option linter.unusedVariables false`
D:\Users\Utilisateur\Desktop\Maths\Goldbach_Parity_20261002\round22\judge5\batch02_sources\EpsteinUnfold22.lean:180:24: warning: Used `tac1 <;> tac2` where `(tac1; tac2)` would suffice
note: this linter can be disabled with `set_option linter.unnecessarySeqFocus false`
'Epstein22.periodized' depends on axioms: [propext, Classical.choice, Quot.sound]
'Epstein22.translateBound' depends on axioms: [propext, Classical.choice, Quot.sound]
'Epstein22.infiniteShiftIntegral' depends on axioms: [propext, Classical.choice, Quot.sound]
'Epstein22.kernel_upper_of_sq_le' depends on axioms: [propext, Classical.choice, Quot.sound]
'Epstein22.kernel_upper_a' depends on axioms: [propext, Classical.choice, Quot.sound]
'Epstein22.summable_translateBound' depends on axioms: [propext, Classical.choice, Quot.sound]
'Epstein22.translateBound_nonneg' depends on axioms: [propext, Classical.choice, Quot.sound]
'Epstein22.kernel_translate_bound' depends on axioms: [propext, Classical.choice, Quot.sound]
'Epstein22.continuousOn_periodized' depends on axioms: [propext, Classical.choice, Quot.sound]
'Epstein22.continuous_periodized' depends on axioms: [propext, Classical.choice, Quot.sound]
'Epstein22.periodic_periodized' depends on axioms: [propext, Classical.choice, Quot.sound]
'Epstein22.intervalIntegrable_periodized' depends on axioms: [propext, Classical.choice, Quot.sound]
'Epstein22.summable_integral_norm_cells' depends on axioms: [propext, Classical.choice, Quot.sound]
'Epstein22.integral_periodized_unit' depends on axioms: [propext, Classical.choice, Quot.sound]
'Epstein22.summable_kernel_translate' depends on axioms: [propext, Classical.choice, Quot.sound]
'Epstein22.infiniteSum_shiftKernel' depends on axioms: [propext, Classical.choice, Quot.sound]
'Epstein22.unfoldFullRealThreeHalves' depends on axioms: [propext, Classical.choice, Quot.sound]
'Epstein22.abs_cast_eq_natAbs' depends on axioms: [propext, Classical.choice, Quot.sound]
'Epstein22.unfoldFullRealThreeHalves_natAbs' depends on axioms: [propext, Classical.choice, Quot.sound]
