D:\Users\Utilisateur\Desktop\Maths\Goldbach_Parity_20261002\round22\judge5\batch02_sources\EpsteinTail22.lean:87:28: warning: Used `tac1 <;> tac2` where `(tac1; tac2)` would suffice
note: this linter can be disabled with `set_option linter.unnecessarySeqFocus false`
D:\Users\Utilisateur\Desktop\Maths\Goldbach_Parity_20261002\round22\judge5\batch02_sources\EpsteinTail22.lean:112:27: warning: Used `tac1 <;> tac2` where `(tac1; tac2)` would suffice
note: this linter can be disabled with `set_option linter.unnecessarySeqFocus false`
D:\Users\Utilisateur\Desktop\Maths\Goldbach_Parity_20261002\round22\judge5\batch02_sources\EpsteinTail22.lean:146:47: warning: 'ring' tactic does nothing
note: this linter can be disabled with `set_option linter.unusedTactic false`
D:\Users\Utilisateur\Desktop\Maths\Goldbach_Parity_20261002\round22\judge5\batch02_sources\EpsteinTail22.lean:146:47: warning: this tactic is never executed
note: this linter can be disabled with `set_option linter.unreachableTactic false`
'Epstein22.endpointDeficit' depends on axioms: [propext, Classical.choice, Quot.sound]
'Epstein22.truncationEnvelope' depends on axioms: [propext, Classical.choice, Quot.sound]
'Epstein22.truncationEnvelopeReal' depends on axioms: [propext, Classical.choice, Quot.sound]
'Epstein22.endpointSum_range' depends on axioms: [propext, Classical.choice, Quot.sound]
'Epstein22.endpointDeficit_eq' depends on axioms: [propext, Classical.choice, Quot.sound]
'Epstein22.boundary_deficit_uniform' depends on axioms: [propext, Classical.choice, Quot.sound]
'Epstein22.endpointDeficit_bounds' depends on axioms: [propext, Classical.choice, Quot.sound]
'Epstein22.complete_mass_prefactor' depends on axioms: [propext, Classical.choice, Quot.sound]
'Epstein22.actual_error_eq_endpointDeficit' depends on axioms: [propext, Classical.choice, Quot.sound]
'Epstein22.actual_truncation_error_bounds' depends on axioms: [propext, Classical.choice, Quot.sound]
'Epstein22.truncationEnvelope_eq_rpow' depends on axioms: [propext, Classical.choice, Quot.sound]
'Epstein22.continuous_truncationEnvelope' depends on axioms: [propext, Classical.choice, Quot.sound]
'Epstein22.truncationEnvelope_eq_real' depends on axioms: [propext, Classical.choice, Quot.sound]
'Epstein22.continuousOn_truncationEnvelopeReal' depends on axioms: [propext, Classical.choice, Quot.sound]
