'GoldbachContinuous22.betaEndpointConstant' depends on axioms: [propext, Classical.choice, Quot.sound]
'GoldbachContinuous22.betaDifferenceMajorant' depends on axioms: [propext, Classical.choice, Quot.sound]
'GoldbachContinuous22.psiBetaIntegrand' depends on axioms: [propext, Classical.choice, Quot.sound]
'GoldbachContinuous22.betaEndpointConstant_nonneg' depends on axioms: [propext, Classical.choice, Quot.sound]
'GoldbachContinuous22.betaDifferenceMajorant_nonneg' depends on axioms: [propext, Classical.choice, Quot.sound]
'GoldbachContinuous22.rpow_le_half_endpoint_sum' depends on axioms: [propext, Classical.choice, Quot.sound]
'GoldbachContinuous22.norm_ofReal_cpow' depends on axioms: [propext, Classical.choice, Quot.sound]
'GoldbachContinuous22.hasDerivAt_ofReal_cpow' depends on axioms: [propext, Classical.choice, Quot.sound]
'GoldbachContinuous22.norm_cpow_sub_one_le_endpoint' depends on axioms: [propext, Classical.choice, Quot.sound]
'GoldbachContinuous22.norm_betaFactor_le_two' depends on axioms: [propext, Classical.choice, Quot.sound]
'GoldbachContinuous22.norm_betaDifference_le_left' depends on axioms: [propext, Classical.choice, Quot.sound]
'GoldbachContinuous22.norm_betaDifference_le_right' depends on axioms: [propext, Classical.choice, Quot.sound]
'GoldbachContinuous22.norm_betaDifference_le_majorant' depends on axioms: [propext, Classical.choice, Quot.sound]
'GoldbachContinuous22.intervalIntegrable_betaDifferenceMajorant' depends on axioms: [propext,
 Classical.choice,
 Quot.sound]
'GoldbachContinuous22.intervalIntegrable_betaDifference' depends on axioms: [propext, Classical.choice, Quot.sound]
'GoldbachContinuous22.betaDifference_pointwise_tendsto' depends on axioms: [propext, Classical.choice, Quot.sound]
'GoldbachContinuous22.betaDifference_limit_aestronglyMeasurable' depends on axioms: [propext,
 Classical.choice,
 Quot.sound]
'GoldbachContinuous22.integrableOn_betaDifference_limit' depends on axioms: [propext, Classical.choice, Quot.sound]
'GoldbachContinuous22.betaDifference_dominated_limit' depends on axioms: [propext, Classical.choice, Quot.sound]
'GoldbachContinuous22.betaDifference_zero_integral' depends on axioms: [propext, Classical.choice, Quot.sound]
'GoldbachContinuous22.betaDifference_zero_eq_neg_psiBeta' depends on axioms: [propext, Classical.choice, Quot.sound]
'GoldbachContinuous22.integrableOn_psiBetaIntegrand' depends on axioms: [propext, Classical.choice, Quot.sound]
'GoldbachContinuous22.gammaPsi_eq_beta_integral' depends on axioms: [propext, Classical.choice, Quot.sound]
