'GoldbachRound13.PrimeSemiprimeSwitch.divisor_prime_extension' depends on axioms: [propext,
 Classical.choice,
 Quot.sound]
'GoldbachRound13.PrimeSemiprimeSwitch.divisor_three_primes' depends on axioms: [propext, Classical.choice, Quot.sound]
'GoldbachRound13.PrimeSemiprimeSwitch.short_filter_large_prime' depends on axioms: [propext,
 Classical.choice,
 Quot.sound]
'GoldbachRound13.PrimeSemiprimeSwitch.short_filter_image' depends on axioms: [propext, Classical.choice, Quot.sound]
'GoldbachRound13.PrimeSemiprimeSwitch.mu_prime' depends on axioms: [propext, Classical.choice, Quot.sound]
'GoldbachRound13.PrimeSemiprimeSwitch.image_arithmetic' depends on axioms: [propext, Classical.choice, Quot.sound]
'GoldbachRound13.PrimeSemiprimeSwitch.short_sum_parent' depends on axioms: [propext, Classical.choice, Quot.sound]
'GoldbachRound13.PrimeSemiprimeSwitch.short_sum_image' depends on axioms: [propext, Classical.choice, Quot.sound]
'GoldbachRound13.PrimeSemiprimeSwitch.actual_source_coefficients' depends on axioms: [propext,
 Classical.choice,
 Quot.sound]
'GoldbachRound13.PrimeSemiprimeSwitch.downward_displacement' depends on axioms: [propext, Classical.choice, Quot.sound]
'GoldbachRound13.PrimeSemiprimeSwitch.actual_source_pair' depends on axioms: [propext, Classical.choice, Quot.sound]
'GoldbachRound13.PrimeSemiprimeSwitch.actual_admissible_switch' depends on axioms: [propext,
 Classical.choice,
 Quot.sound]
'GoldbachRound13.PrimeSemiprimeSwitch.short_filter_parent' depends on axioms: [propext, Classical.choice, Quot.sound]
'GoldbachRound13.PrimeSemiprimeSwitch.parent_arithmetic' depends on axioms: [propext, Classical.choice, Quot.sound]
'GoldbachRound13.PrimeSemiprimeSwitch.prime_dvd_two' depends on axioms: [propext, Classical.choice, Quot.sound]
'GoldbachRound13.PrimeSemiprimeSwitch.prime_dvd_three' depends on axioms: [propext, Classical.choice, Quot.sound]
'GoldbachRound13.PrimeSemiprimeSwitch.prime_dvd_four' depends on axioms: [propext, Classical.choice, Quot.sound]
'GoldbachRound13.PrimeSemiprimeSwitch.ordered_two_primes_unique' depends on axioms: [propext,
 Classical.choice,
 Quot.sound]
'GoldbachRound13.PrimeSemiprimeSwitch.ordered_three_primes_unique' depends on axioms: [propext,
 Classical.choice,
 Quot.sound]
'GoldbachRound13.PrimeSemiprimeSwitch.ordered_four_primes_unique' depends on axioms: [propext,
 Classical.choice,
 Quot.sound]
'GoldbachRound13.PrimeSemiprimeSwitch.parent_canonical' depends on axioms: [propext, Classical.choice, Quot.sound]
'GoldbachRound13.PrimeSemiprimeSwitch.image_canonical' depends on axioms: [propext, Classical.choice, Quot.sound]
'GoldbachRound13.PrimeSemiprimeSwitch.parent_image_disjoint' depends on axioms: [propext, Classical.choice, Quot.sound]
'GoldbachRound10.ShortDivisorComplement.mu' depends on axioms: [propext, Classical.choice, Quot.sound]
'GoldbachRound10.ShortDivisorComplement.shortDivisorSum' depends on axioms: [propext, Classical.choice, Quot.sound]
'GoldbachRound10.ShortDivisorComplement.physicalDivisorKernel' depends on axioms: [propext,
 Classical.choice,
 Quot.sound]
'GoldbachRound10.ShortDivisorComplement.cappedDivisorKernel' depends on axioms: [propext, Classical.choice, Quot.sound]
'GoldbachRound10.ShortDivisorComplement.longDivisorSum' depends on axioms: [propext, Classical.choice, Quot.sound]
'GoldbachRound11.harmonicKernel' depends on axioms: [propext, Classical.choice, Quot.sound]
'GoldbachRound11.sourceBracket' depends on axioms: [propext, Classical.choice, Quot.sound]
'GoldbachRound11.theta' depends on axioms: [propext, Classical.choice, Quot.sound]
'GoldbachRound11.primeIncidence' depends on axioms: [propext, Classical.choice, Quot.sound]
'ArithmeticFunction.moebius' depends on axioms: [propext, Classical.choice, Quot.sound]
'ArithmeticFunction.vonMangoldt' depends on axioms: [propext, Classical.choice, Quot.sound]
'Nat.totient' depends on axioms: [propext, Classical.choice, Quot.sound]
