'GoldbachRound19.RankCalibration.rankProduct' does not depend on any axioms
'GoldbachRound19.RankCalibration.remainingModulus' depends on axioms: [propext]
'GoldbachRound19.RankCalibration.prime_dvd_conductor' depends on axioms: [propext, Classical.choice, Quot.sound]
'GoldbachRound19.RankCalibration.three_distinct_primes_not_dvd_conductor' depends on axioms: [propext,
 Classical.choice,
 Quot.sound]
'GoldbachRound19.RankCalibration.small_prime_in_physical_image_is_conductor' depends on axioms: [propext,
 Classical.choice,
 Quot.sound]
'GoldbachRound19.RankCalibration.three_small_primes_face_excludes_physicalMask' depends on axioms: [propext,
 Classical.choice,
 Quot.sound]
'GoldbachRound19.RankCalibration.three_small_primes_face_beta_zero' depends on axioms: [propext,
 Classical.choice,
 Quot.sound]
'GoldbachRound19.RankCalibration.remaining_modulus_mul_gcd' depends on axioms: [propext]
'GoldbachRound19.RankCalibration.remaining_modulus_dvd' depends on axioms: [propext]
'GoldbachRound19.RankCalibration.remaining_modulus_coprime' depends on axioms: [propext, Classical.choice, Quot.sound]
'GoldbachRound19.RankCalibration.remaining_face_modulus_iff' depends on axioms: [propext, Classical.choice, Quot.sound]
'GoldbachRound19.RankCalibration.remaining_modulus_gt_one' depends on axioms: [propext, Quot.sound]
'GoldbachRound19.RankCalibration.remaining_modulus_unit' depends on axioms: [propext, Classical.choice, Quot.sound]
'GoldbachRound19.RankCalibration.canonical_remaining_modulus_gt_one' depends on axioms: [propext,
 Classical.choice,
 Quot.sound]
'GoldbachRound19.RankCalibration.rankUnits' depends on axioms: [propext, Quot.sound]
'GoldbachRound19.RankCalibration.rank_units_modulus' depends on axioms: [propext, Classical.choice, Quot.sound]
'GoldbachRound19.RankCalibration.rank_support' depends on axioms: [propext, Classical.choice, Quot.sound]
'GoldbachRound19.RankCalibration.rank_structure_le_card' depends on axioms: [propext, Classical.choice, Quot.sound]
'GoldbachRound19.RankCalibration.rank_empty_implies_structure_zero' depends on axioms: [propext,
 Classical.choice,
 Quot.sound]
'GoldbachRound19.RankCalibration.fixed_rank_product' depends on axioms: [propext]
'GoldbachRound19.RankCalibration.fixed_rank_squarefree' depends on axioms: [propext, Classical.choice, Quot.sound]
'GoldbachRound19.RankCalibration.fixed_rank_face_beta_zero' depends on axioms: [propext, Classical.choice, Quot.sound]
