D:\Users\Utilisateur\Desktop\Maths\Goldbach_Parity_20261002\round19\role3\RankCalibrationArithmetic.lean:209:74: error: no goals to be solved
D:\Users\Utilisateur\Desktop\Maths\Goldbach_Parity_20261002\round19\role3\RankCalibrationArithmetic.lean:210:77: error: no goals to be solved
D:\Users\Utilisateur\Desktop\Maths\Goldbach_Parity_20261002\round19\role3\RankCalibrationArithmetic.lean:211:77: error: no goals to be solved
'GoldbachRound19.RankCalibration.smallSelector' depends on axioms: [propext, Quot.sound]
'GoldbachRound19.RankCalibration.smallConductor' depends on axioms: [propext, Quot.sound]
'GoldbachRound19.RankCalibration.rankChi' depends on axioms: [propext, Classical.choice, Quot.sound]
'GoldbachRound19.RankCalibration.selector_cases' depends on axioms: [propext, Classical.choice, Quot.sound]
'GoldbachRound19.RankCalibration.small_unit_modulus_bound' depends on axioms: [propext, Classical.choice, Quot.sound]
'GoldbachRound19.RankCalibration.final_small_unit_modulus_bound' depends on axioms: [propext,
 Classical.choice,
 Quot.sound]
'GoldbachRound19.RankCalibration.squarefree_conductor_of_primes' depends on axioms: [propext,
 Classical.choice,
 Quot.sound]
'GoldbachRound19.RankCalibration.squarefree_subdivisor_reconstruction' depends on axioms: [propext,
 Classical.choice,
 Quot.sound]
'GoldbachRound19.RankCalibration.fixed_factor_representation_multiplicity' depends on axioms: [propext,
 Classical.choice,
 Quot.sound]
'GoldbachRound19.RankCalibration.fixed_factor_divisor_count' depends on axioms: [propext, Classical.choice, Quot.sound]
'GoldbachRound19.RankCalibration.rank_ap_representation_multiplicity' depends on axioms: [propext,
 Classical.choice,
 Quot.sound]
'GoldbachRound19.RankCalibration.rank_chi_positive' depends on axioms: [propext, Classical.choice, Quot.sound]
'GoldbachRound19.RankCalibration.rank_price_principal_identity' depends on axioms: [propext,
 Classical.choice,
 Quot.sound]
'GoldbachRound19.RankCalibration.rank_price_principal_nonpositive' depends on axioms: [propext,
 Classical.choice,
 Quot.sound]
'GoldbachRound19.RankCalibration.rank_price_principal_negative' depends on axioms: [propext,
 Classical.choice,
 Quot.sound]
'GoldbachRound19.RankCalibration.fixed_rank_chi_values' depends on axioms: [propext,
 sorryAx,
 Classical.choice,
 Quot.sound]
'GoldbachRound19.RankCalibration.fixed_rank_divisor_list' depends on axioms: [propext, Classical.choice, Quot.sound]
'GoldbachRound19.RankCalibration.fixed_rank_chi_lower_bound' depends on axioms: [propext,
 sorryAx,
 Classical.choice,
 Quot.sound]
'GoldbachRound19.RankCalibration.canonical_fixed_rank_chi_lower_bound' depends on axioms: [propext,
 sorryAx,
 Classical.choice,
 Quot.sound]
