D:\Users\Utilisateur\Desktop\Maths\Goldbach_Parity_20261002\round19\role3\RankCalibrationEuler.lean:89:2: error: unsolved goals
case pos
F : Parameters
I : Finset ℕ
K : ℕ
hfront : ∀ b ∈ I, GoldbachRound18.SeparatedTypeII.conductor F * b ≤ F.N
b : ℕ
hb : b ∈ I
hN : b.Coprime F.N
⊢ (if b.Coprime F.N ∧ b.Coprime K then theta F.N (candidate F b) else 0) =
    if b.Coprime K then theta F.N (candidate F b) else 0
'GoldbachRound19.RankCalibration.divisorPrimeSum' depends on axioms: [propext, Classical.choice, Quot.sound]
'GoldbachRound19.RankCalibration.effectiveDivisors' depends on axioms: [propext, Classical.choice, Quot.sound]
'GoldbachRound19.RankCalibration.eulerCoefficient' depends on axioms: [propext, Classical.choice, Quot.sound]
'GoldbachRound19.RankCalibration.divisorPrimeRemainder' depends on axioms: [propext, Classical.choice, Quot.sound]
'GoldbachRound19.RankCalibration.eulerRemainder' depends on axioms: [propext, Classical.choice, Quot.sound]
'GoldbachRound19.RankCalibration.weighted_unit_inclusion' depends on axioms: [propext, Classical.choice, Quot.sound]
'GoldbachRound19.RankCalibration.candidate_unit_implies_quotient_unit' depends on axioms: [propext]
'GoldbachRound19.RankCalibration.theta_nonunit_quotient_zero' depends on axioms: [propext, Classical.choice, Quot.sound]
'GoldbachRound19.RankCalibration.theta_unit_N_redundant' depends on axioms: [propext,
 sorryAx,
 Classical.choice,
 Quot.sound]
'GoldbachRound19.RankCalibration.divisor_prime_sum_nonunit_zero' depends on axioms: [propext,
 Classical.choice,
 Quot.sound]
'GoldbachRound19.RankCalibration.effective_theta_unit_inclusion' depends on axioms: [propext,
 sorryAx,
 Classical.choice,
 Quot.sound]
'GoldbachRound19.RankCalibration.actual_theta_euler_decomposition' depends on axioms: [propext,
 sorryAx,
 Classical.choice,
 Quot.sound]
'GoldbachRound19.RankCalibration.euler_remainder_abs_bound' depends on axioms: [propext, Classical.choice, Quot.sound]
'GoldbachRound19.RankCalibration.face_divisor_product_iff' depends on axioms: [propext]
'GoldbachRound19.RankCalibration.rank_face_weighted_inclusion' depends on axioms: [propext,
 sorryAx,
 Classical.choice,
 Quot.sound]
'GoldbachRound19.RankCalibration.face_euler_coefficient_factor' depends on axioms: [propext,
 Classical.choice,
 Quot.sound]
'GoldbachRound19.RankCalibration.actual_rank_face_euler_decomposition' depends on axioms: [propext,
 sorryAx,
 Classical.choice,
 Quot.sound]
