D:\Users\Utilisateur\Desktop\Maths\Goldbach_Parity_20261002\round19\role3\RankCalibrationUnitLoss.lean:25:4: warning: try 'simp' instead of 'simpa'
note: this linter can be disabled with `set_option linter.unnecessarySimpa false`
D:\Users\Utilisateur\Desktop\Maths\Goldbach_Parity_20261002\round19\role3\RankCalibrationUnitLoss.lean:26:4: warning: try 'simp' instead of 'simpa'
note: this linter can be disabled with `set_option linter.unnecessarySimpa false`
D:\Users\Utilisateur\Desktop\Maths\Goldbach_Parity_20261002\round19\role3\RankCalibrationUnitLoss.lean:29:6: warning: try 'simp' instead of 'simpa'
note: this linter can be disabled with `set_option linter.unnecessarySimpa false`
D:\Users\Utilisateur\Desktop\Maths\Goldbach_Parity_20261002\round19\role3\RankCalibrationUnitLoss.lean:100:6: error: type mismatch, term
  Rat.cast_le.mpr hcq
after simplification has type
  |↑(#(filter (fun b => b ≡ 0 [MOD p]) (Ioc A B))) - (↑B - ↑A) / ↑p| ≤ ↑1 : Prop
but is expected to have type
  |↑(#(filter (fun b => b ≡ 0 [MOD p]) (Ioc A B))) - (↑B - ↑A) / ↑p| ≤ 1 : Prop
'GoldbachRound19.RankCalibration.largeMultiples' depends on axioms: [propext, Quot.sound]
'GoldbachRound19.RankCalibration.small_conductor_dvd' depends on axioms: [propext, Classical.choice, Quot.sound]
'GoldbachRound19.RankCalibration.small_prime_dvd_small_conductor' depends on axioms: [propext,
 Classical.choice,
 Quot.sound]
'GoldbachRound19.RankCalibration.full_rank_units_subset_small' depends on axioms: [propext,
 Classical.choice,
 Quot.sound]
'GoldbachRound19.RankCalibration.lost_rank_unit_large_factor' depends on axioms: [propext, Classical.choice, Quot.sound]
'GoldbachRound19.RankCalibration.interval_large_multiples_bound' depends on axioms: [propext,
 sorryAx,
 Classical.choice,
 Quot.sound]
'GoldbachRound19.RankCalibration.lost_rank_unit_card_bound' depends on axioms: [propext,
 sorryAx,
 Classical.choice,
 Quot.sound]
'GoldbachRound19.RankCalibration.large_conductor_unit_price_bound' depends on axioms: [propext,
 sorryAx,
 Classical.choice,
 Quot.sound]
'GoldbachRound19.RankCalibration.physical_large_conductor_theta_price_bound' depends on axioms: [propext,
 sorryAx,
 Classical.choice,
 Quot.sound]
