D:\Users\Utilisateur\Desktop\Maths\Goldbach_Parity_20261002\round19\role3\RankCalibrationEstimator.lean:47:4: error: mod_cast has type
  A ≤ J : Prop
but is expected to have type
  A ≤ 1 * J : Prop
D:\Users\Utilisateur\Desktop\Maths\Goldbach_Parity_20261002\round19\role3\RankCalibrationEstimator.lean:72:2: warning: Used `tac1 <;> tac2` where `(tac1; tac2)` would suffice
note: this linter can be disabled with `set_option linter.unnecessarySeqFocus false`
D:\Users\Utilisateur\Desktop\Maths\Goldbach_Parity_20261002\round19\role3\RankCalibrationEstimator.lean:167:4: error: invalid 'calc' step, failed to synthesize `Trans` instance
  Trans LE.le LE.le ?m.133292
Additional diagnostic information may be available using the `set_option diagnostics true` command.
'GoldbachRound19.RankCalibration.integerDensity' depends on axioms: [propext, Classical.choice, Quot.sound]
'GoldbachRound19.RankCalibration.faceEulerRemainder' depends on axioms: [propext, Classical.choice, Quot.sound]
'GoldbachRound19.RankCalibration.outsideUnits' depends on axioms: [propext, Quot.sound]
'GoldbachRound19.RankCalibration.rankMainMass' depends on axioms: [propext, Classical.choice, Quot.sound]
'GoldbachRound19.RankCalibration.actual_density_positive' depends on axioms: [propext, Classical.choice, Quot.sound]
'GoldbachRound19.RankCalibration.normalized_density_error_bound' depends on axioms: [propext,
 sorryAx,
 Classical.choice,
 Quot.sound]
'GoldbachRound19.RankCalibration.rank_main_normalization_identity' depends on axioms: [propext,
 Classical.choice,
 Quot.sound]
'GoldbachRound19.RankCalibration.outside_unit_sum' depends on axioms: [propext, Classical.choice, Quot.sound]
'GoldbachRound19.RankCalibration.rank_price_exact_euler_estimator' depends on axioms: [propext,
 Classical.choice,
 Quot.sound]
'GoldbachRound19.RankCalibration.rank_price_estimator_error_bound' depends on axioms: [propext,
 sorryAx,
 Classical.choice,
 Quot.sound]
