Try this: ring_nf
D:\Users\Utilisateur\Desktop\Maths\Goldbach_Parity_20261002\round19\role3\RankCalibrationFace.lean:99:2: error: unsolved goals
case mpr.intro.intro
P d b : ℕ
hs : Squarefree P
hd : d ≠ 0
z : ℕ
hz : d = P.gcd d * z
t : ℕ
ht : b = remainingModulus P d * t
⊢ (remainingModulus P d * P.gcd d).gcd d * z * remainingModulus (remainingModulus P d * P.gcd d) d * t =
    remainingModulus P d * P.gcd d * z * t
D:\Users\Utilisateur\Desktop\Maths\Goldbach_Parity_20261002\round19\role3\RankCalibrationFace.lean:179:60: error: tactic 'decide' failed for proposition
  Squarefree 1771
since its 'Decidable' instance
  Nat.instDecidablePredSquarefree 1771
did not reduce to 'isTrue' or 'isFalse'.

After unfolding the instances 'Option.decEqOption✝', 'decidable_of_decidable_of_iff', 'decidable_of_iff'', 'instDecidableEqNat', 'Nat.decEq', 'Nat.decidable_dvd', 'Nat.instDecidablePredSquarefree' and 'Option.instDecidableEq', reduction got stuck at the 'Decidable' instance
  match Nat.minSqFac 1771, none with
  | none, none => isTrue ⋯
  | none, some val => isFalse ⋯
  | some val, none => isFalse ⋯
  | some a, some b => if h : a = b then h ▸ isTrue ⋯ else isFalse ⋯
'GoldbachRound19.RankCalibration.rankProduct' does not depend on any axioms
'GoldbachRound19.RankCalibration.remainingModulus' depends on axioms: [propext]
'GoldbachRound19.RankCalibration.prime_dvd_conductor' depends on axioms: [propext, Classical.choice, Quot.sound]
'GoldbachRound19.RankCalibration.three_distinct_primes_not_dvd_conductor' depends on axioms: [propext,
 Classical.choice,
 Quot.sound]
'GoldbachRound19.RankCalibration.small_prime_in_physical_image_is_conductor' depends on axioms: [propext,
 Classical.choice,
 Quot.sound]
'GoldbachRound19.RankCalibration.three_small_primes_face_excludes_physicalMask' depends on axioms: [propext,
 Classical.choice,
 Quot.sound]
'GoldbachRound19.RankCalibration.three_small_primes_face_beta_zero' depends on axioms: [propext,
 Classical.choice,
 Quot.sound]
'GoldbachRound19.RankCalibration.remaining_modulus_mul_gcd' depends on axioms: [propext]
'GoldbachRound19.RankCalibration.remaining_modulus_dvd' depends on axioms: [propext]
'GoldbachRound19.RankCalibration.remaining_modulus_coprime' depends on axioms: [propext, Classical.choice, Quot.sound]
'GoldbachRound19.RankCalibration.remaining_face_modulus_iff' depends on axioms: [propext,
 sorryAx,
 Classical.choice,
 Quot.sound]
'GoldbachRound19.RankCalibration.remaining_modulus_gt_one' depends on axioms: [propext, Quot.sound]
'GoldbachRound19.RankCalibration.remaining_modulus_unit' depends on axioms: [propext, Classical.choice, Quot.sound]
'GoldbachRound19.RankCalibration.canonical_remaining_modulus_gt_one' depends on axioms: [propext,
 Classical.choice,
 Quot.sound]
'GoldbachRound19.RankCalibration.rankUnits' depends on axioms: [propext, Quot.sound]
'GoldbachRound19.RankCalibration.rank_units_modulus' depends on axioms: [propext, sorryAx, Classical.choice, Quot.sound]
'GoldbachRound19.RankCalibration.rank_support' depends on axioms: [propext, Classical.choice, Quot.sound]
'GoldbachRound19.RankCalibration.rank_structure_le_card' depends on axioms: [propext, Classical.choice, Quot.sound]
'GoldbachRound19.RankCalibration.rank_empty_implies_structure_zero' depends on axioms: [propext,
 Classical.choice,
 Quot.sound]
'GoldbachRound19.RankCalibration.fixed_rank_product' depends on axioms: [propext]
'GoldbachRound19.RankCalibration.fixed_rank_squarefree' depends on axioms: [propext, sorryAx]
'GoldbachRound19.RankCalibration.fixed_rank_face_beta_zero' depends on axioms: [propext, Classical.choice, Quot.sound]
