D:\Users\Utilisateur\Desktop\Maths\Goldbach_Parity_20261002\round22\role4\concrete_ntt_roots_prepare21\sources\ConcreteNTTRoots22.lean:47:6: error: unsolved goals
case refine_2.inl.inl
hf : 2013265921 - 1 = 2 ^ 27 * 3 * 5
hq : Nat.Prime 2
hqd : 2 ∣ 2 ^ 27 * 3 * 5
h23 : 2 ∣ 2 ^ 27 * 3
h : 31 ^ ((2013265921 - 1) / 2) = 1
hv : ZMod.val 2013265920 = 1
⊢ False
D:\Users\Utilisateur\Desktop\Maths\Goldbach_Parity_20261002\round22\role4\concrete_ntt_roots_prepare21\sources\ConcreteNTTRoots22.lean:51:6: error: unsolved goals
case refine_2.inl.inr
hf : 2013265921 - 1 = 2 ^ 27 * 3 * 5
hq : Nat.Prime 3
hqd : 3 ∣ 2 ^ 27 * 3 * 5
h23 : 3 ∣ 2 ^ 27 * 3
h : 31 ^ ((2013265921 - 1) / 3) = 1
hv : ZMod.val 1314723123 = 1
⊢ False
D:\Users\Utilisateur\Desktop\Maths\Goldbach_Parity_20261002\round22\role4\concrete_ntt_roots_prepare21\sources\ConcreteNTTRoots22.lean:55:4: error: unsolved goals
case refine_2.inr
hf : 2013265921 - 1 = 2 ^ 27 * 3 * 5
hq : Nat.Prime 5
hqd : 5 ∣ 2 ^ 27 * 3 * 5
h5 : 5 ∣ 5
h : 31 ^ ((2013265921 - 1) / 5) = 1
hv : ZMod.val 645581151 = 1
⊢ False
D:\Users\Utilisateur\Desktop\Maths\Goldbach_Parity_20261002\round22\role4\concrete_ntt_roots_prepare21\sources\ConcreteNTTRoots22.lean:70:4: error: unsolved goals
case refine_2.inl
hf : 2281701377 - 1 = 2 ^ 27 * 17
hq : Nat.Prime 2
hqd : 2 ∣ 2 ^ 27 * 17
h : 3 ^ ((2281701377 - 1) / 2) = 1
hv : ZMod.val 2281701376 = 1
⊢ False
D:\Users\Utilisateur\Desktop\Maths\Goldbach_Parity_20261002\round22\role4\concrete_ntt_roots_prepare21\sources\ConcreteNTTRoots22.lean:74:4: error: unsolved goals
case refine_2.inr
hf : 2281701377 - 1 = 2 ^ 27 * 17
hq : Nat.Prime 17
hqd : 17 ∣ 2 ^ 27 * 17
h : 3 ^ ((2281701377 - 1) / 17) = 1
hv : ZMod.val 570986625 = 1
⊢ False
D:\Users\Utilisateur\Desktop\Maths\Goldbach_Parity_20261002\round22\role4\concrete_ntt_roots_prepare21\sources\ConcreteNTTRoots22.lean:87:4: error: unsolved goals
case refine_2.inl
hf : 3221225473 - 1 = 2 ^ 30 * 3
hq : Nat.Prime 2
hqd : 2 ∣ 2 ^ 30 * 3
h : 5 ^ ((3221225473 - 1) / 2) = 1
hv : ZMod.val 3221225472 = 1
⊢ False
D:\Users\Utilisateur\Desktop\Maths\Goldbach_Parity_20261002\round22\role4\concrete_ntt_roots_prepare21\sources\ConcreteNTTRoots22.lean:91:4: error: unsolved goals
case refine_2.inr
hf : 3221225473 - 1 = 2 ^ 30 * 3
hq : Nat.Prime 3
hqd : 3 ∣ 2 ^ 30 * 3
h : 5 ^ ((3221225473 - 1) / 3) = 1
hv : ZMod.val 1610563584 = 1
⊢ False
D:\Users\Utilisateur\Desktop\Maths\Goldbach_Parity_20261002\round22\role4\concrete_ntt_roots_prepare21\sources\ConcreteNTTRoots22.lean:104:4: error: unsolved goals
case refine_2.inl
hf : 3489660929 - 1 = 2 ^ 28 * 13
hq : Nat.Prime 2
hqd : 2 ∣ 2 ^ 28 * 13
h : 3 ^ ((3489660929 - 1) / 2) = 1
hv : ZMod.val 3489660928 = 1
⊢ False
D:\Users\Utilisateur\Desktop\Maths\Goldbach_Parity_20261002\round22\role4\concrete_ntt_roots_prepare21\sources\ConcreteNTTRoots22.lean:108:4: error: unsolved goals
case refine_2.inr
hf : 3489660929 - 1 = 2 ^ 28 * 13
hq : Nat.Prime 13
hqd : 13 ∣ 2 ^ 28 * 13
h : 3 ^ ((3489660929 - 1) / 13) = 1
hv : ZMod.val 1475084974 = 1
⊢ False
D:\Users\Utilisateur\Desktop\Maths\Goldbach_Parity_20261002\round22\role4\concrete_ntt_roots_prepare21\sources\ConcreteNTTRoots22.lean:121:4: error: unsolved goals
case refine_2.inl
hf : 3892314113 - 1 = 2 ^ 27 * 29
hq : Nat.Prime 2
hqd : 2 ∣ 2 ^ 27 * 29
h : 3 ^ ((3892314113 - 1) / 2) = 1
hv : ZMod.val 3892314112 = 1
⊢ False
D:\Users\Utilisateur\Desktop\Maths\Goldbach_Parity_20261002\round22\role4\concrete_ntt_roots_prepare21\sources\ConcreteNTTRoots22.lean:125:4: error: unsolved goals
case refine_2.inr
hf : 3892314113 - 1 = 2 ^ 27 * 29
hq : Nat.Prime 29
hqd : 29 ∣ 2 ^ 27 * 29
h : 3 ^ ((3892314113 - 1) / 29) = 1
hv : ZMod.val 2369239060 = 1
⊢ False
D:\Users\Utilisateur\Desktop\Maths\Goldbach_Parity_20261002\round22\role4\concrete_ntt_roots_prepare21\sources\ConcreteNTTRoots22.lean:137:2: error: unsolved goals
case hhalf
hc : (2013265921 - 1) / 2 ^ 27 = 15
h : (↑31 ^ 15) ^ 2 ^ 26 = 1
hv : ZMod.val 2013265920 = 1
⊢ False
D:\Users\Utilisateur\Desktop\Maths\Goldbach_Parity_20261002\round22\role4\concrete_ntt_roots_prepare21\sources\ConcreteNTTRoots22.lean:149:2: error: unsolved goals
case hhalf
hc : (2281701377 - 1) / 2 ^ 27 = 17
h : (↑3 ^ 17) ^ 2 ^ 26 = 1
hv : ZMod.val 2281701376 = 1
⊢ False
D:\Users\Utilisateur\Desktop\Maths\Goldbach_Parity_20261002\round22\role4\concrete_ntt_roots_prepare21\sources\ConcreteNTTRoots22.lean:161:2: error: unsolved goals
case hhalf
hc : (3221225473 - 1) / 2 ^ 27 = 24
h : (↑5 ^ 24) ^ 2 ^ 26 = 1
hv : ZMod.val 3221225472 = 1
⊢ False
D:\Users\Utilisateur\Desktop\Maths\Goldbach_Parity_20261002\round22\role4\concrete_ntt_roots_prepare21\sources\ConcreteNTTRoots22.lean:173:2: error: unsolved goals
case hhalf
hc : (3489660929 - 1) / 2 ^ 27 = 26
h : (↑3 ^ 26) ^ 2 ^ 26 = 1
hv : ZMod.val 3489660928 = 1
⊢ False
D:\Users\Utilisateur\Desktop\Maths\Goldbach_Parity_20261002\round22\role4\concrete_ntt_roots_prepare21\sources\ConcreteNTTRoots22.lean:185:2: error: unsolved goals
case hhalf
hc : (3892314113 - 1) / 2 ^ 27 = 29
h : (↑3 ^ 29) ^ 2 ^ 26 = 1
hv : ZMod.val 3892314112 = 1
⊢ False
'GoldbachConcreteNTTRoots22.bankRoot' depends on axioms: [propext, Quot.sound]
'GoldbachConcreteNTTRoots22.primitive_of_whole_and_half' depends on axioms: [propext, Classical.choice, Quot.sound]
'GoldbachConcreteNTTRoots22.prime_divisor_two_power_mul_prime' depends on axioms: [propext,
 Classical.choice,
 Quot.sound]
'GoldbachConcreteNTTRoots22.prime_2013265921' depends on axioms: [propext, sorryAx, Classical.choice, Quot.sound]
'GoldbachConcreteNTTRoots22.prime_2281701377' depends on axioms: [propext, sorryAx, Classical.choice, Quot.sound]
'GoldbachConcreteNTTRoots22.prime_3221225473' depends on axioms: [propext, sorryAx, Classical.choice, Quot.sound]
'GoldbachConcreteNTTRoots22.prime_3489660929' depends on axioms: [propext, sorryAx, Classical.choice, Quot.sound]
'GoldbachConcreteNTTRoots22.prime_3892314113' depends on axioms: [propext, sorryAx, Classical.choice, Quot.sound]
'GoldbachConcreteNTTRoots22.primitive_2013265921' depends on axioms: [propext, sorryAx, Classical.choice, Quot.sound]
'GoldbachConcreteNTTRoots22.primitive_2281701377' depends on axioms: [propext, sorryAx, Classical.choice, Quot.sound]
'GoldbachConcreteNTTRoots22.primitive_3221225473' depends on axioms: [propext, sorryAx, Classical.choice, Quot.sound]
'GoldbachConcreteNTTRoots22.primitive_3489660929' depends on axioms: [propext, sorryAx, Classical.choice, Quot.sound]
'GoldbachConcreteNTTRoots22.primitive_3892314113' depends on axioms: [propext, sorryAx, Classical.choice, Quot.sound]
'GoldbachConcreteNTTRoots22.size_2013265921' depends on axioms: [propext, Classical.choice, Quot.sound]
'GoldbachConcreteNTTRoots22.size_2281701377' depends on axioms: [propext, Classical.choice, Quot.sound]
'GoldbachConcreteNTTRoots22.size_3221225473' depends on axioms: [propext, Classical.choice, Quot.sound]
'GoldbachConcreteNTTRoots22.size_3489660929' depends on axioms: [propext, Classical.choice, Quot.sound]
'GoldbachConcreteNTTRoots22.size_3892314113' depends on axioms: [propext, Classical.choice, Quot.sound]
