'GoldbachResearch.ActualArithmetic.actualModuli_membership' depends on axioms: [propext, Classical.choice, Quot.sound]
'GoldbachResearch.ActualArithmetic.actual_modulus_positive' depends on axioms: [propext, Classical.choice, Quot.sound]
'GoldbachResearch.ActualArithmetic.actual_modulus_mu_sq_eq_one' depends on axioms: [propext,
 Classical.choice,
 Quot.sound]
'GoldbachResearch.ActualArithmetic.actualRow_zero_at_zero' depends on axioms: [propext, Classical.choice, Quot.sound]
'GoldbachResearch.ActualArithmetic.actualRow_zero_outside_target' depends on axioms: [propext,
 Classical.choice,
 Quot.sound]
'GoldbachResearch.ActualArithmetic.actualRow_zero_outside_moving_interval' depends on axioms: [propext,
 Classical.choice,
 Quot.sound]
'GoldbachResearch.ActualArithmetic.actualRow_nonzero_support' depends on axioms: [propext, Classical.choice, Quot.sound]
'GoldbachResearch.ActualArithmetic.actualRow_zero_at_moving_endpoint' depends on axioms: [propext,
 Classical.choice,
 Quot.sound]
'GoldbachResearch.ActualArithmetic.actualVariance_eq_variance' depends on axioms: [propext,
 Classical.choice,
 Quot.sound]
'GoldbachResearch.ActualArithmetic.actualSignedError_sq_le_variance' depends on axioms: [propext,
 Classical.choice,
 Quot.sound]
'GoldbachResearch.ActualArithmetic.actualVariance_eq_diagonal_add_offDiagonal' depends on axioms: [propext,
 Classical.choice,
 Quot.sound]
'GoldbachResearch.ActualArithmetic.actualVariance_eq_kernel' depends on axioms: [propext, Classical.choice, Quot.sound]
'GoldbachResearch.ActualArithmetic.actualVariance_nonneg' depends on axioms: [propext, Classical.choice, Quot.sound]
'GoldbachResearch.ActualArithmetic.actualDiagonal_nonneg' depends on axioms: [propext, Classical.choice, Quot.sound]
'GoldbachResearch.ActualArithmetic.actualSignedError_sq_le_diagonal_off_budget' depends on axioms: [propext,
 Classical.choice,
 Quot.sound]
