{
  "status": "PASS_FINITE_IDENTITIES_ONLY",
  "observed_signs": {
    "rough_prime_bulk": {
      "W_kernel": "NEGATIVE",
      "C": "NEGATIVE"
    },
    "rough_semiprime_bulk": {
      "W_kernel": "NEGATIVE",
      "C": "NEGATIVE"
    },
    "small3_two_large_bulk": {
      "W_kernel": "NEGATIVE",
      "C": "POSITIVE"
    },
    "one_large_small_prime": {
      "W_kernel": "NEGATIVE",
      "C": "NEGATIVE"
    },
    "one_large_small_squarefree_plus": {
      "W_kernel": "NEGATIVE",
      "C": "POSITIVE"
    },
    "one_large_small_squarefree_minus": {
      "W_kernel": "NEGATIVE",
      "C": "NEGATIVE"
    },
    "one_large_small_nonsquarefree": {
      "W_kernel": "NEGATIVE",
      "C": "ZERO"
    },
    "nonsquarefree_bulk": {
      "W_kernel": "NEGATIVE",
      "C": "ZERO"
    },
    "one_large_incomplete_small_fibre": {
      "W_kernel": "NEGATIVE",
      "C": "POSITIVE"
    },
    "all_small_bulk": {
      "W_kernel": "NEGATIVE",
      "C": "POSITIVE"
    },
    "small_p_extrapolation": {
      "W_kernel": "ZERO",
      "C": "ZERO"
    }
  },
  "output": "D:\\Users\\Utilisateur\\Desktop\\Maths\\Goldbach_Parity_20261002\\round10\\judge\\numerical\\paired_cofactors.json",
  "conservation": "PRESERVED"
}
