{
  "rough_prime_bulk": {
    "m": 1000037,
    "n": 98999963,
    "m_factors": [
      [
        1000037,
        1
      ]
    ],
    "n_factors": [
      [
        98999963,
        1
      ]
    ],
    "mu_m": -1,
    "attempted": 19,
    "parameters": {
      "p": 1000037,
      "domain": "odd p in [1000001,1099999]"
    }
  },
  "rough_semiprime_bulk": {
    "m": 10036223,
    "n": 89963777,
    "m_factors": [
      [
        3167,
        1
      ],
      [
        3169,
        1
      ]
    ],
    "n_factors": [
      [
        89963777,
        1
      ]
    ],
    "mu_m": 1,
    "attempted": 1,
    "parameters": {
      "c": 1,
      "p": 3167,
      "q": 3169,
      "domain": "q prime in (3167,10000]"
    }
  },
  "small3_two_large_bulk": {
    "m": 30108669,
    "n": 69891331,
    "m_factors": [
      [
        3,
        1
      ],
      [
        3167,
        1
      ],
      [
        3169,
        1
      ]
    ],
    "n_factors": [
      [
        69891331,
        1
      ]
    ],
    "mu_m": -1,
    "attempted": 1,
    "parameters": {
      "c": 3,
      "p": 3167,
      "q": 3169,
      "domain": "q prime in (3167,10000]"
    }
  },
  "one_large_small_prime": {
    "m": 22169,
    "n": 99977831,
    "m_factors": [
      [
        7,
        1
      ],
      [
        3167,
        1
      ]
    ],
    "n_factors": [
      [
        99977831,
        1
      ]
    ],
    "mu_m": 1,
    "attempted": 1,
    "parameters": {
      "c": 7,
      "p": 3167,
      "domain": "p prime in (3163,10000]"
    }
  },
  "one_large_small_squarefree_plus": {
    "m": 66549,
    "n": 99933451,
    "m_factors": [
      [
        3,
        1
      ],
      [
        7,
        1
      ],
      [
        3169,
        1
      ]
    ],
    "n_factors": [
      [
        99933451,
        1
      ]
    ],
    "mu_m": -1,
    "attempted": 2,
    "parameters": {
      "c": 21,
      "p": 3169,
      "domain": "p prime in (3163,10000]"
    }
  },
  "one_large_small_squarefree_minus": {
    "m": 737121,
    "n": 99262879,
    "m_factors": [
      [
        3,
        1
      ],
      [
        7,
        1
      ],
      [
        11,
        1
      ],
      [
        3191,
        1
      ]
    ],
    "n_factors": [
      [
        99262879,
        1
      ]
    ],
    "mu_m": 1,
    "attempted": 5,
    "parameters": {
      "c": 231,
      "p": 3191,
      "domain": "p prime in (3163,10000]"
    }
  },
  "one_large_small_nonsquarefree": {
    "m": 28629,
    "n": 99971371,
    "m_factors": [
      [
        3,
        2
      ],
      [
        3181,
        1
      ]
    ],
    "n_factors": [
      [
        99971371,
        1
      ]
    ],
    "mu_m": 0,
    "attempted": 3,
    "parameters": {
      "c": 9,
      "p": 3181,
      "domain": "p prime in (3163,10000]"
    }
  },
  "nonsquarefree_bulk": {
    "m": 30089667,
    "n": 69910333,
    "m_factors": [
      [
        3,
        1
      ],
      [
        3167,
        2
      ]
    ],
    "n_factors": [
      [
        69910333,
        1
      ]
    ],
    "mu_m": 0,
    "attempted": 1,
    "parameters": {
      "c": 3,
      "p": 3167,
      "domain": "p prime in (3163,10000], m=3*p^2"
    }
  },
  "excluded_square_bulk_search": {
    "status": "STRUCTURAL_WITNESS_EXCLUSION",
    "domain": "m=p^2, p prime>3163, n=N-m>Q",
    "reason": "N mod3=1 and p!=3 imply n mod3=0; n>Q>3 cannot be prime"
  },
  "one_large_incomplete_small_fibre": {
    "m": 10526181,
    "n": 89473819,
    "m_factors": [
      [
        3,
        1
      ],
      [
        1061,
        1
      ],
      [
        3307,
        1
      ]
    ],
    "n_factors": [
      [
        89473819,
        1
      ]
    ],
    "mu_m": -1,
    "attempted": 18,
    "parameters": {
      "c": 3183,
      "p": 3307,
      "domain": "p prime in (3163,10000], c=3*1061>a"
    }
  },
  "all_small_bulk": {
    "m": 1174173,
    "n": 98825827,
    "m_factors": [
      [
        3,
        1
      ],
      [
        7,
        1
      ],
      [
        11,
        1
      ],
      [
        13,
        1
      ],
      [
        17,
        1
      ],
      [
        23,
        1
      ]
    ],
    "n_factors": [
      [
        98825827,
        1
      ]
    ],
    "mu_m": 1,
    "attempted": 1,
    "parameters": {
      "c": 51051,
      "p": 23,
      "domain": "p prime in [23,3163], m=3*7*11*13*17*p<N-Q"
    }
  },
  "small_p_extrapolation": {
    "m": 69,
    "n": 99999931,
    "m_factors": [
      [
        3,
        1
      ],
      [
        23,
        1
      ]
    ],
    "n_factors": [
      [
        99999931,
        1
      ]
    ],
    "mu_m": 1,
    "attempted": 6,
    "parameters": {
      "p": 3,
      "c": 23,
      "domain": "c prime <=3163, unit to N, c!=3"
    }
  }
}
