D:\Users\Utilisateur\Desktop\Maths\Goldbach_Parity_20261002\round22\judge5\batch01_sources\EpsteinKernel22.lean:92:35: warning: Used `tac1 <;> tac2` where `(tac1; tac2)` would suffice
note: this linter can be disabled with `set_option linter.unnecessarySeqFocus false`
D:\Users\Utilisateur\Desktop\Maths\Goldbach_Parity_20261002\round22\judge5\batch01_sources\EpsteinKernel22.lean:115:26: warning: 'ring' tactic does nothing
note: this linter can be disabled with `set_option linter.unusedTactic false`
D:\Users\Utilisateur\Desktop\Maths\Goldbach_Parity_20261002\round22\judge5\batch01_sources\EpsteinKernel22.lean:115:26: warning: this tactic is never executed
note: this linter can be disabled with `set_option linter.unreachableTactic false`
D:\Users\Utilisateur\Desktop\Maths\Goldbach_Parity_20261002\round22\judge5\batch01_sources\EpsteinKernel22.lean:132:32: warning: 'ring' tactic does nothing
note: this linter can be disabled with `set_option linter.unusedTactic false`
D:\Users\Utilisateur\Desktop\Maths\Goldbach_Parity_20261002\round22\judge5\batch01_sources\EpsteinKernel22.lean:132:32: warning: this tactic is never executed
note: this linter can be disabled with `set_option linter.unreachableTactic false`
D:\Users\Utilisateur\Desktop\Maths\Goldbach_Parity_20261002\round22\judge5\batch01_sources\EpsteinKernel22.lean:185:48: warning: unused variable `hu`
note: this linter can be disabled with `set_option linter.unusedVariables false`
D:\Users\Utilisateur\Desktop\Maths\Goldbach_Parity_20261002\round22\judge5\batch01_sources\EpsteinKernel22.lean:202:22: warning: Used `tac1 <;> tac2` where `(tac1; tac2)` would suffice
note: this linter can be disabled with `set_option linter.unnecessarySeqFocus false`
'Epstein22.radicand' depends on axioms: [propext, Classical.choice, Quot.sound]
'Epstein22.kernel' depends on axioms: [propext, Classical.choice, Quot.sound]
'Epstein22.boundary' depends on axioms: [propext, Classical.choice, Quot.sound]
'Epstein22.primitive' depends on axioms: [propext, Classical.choice, Quot.sound]
'Epstein22.weight' depends on axioms: [propext, Classical.choice, Quot.sound]
'Epstein22.radicand_pos' depends on axioms: [propext, Classical.choice, Quot.sound]
'Epstein22.root_pos' depends on axioms: [propext, Classical.choice, Quot.sound]
'Epstein22.root_sq' depends on axioms: [propext, Classical.choice, Quot.sound]
'Epstein22.kernel_pos' depends on axioms: [propext, Classical.choice, Quot.sound]
'Epstein22.kernel_nonneg' depends on axioms: [propext, Classical.choice, Quot.sound]
'Epstein22.kernel_even' depends on axioms: [propext, Classical.choice, Quot.sound]
'Epstein22.boundary_odd' depends on axioms: [propext, Classical.choice, Quot.sound]
'Epstein22.primitive_odd' depends on axioms: [propext, Classical.choice, Quot.sound]
'Epstein22.weight_pos' depends on axioms: [propext, Classical.choice, Quot.sound]
'Epstein22.weight_eq_rpow' depends on axioms: [propext, Classical.choice, Quot.sound]
'Epstein22.kernel_eq_rpow' depends on axioms: [propext, Classical.choice, Quot.sound]
'Epstein22.continuous_kernel' depends on axioms: [propext, Classical.choice, Quot.sound]
'Epstein22.continuous_boundary' depends on axioms: [propext, Classical.choice, Quot.sound]
'Epstein22.continuous_primitive' depends on axioms: [propext, Classical.choice, Quot.sound]
'Epstein22.hasDerivAt_root' depends on axioms: [propext, Classical.choice, Quot.sound]
'Epstein22.hasDerivAt_boundary' depends on axioms: [propext, Classical.choice, Quot.sound]
'Epstein22.hasDerivAt_primitive' depends on axioms: [propext, Classical.choice, Quot.sound]
'Epstein22.intervalIntegrable_kernel' depends on axioms: [propext, Classical.choice, Quot.sound]
'Epstein22.integral_kernel_interval' depends on axioms: [propext, Classical.choice, Quot.sound]
'Epstein22.boundary_normalized' depends on axioms: [propext, Classical.choice, Quot.sound]
'Epstein22.tendsto_boundary_atTop' depends on axioms: [propext, Classical.choice, Quot.sound]
'Epstein22.tendsto_primitive_atTop' depends on axioms: [propext, Classical.choice, Quot.sound]
'Epstein22.tendsto_primitive_atBot' depends on axioms: [propext, Classical.choice, Quot.sound]
'Epstein22.integrable_kernel' depends on axioms: [propext, Classical.choice, Quot.sound]
'Epstein22.integral_kernel' depends on axioms: [propext, Classical.choice, Quot.sound]
'Epstein22.boundary_le_one' depends on axioms: [propext, Classical.choice, Quot.sound]
'Epstein22.boundary_deficit' depends on axioms: [propext, Classical.choice, Quot.sound]
'Epstein22.boundary_deficit_bounds' depends on axioms: [propext, Classical.choice, Quot.sound]
