D:\Users\Utilisateur\Desktop\Maths\Goldbach_Parity_20261002\round20\role4\FriableDemandAggregation.lean:27:23: error: application type mismatch
  Set.InjOn Prod.snd (filter (fun v => v.1 = e) (friableDemandDomain alpha N Z M Y))
argument
  filter (fun v => v.1 = e) (friableDemandDomain alpha N Z M Y)
has type
  Finset (ℕ × ℕ) : Type
but is expected to have type
  Set (?m.2683 × ?m.2684) : Type
D:\Users\Utilisateur\Desktop\Maths\Goldbach_Parity_20261002\round20\role4\FriableDemandAggregation.lean:36:24: error: unknown identifier 'friableRank_snd_injective'
Try this: ring_nf
D:\Users\Utilisateur\Desktop\Maths\Goldbach_Parity_20261002\round20\role4\FriableDemandAggregation.lean:85:73: error: unsolved goals
alpha a N Z M D Y : ℕ
hM : 0 < M
hD : 1 < D
hDM : D ≤ M
hY : 0 < Y
halpha : 0 < alpha
haa : alpha ≤ a
hEa : N / M ≤ a
haM : a < M
hu : 1 ≤ Real.log ↑N
F : Finset (ℕ × ℕ) := friableDemandDomain alpha N Z M Y
E : ℕ := N / M
hmap : ∀ v ∈ F, v.1 ∈ Icc 1 E
hsplit :
  friableThetaDemand alpha a N Z M Y = ∑ e ∈ Icc 1 E, ∑ q ∈ friableRank alpha N Z M Y e, |thetaBracket alpha a N e q|
hpoint :
  ∀ e ∈ Icc 1 E,
    ∑ q ∈ friableRank alpha N Z M Y e, |thetaBracket alpha a N e q| ≤
      14 * Real.log ↑N ^ 3 * (↑N / ↑e * ∑ d ∈ divisorBand D Y, (↑d)⁻¹ + ↑(#(divisorBand D Y)))
e : ℕ
he : e ∈ Icc 1 E
⊢ ∑ x ∈ divisorBand D Y, ↑N * (↑e)⁻¹ * (↑x)⁻¹ = (↑e)⁻¹ * ∑ i ∈ divisorBand D Y, ↑N * (↑i)⁻¹
D:\Users\Utilisateur\Desktop\Maths\Goldbach_Parity_20261002\round20\role4\FriableDemandAggregation.lean:134:13: error: don't know how to synthesize implicit argument 'Z'
  @actual_friable_demand_payment_mass alpha a N ?m.86538 M D Y hM hD hDM hYpos halpha haa hEa haM hu
context:
alpha a N Z M D Y : ℕ
hM : 0 < M
hD : 1 < D
hDM : D ≤ M
hYpos : 0 < Y
halpha : 0 < alpha
haa : alpha ≤ a
hEa : N / M ≤ a
haM : a < M
hu : 1 ≤ Real.log ↑N
hY : 4 ≤ Real.log ↑Y
hYu : 1 + Real.log ↑Y ≤ Real.log ↑N
hDlog : Real.log ↑N / 2 ≤ Real.log ↑D
hscale : 128 * Real.log (Real.log ↑N) * Real.log ↑Y ≤ Real.log ↑N
hu0 : 0 < Real.log ↑N
hmass : ∑ d ∈ divisorBand D Y, (↑d)⁻¹ ≤ Real.log ↑N ^ (-37)
htail : 0 ≤ ↑N * ↑(harmonic (N / M)) + ↑(N / M) * (↑D * ↑Y)
⊢ ℕ
D:\Users\Utilisateur\Desktop\Maths\Goldbach_Parity_20261002\round20\role4\FriableDemandAggregation.lean:134:7: error: failed to infer 'have' declaration type
D:\Users\Utilisateur\Desktop\Maths\Goldbach_Parity_20261002\round20\role4\FriableDemandAggregation.lean:125:48: error: unsolved goals
alpha a N Z M D Y : ℕ
hM : 0 < M
hD : 1 < D
hDM : D ≤ M
hYpos : 0 < Y
halpha : 0 < alpha
haa : alpha ≤ a
hEa : N / M ≤ a
haM : a < M
hu : 1 ≤ Real.log ↑N
hY : 4 ≤ Real.log ↑Y
hYu : 1 + Real.log ↑Y ≤ Real.log ↑N
hDlog : Real.log ↑N / 2 ≤ Real.log ↑D
hscale : 128 * Real.log (Real.log ↑N) * Real.log ↑Y ≤ Real.log ↑N
hu0 : 0 < Real.log ↑N
hmass : ∑ d ∈ divisorBand D Y, (↑d)⁻¹ ≤ Real.log ↑N ^ (-37)
htail : 0 ≤ ↑N * ↑(harmonic (N / M)) + ↑(N / M) * (↑D * ↑Y)
⊢ friableThetaDemand alpha a N Z M Y ≤ 14 * Real.log ↑N ^ (-34) * (↑N * ↑(harmonic (N / M)) + ↑(N / M) * (↑D * ↑Y))
'GoldbachRound20.Friable.friableDemandDomain' depends on axioms: [propext, Classical.choice, Quot.sound]
'GoldbachRound20.Friable.friableRank' depends on axioms: [propext, Classical.choice, Quot.sound]
'GoldbachRound20.Friable.friableRank_support' depends on axioms: [propext, Classical.choice, Quot.sound]
D:\Users\Utilisateur\Desktop\Maths\Goldbach_Parity_20261002\round20\role4\FriableDemandAggregation.lean:154:14: error: unknown constant 'friableRank_snd_injective'
'GoldbachRound20.Friable.actual_friable_theta_fiber_sum' depends on axioms: [propext,
 sorryAx,
 Classical.choice,
 Quot.sound]
'GoldbachRound20.Friable.friableThetaDemand' depends on axioms: [propext, Classical.choice, Quot.sound]
'GoldbachRound20.Friable.actual_friable_demand_payment_mass' depends on axioms: [propext,
 sorryAx,
 Classical.choice,
 Quot.sound]
'GoldbachRound20.Friable.actual_friable_demand_payment_local' depends on axioms: [propext,
 sorryAx,
 Classical.choice,
 Quot.sound]
