D:\Users\Utilisateur\Desktop\Maths\Goldbach_Parity_20261002\round20\role4\FriablePhysicalPayment.lean:13:5: warning: unused variable `hd`
note: this linter can be disabled with `set_option linter.unusedVariables false`
D:\Users\Utilisateur\Desktop\Maths\Goldbach_Parity_20261002\round20\role4\FriablePhysicalPayment.lean:162:13: error: unsolved goals
S : Finset ℕ
alpha N Z M e D Y : ℕ
he : 0 < e
hD : 1 < D
hDM : D ≤ M
hY : 0 < Y
hH : ∀ q ∈ S, StructuralSupport alpha N Z M e q
hF : ∀ q ∈ S, Smooth Y (resource0 N q) ∨ Smooth Y (resource1 N q)
C0 : ℕ → Finset ℕ := fun d => filter (fun q => d ∣ resource0 N q) S
C1 : ℕ → Finset ℕ := fun d => filter (fun q => d ∣ resource1 N q) S
hcover : S ⊆ (divisorBand D Y).biUnion fun d => C0 d ∪ C1 d
hcard : #S ≤ ∑ d ∈ divisorBand D Y, (#(C0 d) + #(C1 d))
hcardR : ↑(#S) ≤ ∑ d ∈ divisorBand D Y, (↑(#(C0 d)) + ↑(#(C1 d)))
⊢ ∑ x ∈ divisorBand D Y, (↑N * ((↑e)⁻¹ * (↑x)⁻¹) + 1) * 2 =
    ∑ x ∈ divisorBand D Y, ↑N * ((↑e)⁻¹ * ((↑x)⁻¹ * 2)) + 2 * ↑(#(divisorBand D Y))
'GoldbachRound20.Friable.friableLabels1' depends on axioms: [propext, Classical.choice, Quot.sound]
'GoldbachRound20.Friable.finite_interval_congruence_card_le' depends on axioms: [propext, Classical.choice, Quot.sound]
'GoldbachRound20.Friable.finite_interval_congruence_card_le_real' depends on axioms: [propext,
 Classical.choice,
 Quot.sound]
'GoldbachRound20.Friable.structural_q_interval' depends on axioms: [propext, Classical.choice, Quot.sound]
'GoldbachRound20.Friable.actual_resource1_incidence_card_le' depends on axioms: [propext, Classical.choice, Quot.sound]
'GoldbachRound20.Friable.actual_resource0_incidence_card_le' depends on axioms: [propext, Classical.choice, Quot.sound]
'GoldbachRound20.Friable.actual_front_le_N_div_e_d' depends on axioms: [propext, Classical.choice, Quot.sound]
'GoldbachRound20.Friable.actual_resource1_incidence_card_le_N' depends on axioms: [propext,
 Classical.choice,
 Quot.sound]
'GoldbachRound20.Friable.actual_resource0_incidence_card_le_N' depends on axioms: [propext,
 Classical.choice,
 Quot.sound]
'GoldbachRound20.Friable.actual_friable_union_card_le_mass' depends on axioms: [propext,
 sorryAx,
 Classical.choice,
 Quot.sound]
'GoldbachRound20.Friable.friableQ1' depends on axioms: [propext, Classical.choice, Quot.sound]
'GoldbachRound20.Friable.uniqueResources1' depends on axioms: [propext, Classical.choice, Quot.sound]
'GoldbachRound20.Friable.friableQ1_witness' depends on axioms: [propext, Classical.choice, Quot.sound]
'GoldbachRound20.Friable.friableQ1_resource_injective' depends on axioms: [propext, Classical.choice, Quot.sound]
'GoldbachRound20.Friable.uniqueResources1_subset_smoothInterval' depends on axioms: [propext,
 Classical.choice,
 Quot.sound]
'GoldbachRound20.Friable.actual_unique_F1_tau_sum_le' depends on axioms: [propext, Classical.choice, Quot.sound]
'GoldbachRound20.Friable.actual_unique_F1_tau_sum_le_N_u_neg42' depends on axioms: [propext,
 Classical.choice,
 Quot.sound]
'GoldbachRound20.Friable.actual_physicalDivisorKernel_abs_bound' depends on axioms: [propext,
 Classical.choice,
 Quot.sound]
'GoldbachRound20.Friable.primeIncidence_abs_le_one' depends on axioms: [propext, Classical.choice, Quot.sound]
'GoldbachRound20.Friable.theta_abs_le_log' depends on axioms: [propext, Classical.choice, Quot.sound]
'GoldbachRound20.Friable.rawLambda_abs_le_log' depends on axioms: [propext, Classical.choice, Quot.sound]
'GoldbachRound20.Friable.actual_sourceBracket_abs_tau_envelope' depends on axioms: [propext,
 Classical.choice,
 Quot.sound]
'GoldbachRound20.Friable.tau_one_le' depends on axioms: [propext, Classical.choice, Quot.sound]
'GoldbachRound20.Friable.actual_sourceBracket_abs_le_seven_tau' depends on axioms: [propext,
 Classical.choice,
 Quot.sound]
'GoldbachRound20.Friable.uniqueReciprocalCost1' depends on axioms: [propext, Classical.choice, Quot.sound]
'GoldbachRound20.Friable.actual_unique_F1_reciprocal_cost_le' depends on axioms: [propext, Classical.choice, Quot.sound]
'GoldbachRound20.Friable.actual_unique_F1_reciprocal_payment' depends on axioms: [propext, Classical.choice, Quot.sound]
