D:\Users\Utilisateur\Desktop\Maths\Goldbach_Parity_20261002\round20\role4\FriablePhysicalPrefix.lean:40:2: error: omega could not prove the goal:
a possible counterexample may satisfy the constraints
  d ≥ 0
  b ≥ 0
  b - d ≥ 0
  a ≥ 0
  a - b - c ≥ 1
  a - d ≤ -1
where
 a := ↑(resource0 N q)
 b := ↑q
 c := ↑(N - 1) / ↑alpha
 d := ↑M
D:\Users\Utilisateur\Desktop\Maths\Goldbach_Parity_20261002\round20\role4\FriablePhysicalPrefix.lean:46:2: error: omega could not prove the goal:
a possible counterexample may satisfy the constraints
  d ≥ 0
  b ≥ 0
  b - d ≥ 0
  a ≥ 0
  a - 3*b - c ≥ 1
  a - d ≤ -1
where
 a := ↑(resource1 N q)
 b := ↑q
 c := ↑(N - 1) / ↑alpha
 d := ↑M
'GoldbachRound20.Friable.Smooth' depends on axioms: [propext, Classical.choice, Quot.sound]
'GoldbachRound20.Friable.resource0_ge_q_add_front' depends on axioms: [propext, Classical.choice, Quot.sound]
'GoldbachRound20.Friable.resource1_ge_three_q_add_front' depends on axioms: [propext, Classical.choice, Quot.sound]
'GoldbachRound20.Friable.resource0_ge_M_of_actual_cap' depends on axioms: [propext,
 sorryAx,
 Classical.choice,
 Quot.sound]
'GoldbachRound20.Friable.resource1_ge_M_of_actual_cap' depends on axioms: [propext,
 sorryAx,
 Classical.choice,
 Quot.sound]
'GoldbachRound20.Friable.bounded_list_prefix' depends on axioms: [propext, Classical.choice, Quot.sound]
'GoldbachRound20.Friable.primeFactorsList_prefix_divisor' depends on axioms: [propext, Classical.choice, Quot.sound]
'GoldbachRound20.Friable.divisorBand' depends on axioms: [propext, Classical.choice, Quot.sound]
'GoldbachRound20.Friable.smooth_large_has_actual_band_divisor' depends on axioms: [propext,
 Classical.choice,
 Quot.sound]
'GoldbachRound20.Friable.actual_friable_resource0_cover' depends on axioms: [propext,
 sorryAx,
 Classical.choice,
 Quot.sound]
'GoldbachRound20.Friable.actual_friable_resource1_cover' depends on axioms: [propext,
 sorryAx,
 Classical.choice,
 Quot.sound]
'GoldbachRound20.Friable.resource1_divisor_class' depends on axioms: [propext, Classical.choice, Quot.sound]
'GoldbachRound20.Friable.resource0_divisor_class' depends on axioms: [propext, Classical.choice, Quot.sound]
'GoldbachRound20.Friable.resource0_anchor_nonunit_impossible' depends on axioms: [propext, Classical.choice, Quot.sound]
'GoldbachRound20.Friable.resource1_N_nonunit_impossible' depends on axioms: [propext, Classical.choice, Quot.sound]
'GoldbachRound20.Friable.resource0_N_nonunit_impossible' depends on axioms: [propext, Classical.choice, Quot.sound]
