D:\Users\Utilisateur\Desktop\Maths\Goldbach_Parity_20261002\round20\role4\FriableKernelEnvelope.lean:47:32: error: unsolved goals
a e q : ℕ
he : 1 < e
hea : e ≤ a
hse : Squarefree e
hq : Nat.Prime q
haq : a < q
hc : e.Coprime q
hsf : Squarefree (e * q)
hm : mu (e * q) = -mu e
⊢ Nat.Prime q → ¬e = 1
D:\Users\Utilisateur\Desktop\Maths\Goldbach_Parity_20261002\round20\role4\FriableKernelEnvelope.lean:68:4: error: omega could not prove the goal:
a possible counterexample may satisfy the constraints
  j ≥ 0
  i ≥ 1
  i - j ≥ 0
  i - j + k ≤ -1
  g ≥ 3
  f ≥ 0
  d ≥ 2
  d - g ≥ 1
  c ≥ 0
  c - d ≥ 0
  c - f ≤ -1
  b ≥ 1
  b - c ≤ 0
where
 b := ↑alpha
 c := ↑a
 d := ↑e
 f := ↑q
 g := ↑(anchor N)
 i := ↑e * ↑q
 j := ↑N
 k := ↑(N - 1) / ↑alpha
'GoldbachRound20.Friable.short_filter_one_prime' depends on axioms: [propext, Classical.choice, Quot.sound]
'GoldbachRound20.Friable.complete_short_one_prime' depends on axioms: [propext, Classical.choice, Quot.sound]
'GoldbachRound20.Friable.one_prime_cofactor_arithmetic' depends on axioms: [propext,
 sorryAx,
 Classical.choice,
 Quot.sound]
'GoldbachRound20.Friable.physical_coefficient_cofactor' depends on axioms: [propext,
 sorryAx,
 Classical.choice,
 Quot.sound]
'GoldbachRound20.Friable.actual_theta_cofactor' depends on axioms: [propext, sorryAx, Classical.choice, Quot.sound]
'GoldbachRound20.Friable.actual_raw_cofactor' depends on axioms: [propext, sorryAx, Classical.choice, Quot.sound]
'GoldbachRound20.Friable.mu_abs_le_one' depends on axioms: [propext, Classical.choice, Quot.sound]
'GoldbachRound20.Friable.log_ratio_abs_le_log' depends on axioms: [propext, Classical.choice, Quot.sound]
'GoldbachRound20.Friable.totientInverseSum' depends on axioms: [propext, Classical.choice, Quot.sound]
'GoldbachRound20.Friable.TotientSumBound' depends on axioms: [propext, Classical.choice, Quot.sound]
'GoldbachRound20.Friable.actual_harmonicKernel_abs_bound' depends on axioms: [propext, Classical.choice, Quot.sound]
'GoldbachRound20.Friable.totientInverseSum_mono' depends on axioms: [propext, Classical.choice, Quot.sound]
'GoldbachRound20.Friable.actual_harmonicKernel_abs_of_TotientSumBound' depends on axioms: [propext,
 Classical.choice,
 Quot.sound]
