D:\Users\Utilisateur\Desktop\Maths\Goldbach_Parity_20261002\round20\role4\FriableSourceBudget.lean:40:12: warning: Used `tac1 <;> tac2` where `(tac1; tac2)` would suffice
note: this linter can be disabled with `set_option linter.unnecessarySeqFocus false`
'GoldbachRound20.Friable.SourceGeometry.sourceFriableAbsoluteCost' depends on axioms: [propext,
 Classical.choice,
 Quot.sound]
'GoldbachRound20.Friable.SourceGeometry.source_onset_u_twenty_eight' depends on axioms: [propext,
 Classical.choice,
 Quot.sound]
'GoldbachRound20.Friable.SourceGeometry.base_le_nat_pow' depends on axioms: [propext, Classical.choice, Quot.sound]
'GoldbachRound20.Friable.SourceGeometry.source_rank_front_le_two_N' depends on axioms: [propext,
 Classical.choice,
 Quot.sound]
'GoldbachRound20.Friable.SourceGeometry.actual_source_friable_demand_le_eight' depends on axioms: [propext,
 Classical.choice,
 Quot.sound]
'GoldbachRound20.Friable.SourceGeometry.actual_source_unique_F1_reciprocal_le_one' depends on axioms: [propext,
 Classical.choice,
 Quot.sound]
'GoldbachRound20.Friable.SourceGeometry.actual_source_absolute_cost_le_nine' depends on axioms: [propext,
 Classical.choice,
 Quot.sound]
'GoldbachRound20.Friable.SourceGeometry.source_loglog_absorption' depends on axioms: [propext,
 Classical.choice,
 Quot.sound]
'GoldbachRound20.Friable.SourceGeometry.actual_source_friable_absolute_cost_budget' depends on axioms: [propext,
 Classical.choice,
 Quot.sound]
